Archive member included to satisfy reference by file (symbol)

.\CortexM0\ARM_GCC_541\Debug\SECURITY_MODULE.a(DB_UART.o)
                              .\CortexM0\ARM_GCC_541\Debug\main.o (DB_UART_Start)
.\CortexM0\ARM_GCC_541\Debug\SECURITY_MODULE.a(DB_UART_SPI_UART.o)
                              .\CortexM0\ARM_GCC_541\Debug\usbserialprotocol.o (DB_UART_SpiUartGetRxBufferSize)
.\CortexM0\ARM_GCC_541\Debug\SECURITY_MODULE.a(DB_UART_UART.o)
                              .\CortexM0\ARM_GCC_541\Debug\SECURITY_MODULE.a(DB_UART.o) (DB_UART_UartInit)
.\CortexM0\ARM_GCC_541\Debug\SECURITY_MODULE.a(PIGGY_BANK.o)
                              .\CortexM0\ARM_GCC_541\Debug\main.o (PIGGY_BANK_Start)
.\CortexM0\ARM_GCC_541\Debug\SECURITY_MODULE.a(Reset_isr.o)
                              .\CortexM0\ARM_GCC_541\Debug\main.o (Reset_isr_StartEx)
.\CortexM0\ARM_GCC_541\Debug\SECURITY_MODULE.a(SW1.o)
                              .\CortexM0\ARM_GCC_541\Debug\main.o (SW1_ClearInterrupt)
.\CortexM0\ARM_GCC_541\Debug\SECURITY_MODULE.a(CyFlash.o)
                              .\CortexM0\ARM_GCC_541\Debug\SECURITY_MODULE.a(PIGGY_BANK.o) (CySysFlashWriteRow)
.\CortexM0\ARM_GCC_541\Debug\SECURITY_MODULE.a(CyLib.o)
                              .\CortexM0\ARM_GCC_541\Debug\cyfitter_cfg.o (CyIntEnable)
.\CortexM0\ARM_GCC_541\Debug\SECURITY_MODULE.a(CyLFClk.o)
                              .\CortexM0\ARM_GCC_541\Debug\cyfitter_cfg.o (CySysWdtIsr)
.\CortexM0\ARM_GCC_541\Debug\SECURITY_MODULE.a(CyBootAsmGnu.o)
                              .\CortexM0\ARM_GCC_541\Debug\SECURITY_MODULE.a(CyLib.o) (CyDelayCycles)
.\CortexM0\ARM_GCC_541\Debug\SECURITY_MODULE.a(DB_UART_SPI_UART_INT.o)
                              .\CortexM0\ARM_GCC_541\Debug\SECURITY_MODULE.a(DB_UART_UART.o) (DB_UART_SPI_UART_ISR)
c:/program files (x86)/cypress/psoc creator/4.1/psoc creator/import/gnu/arm/5.4.1/bin/../lib/gcc/arm-none-eabi/5.4.1/armv6-m\libgcc.a(_udivsi3.o)
                              .\CortexM0\ARM_GCC_541\Debug\SECURITY_MODULE.a(CyLib.o) (__aeabi_uidiv)
c:/program files (x86)/cypress/psoc creator/4.1/psoc creator/import/gnu/arm/5.4.1/bin/../lib/gcc/arm-none-eabi/5.4.1/armv6-m\libgcc.a(_dvmd_tls.o)
                              c:/program files (x86)/cypress/psoc creator/4.1/psoc creator/import/gnu/arm/5.4.1/bin/../lib/gcc/arm-none-eabi/5.4.1/armv6-m\libgcc.a(_udivsi3.o) (__aeabi_idiv0)
c:/program files (x86)/cypress/psoc creator/4.1/psoc creator/import/gnu/arm/5.4.1/bin/../lib/gcc/arm-none-eabi/5.4.1/../../../../arm-none-eabi/lib/armv6-m\libg_nano.a(lib_a-errno.o)
                              .\CortexM0\ARM_GCC_541\Debug\Cm0Start.o (__errno)
c:/program files (x86)/cypress/psoc creator/4.1/psoc creator/import/gnu/arm/5.4.1/bin/../lib/gcc/arm-none-eabi/5.4.1/../../../../arm-none-eabi/lib/armv6-m\libg_nano.a(lib_a-exit.o)
                              c:/program files (x86)/cypress/psoc creator/4.1/psoc creator/import/gnu/arm/5.4.1/bin/../lib/gcc/arm-none-eabi/5.4.1/../../../../arm-none-eabi/lib/armv6-m/crt0.o (exit)
c:/program files (x86)/cypress/psoc creator/4.1/psoc creator/import/gnu/arm/5.4.1/bin/../lib/gcc/arm-none-eabi/5.4.1/../../../../arm-none-eabi/lib/armv6-m\libg_nano.a(lib_a-impure.o)
                              c:/program files (x86)/cypress/psoc creator/4.1/psoc creator/import/gnu/arm/5.4.1/bin/../lib/gcc/arm-none-eabi/5.4.1/../../../../arm-none-eabi/lib/armv6-m\libg_nano.a(lib_a-exit.o) (_global_impure_ptr)
c:/program files (x86)/cypress/psoc creator/4.1/psoc creator/import/gnu/arm/5.4.1/bin/../lib/gcc/arm-none-eabi/5.4.1/../../../../arm-none-eabi/lib/armv6-m\libg_nano.a(lib_a-init.o)
                              c:/program files (x86)/cypress/psoc creator/4.1/psoc creator/import/gnu/arm/5.4.1/bin/../lib/gcc/arm-none-eabi/5.4.1/../../../../arm-none-eabi/lib/armv6-m/crt0.o (__libc_init_array)
c:/program files (x86)/cypress/psoc creator/4.1/psoc creator/import/gnu/arm/5.4.1/bin/../lib/gcc/arm-none-eabi/5.4.1/../../../../arm-none-eabi/lib/armv6-m\libg_nano.a(lib_a-memcpy-stub.o)
                              .\CortexM0\ARM_GCC_541\Debug\SECURITY_MODULE.a(CyFlash.o) (memcpy)
c:/program files (x86)/cypress/psoc creator/4.1/psoc creator/import/gnu/arm/5.4.1/bin/../lib/gcc/arm-none-eabi/5.4.1/../../../../arm-none-eabi/lib/armv6-m\libg_nano.a(lib_a-memset.o)
                              c:/program files (x86)/cypress/psoc creator/4.1/psoc creator/import/gnu/arm/5.4.1/bin/../lib/gcc/arm-none-eabi/5.4.1/../../../../arm-none-eabi/lib/armv6-m/crt0.o (memset)
c:/program files (x86)/cypress/psoc creator/4.1/psoc creator/import/gnu/arm/5.4.1/bin/../lib/gcc/arm-none-eabi/5.4.1/../../../../arm-none-eabi/lib/armv6-m\libg_nano.a(lib_a-strcmp.o)
                              .\CortexM0\ARM_GCC_541\Debug\main.o (strcmp)
c:/program files (x86)/cypress/psoc creator/4.1/psoc creator/import/gnu/arm/5.4.1/bin/../lib/gcc/arm-none-eabi/5.4.1/../../../../arm-none-eabi/lib/armv6-m\libg_nano.a(lib_a-strlen.o)
                              .\CortexM0\ARM_GCC_541\Debug\main.o (strlen)

Allocating common symbols
Common symbol       size              file

DB_UART_txBufferTail
                    0x4               .\CortexM0\ARM_GCC_541\Debug\SECURITY_MODULE.a(DB_UART_SPI_UART.o)
DB_UART_rxBufferInternal
                    0x81              .\CortexM0\ARM_GCC_541\Debug\SECURITY_MODULE.a(DB_UART_SPI_UART.o)
DB_UART_rxBufferTail
                    0x4               .\CortexM0\ARM_GCC_541\Debug\SECURITY_MODULE.a(DB_UART_SPI_UART.o)
DB_UART_txBufferHead
                    0x4               .\CortexM0\ARM_GCC_541\Debug\SECURITY_MODULE.a(DB_UART_SPI_UART.o)
DB_UART_rxBufferHead
                    0x4               .\CortexM0\ARM_GCC_541\Debug\SECURITY_MODULE.a(DB_UART_SPI_UART.o)
DB_UART_rxBufferOverflow
                    0x1               .\CortexM0\ARM_GCC_541\Debug\SECURITY_MODULE.a(DB_UART_SPI_UART.o)
DB_UART_txBufferInternal
                    0x80              .\CortexM0\ARM_GCC_541\Debug\SECURITY_MODULE.a(DB_UART_SPI_UART.o)

Discarded input sections

 .text          0x00000000        0x0 c:/program files (x86)/cypress/psoc creator/4.1/psoc creator/import/gnu/arm/5.4.1/bin/../lib/gcc/arm-none-eabi/5.4.1/armv6-m/crti.o
 .data          0x00000000        0x0 c:/program files (x86)/cypress/psoc creator/4.1/psoc creator/import/gnu/arm/5.4.1/bin/../lib/gcc/arm-none-eabi/5.4.1/armv6-m/crti.o
 .bss           0x00000000        0x0 c:/program files (x86)/cypress/psoc creator/4.1/psoc creator/import/gnu/arm/5.4.1/bin/../lib/gcc/arm-none-eabi/5.4.1/armv6-m/crti.o
 .data          0x00000000        0x4 c:/program files (x86)/cypress/psoc creator/4.1/psoc creator/import/gnu/arm/5.4.1/bin/../lib/gcc/arm-none-eabi/5.4.1/armv6-m/crtbegin.o
 .text          0x00000000       0x78 c:/program files (x86)/cypress/psoc creator/4.1/psoc creator/import/gnu/arm/5.4.1/bin/../lib/gcc/arm-none-eabi/5.4.1/../../../../arm-none-eabi/lib/armv6-m/crt0.o
 .data          0x00000000        0x0 c:/program files (x86)/cypress/psoc creator/4.1/psoc creator/import/gnu/arm/5.4.1/bin/../lib/gcc/arm-none-eabi/5.4.1/../../../../arm-none-eabi/lib/armv6-m/crt0.o
 .bss           0x00000000        0x0 c:/program files (x86)/cypress/psoc creator/4.1/psoc creator/import/gnu/arm/5.4.1/bin/../lib/gcc/arm-none-eabi/5.4.1/../../../../arm-none-eabi/lib/armv6-m/crt0.o
 .ARM.extab     0x00000000        0x0 c:/program files (x86)/cypress/psoc creator/4.1/psoc creator/import/gnu/arm/5.4.1/bin/../lib/gcc/arm-none-eabi/5.4.1/../../../../arm-none-eabi/lib/armv6-m/crt0.o
 .ARM.exidx     0x00000000        0x8 c:/program files (x86)/cypress/psoc creator/4.1/psoc creator/import/gnu/arm/5.4.1/bin/../lib/gcc/arm-none-eabi/5.4.1/../../../../arm-none-eabi/lib/armv6-m/crt0.o
 .text          0x00000000        0x0 .\CortexM0\ARM_GCC_541\Debug\main.o
 .data          0x00000000        0x0 .\CortexM0\ARM_GCC_541\Debug\main.o
 .text          0x00000000        0x0 .\CortexM0\ARM_GCC_541\Debug\usbserialprotocol.o
 .data          0x00000000        0x0 .\CortexM0\ARM_GCC_541\Debug\usbserialprotocol.o
 .bss           0x00000000        0x0 .\CortexM0\ARM_GCC_541\Debug\usbserialprotocol.o
 .text          0x00000000        0x0 .\CortexM0\ARM_GCC_541\Debug\cyfitter_cfg.o
 .data          0x00000000        0x0 .\CortexM0\ARM_GCC_541\Debug\cyfitter_cfg.o
 .bss           0x00000000        0x0 .\CortexM0\ARM_GCC_541\Debug\cyfitter_cfg.o
 .text          0x00000000        0x0 .\CortexM0\ARM_GCC_541\Debug\cymetadata.o
 .data          0x00000000        0x0 .\CortexM0\ARM_GCC_541\Debug\cymetadata.o
 .bss           0x00000000        0x0 .\CortexM0\ARM_GCC_541\Debug\cymetadata.o
 .text          0x00000000        0x0 .\CortexM0\ARM_GCC_541\Debug\Cm0Start.o
 .data          0x00000000        0x4 .\CortexM0\ARM_GCC_541\Debug\Cm0Start.o
 .bss           0x00000000        0x0 .\CortexM0\ARM_GCC_541\Debug\Cm0Start.o
 .text._exit    0x00000000        0xc .\CortexM0\ARM_GCC_541\Debug\Cm0Start.o
 .text._sbrk    0x00000000       0x34 .\CortexM0\ARM_GCC_541\Debug\Cm0Start.o
 .text          0x00000000        0x0 .\CortexM0\ARM_GCC_541\Debug\SECURITY_MODULE.a(DB_UART.o)
 .data          0x00000000        0x0 .\CortexM0\ARM_GCC_541\Debug\SECURITY_MODULE.a(DB_UART.o)
 .text.DB_UART_ScbModeStop
                0x00000000        0x8 .\CortexM0\ARM_GCC_541\Debug\SECURITY_MODULE.a(DB_UART.o)
 .text.DB_UART_Stop
                0x00000000       0x2c .\CortexM0\ARM_GCC_541\Debug\SECURITY_MODULE.a(DB_UART.o)
 .text.DB_UART_SetRxFifoLevel
                0x00000000       0x14 .\CortexM0\ARM_GCC_541\Debug\SECURITY_MODULE.a(DB_UART.o)
 .text.DB_UART_SetTxFifoLevel
                0x00000000       0x14 .\CortexM0\ARM_GCC_541\Debug\SECURITY_MODULE.a(DB_UART.o)
 .text.DB_UART_SetCustomInterruptHandler
                0x00000000        0xc .\CortexM0\ARM_GCC_541\Debug\SECURITY_MODULE.a(DB_UART.o)
 .text.DB_UART_I2CSlaveNackGeneration
                0x00000000       0x3c .\CortexM0\ARM_GCC_541\Debug\SECURITY_MODULE.a(DB_UART.o)
 .text          0x00000000        0x0 .\CortexM0\ARM_GCC_541\Debug\SECURITY_MODULE.a(DB_UART_SPI_UART.o)
 .data          0x00000000        0x0 .\CortexM0\ARM_GCC_541\Debug\SECURITY_MODULE.a(DB_UART_SPI_UART.o)
 .bss           0x00000000        0x0 .\CortexM0\ARM_GCC_541\Debug\SECURITY_MODULE.a(DB_UART_SPI_UART.o)
 .text.DB_UART_SpiUartClearRxBuffer
                0x00000000       0x54 .\CortexM0\ARM_GCC_541\Debug\SECURITY_MODULE.a(DB_UART_SPI_UART.o)
 .text.DB_UART_SpiUartPutArray
                0x00000000       0x18 .\CortexM0\ARM_GCC_541\Debug\SECURITY_MODULE.a(DB_UART_SPI_UART.o)
 .text.DB_UART_SpiUartGetTxBufferSize
                0x00000000       0x28 .\CortexM0\ARM_GCC_541\Debug\SECURITY_MODULE.a(DB_UART_SPI_UART.o)
 .text.DB_UART_SpiUartClearTxBuffer
                0x00000000       0x58 .\CortexM0\ARM_GCC_541\Debug\SECURITY_MODULE.a(DB_UART_SPI_UART.o)
 .text.DB_UART_SpiUartDisableIntRx
                0x00000000       0x10 .\CortexM0\ARM_GCC_541\Debug\SECURITY_MODULE.a(DB_UART_SPI_UART.o)
 .text.DB_UART_SpiUartDisableIntTx
                0x00000000       0x10 .\CortexM0\ARM_GCC_541\Debug\SECURITY_MODULE.a(DB_UART_SPI_UART.o)
 .text          0x00000000        0x0 .\CortexM0\ARM_GCC_541\Debug\SECURITY_MODULE.a(DB_UART_UART.o)
 .data          0x00000000        0x0 .\CortexM0\ARM_GCC_541\Debug\SECURITY_MODULE.a(DB_UART_UART.o)
 .bss           0x00000000        0x0 .\CortexM0\ARM_GCC_541\Debug\SECURITY_MODULE.a(DB_UART_UART.o)
 .text.DB_UART_UartStop
                0x00000000       0x28 .\CortexM0\ARM_GCC_541\Debug\SECURITY_MODULE.a(DB_UART_UART.o)
 .text.DB_UART_UartSetRxAddress
                0x00000000       0x14 .\CortexM0\ARM_GCC_541\Debug\SECURITY_MODULE.a(DB_UART_UART.o)
 .text.DB_UART_UartSetRxAddressMask
                0x00000000       0x18 .\CortexM0\ARM_GCC_541\Debug\SECURITY_MODULE.a(DB_UART_UART.o)
 .text.DB_UART_UartGetChar
                0x00000000       0x2c .\CortexM0\ARM_GCC_541\Debug\SECURITY_MODULE.a(DB_UART_UART.o)
 .text.DB_UART_UartPutString
                0x00000000       0x18 .\CortexM0\ARM_GCC_541\Debug\SECURITY_MODULE.a(DB_UART_UART.o)
 .text.DB_UART_UartPutCRLF
                0x00000000       0x14 .\CortexM0\ARM_GCC_541\Debug\SECURITY_MODULE.a(DB_UART_UART.o)
 .text          0x00000000        0x0 .\CortexM0\ARM_GCC_541\Debug\SECURITY_MODULE.a(PIGGY_BANK.o)
 .data          0x00000000        0x0 .\CortexM0\ARM_GCC_541\Debug\SECURITY_MODULE.a(PIGGY_BANK.o)
 .bss           0x00000000        0x0 .\CortexM0\ARM_GCC_541\Debug\SECURITY_MODULE.a(PIGGY_BANK.o)
 .text.PIGGY_BANK_Stop
                0x00000000        0x4 .\CortexM0\ARM_GCC_541\Debug\SECURITY_MODULE.a(PIGGY_BANK.o)
 .text          0x00000000        0x0 .\CortexM0\ARM_GCC_541\Debug\SECURITY_MODULE.a(Reset_isr.o)
 .data          0x00000000        0x0 .\CortexM0\ARM_GCC_541\Debug\SECURITY_MODULE.a(Reset_isr.o)
 .bss           0x00000000        0x0 .\CortexM0\ARM_GCC_541\Debug\SECURITY_MODULE.a(Reset_isr.o)
 .text.Reset_isr_Interrupt
                0x00000000        0x4 .\CortexM0\ARM_GCC_541\Debug\SECURITY_MODULE.a(Reset_isr.o)
 .text.Reset_isr_GetVector
                0x00000000        0xc .\CortexM0\ARM_GCC_541\Debug\SECURITY_MODULE.a(Reset_isr.o)
 .text.Reset_isr_GetPriority
                0x00000000       0x10 .\CortexM0\ARM_GCC_541\Debug\SECURITY_MODULE.a(Reset_isr.o)
 .text.Reset_isr_GetState
                0x00000000       0x10 .\CortexM0\ARM_GCC_541\Debug\SECURITY_MODULE.a(Reset_isr.o)
 .text.Reset_isr_Start
                0x00000000       0x1c .\CortexM0\ARM_GCC_541\Debug\SECURITY_MODULE.a(Reset_isr.o)
 .text.Reset_isr_Stop
                0x00000000       0x14 .\CortexM0\ARM_GCC_541\Debug\SECURITY_MODULE.a(Reset_isr.o)
 .text.Reset_isr_SetPending
                0x00000000        0xc .\CortexM0\ARM_GCC_541\Debug\SECURITY_MODULE.a(Reset_isr.o)
 .text.Reset_isr_ClearPending
                0x00000000        0xc .\CortexM0\ARM_GCC_541\Debug\SECURITY_MODULE.a(Reset_isr.o)
 .text          0x00000000        0x0 .\CortexM0\ARM_GCC_541\Debug\SECURITY_MODULE.a(SW1.o)
 .data          0x00000000        0x0 .\CortexM0\ARM_GCC_541\Debug\SECURITY_MODULE.a(SW1.o)
 .bss           0x00000000        0x0 .\CortexM0\ARM_GCC_541\Debug\SECURITY_MODULE.a(SW1.o)
 .text.SW1_SetDriveMode
                0x00000000       0x18 .\CortexM0\ARM_GCC_541\Debug\SECURITY_MODULE.a(SW1.o)
 .text.SW1_Write
                0x00000000       0x18 .\CortexM0\ARM_GCC_541\Debug\SECURITY_MODULE.a(SW1.o)
 .text.SW1_Read
                0x00000000       0x10 .\CortexM0\ARM_GCC_541\Debug\SECURITY_MODULE.a(SW1.o)
 .text.SW1_ReadDataReg
                0x00000000       0x10 .\CortexM0\ARM_GCC_541\Debug\SECURITY_MODULE.a(SW1.o)
 .text.SW1_SetInterruptMode
                0x00000000       0x14 .\CortexM0\ARM_GCC_541\Debug\SECURITY_MODULE.a(SW1.o)
 .text          0x00000000        0x0 .\CortexM0\ARM_GCC_541\Debug\SECURITY_MODULE.a(CyFlash.o)
 .data          0x00000000        0x0 .\CortexM0\ARM_GCC_541\Debug\SECURITY_MODULE.a(CyFlash.o)
 .text.CySysFlashSetWaitCycles
                0x00000000       0x34 .\CortexM0\ARM_GCC_541\Debug\SECURITY_MODULE.a(CyFlash.o)
 .text          0x00000000        0x0 .\CortexM0\ARM_GCC_541\Debug\SECURITY_MODULE.a(CyLib.o)
 .bss           0x00000000       0x18 .\CortexM0\ARM_GCC_541\Debug\SECURITY_MODULE.a(CyLib.o)
 .text.CySysClkImoStart
                0x00000000       0x14 .\CortexM0\ARM_GCC_541\Debug\SECURITY_MODULE.a(CyLib.o)
 .text.CySysClkImoStop
                0x00000000       0x10 .\CortexM0\ARM_GCC_541\Debug\SECURITY_MODULE.a(CyLib.o)
 .text.CySysClkWriteHfclkDirect
                0x00000000       0x20 .\CortexM0\ARM_GCC_541\Debug\SECURITY_MODULE.a(CyLib.o)
 .text.CySysEnablePumpClock
                0x00000000       0x38 .\CortexM0\ARM_GCC_541\Debug\SECURITY_MODULE.a(CyLib.o)
 .text.CySysClkGetSysclkSource
                0x00000000       0x1c .\CortexM0\ARM_GCC_541\Debug\SECURITY_MODULE.a(CyLib.o)
 .text.CySysClkWriteSysclkDiv
                0x00000000       0x30 .\CortexM0\ARM_GCC_541\Debug\SECURITY_MODULE.a(CyLib.o)
 .text.CySysLvdDisable
                0x00000000       0x20 .\CortexM0\ARM_GCC_541\Debug\SECURITY_MODULE.a(CyLib.o)
 .text.CySysLvdGetInterruptSource
                0x00000000       0x10 .\CortexM0\ARM_GCC_541\Debug\SECURITY_MODULE.a(CyLib.o)
 .text.CySysLvdClearInterrupt
                0x00000000        0xc .\CortexM0\ARM_GCC_541\Debug\SECURITY_MODULE.a(CyLib.o)
 .text.CySysGetResetReason
                0x00000000       0x14 .\CortexM0\ARM_GCC_541\Debug\SECURITY_MODULE.a(CyLib.o)
 .text.CyDisableInts
                0x00000000       0x10 .\CortexM0\ARM_GCC_541\Debug\SECURITY_MODULE.a(CyLib.o)
 .text.CyEnableInts
                0x00000000        0xc .\CortexM0\ARM_GCC_541\Debug\SECURITY_MODULE.a(CyLib.o)
 .text.CyIntGetState
                0x00000000       0x18 .\CortexM0\ARM_GCC_541\Debug\SECURITY_MODULE.a(CyLib.o)
 .text.CyIntSetPending
                0x00000000       0x14 .\CortexM0\ARM_GCC_541\Debug\SECURITY_MODULE.a(CyLib.o)
 .text.CyIntClearPending
                0x00000000       0x14 .\CortexM0\ARM_GCC_541\Debug\SECURITY_MODULE.a(CyLib.o)
 .text.CyIntSetSysVector
                0x00000000       0x20 .\CortexM0\ARM_GCC_541\Debug\SECURITY_MODULE.a(CyLib.o)
 .text.CyIntGetSysVector
                0x00000000       0x1c .\CortexM0\ARM_GCC_541\Debug\SECURITY_MODULE.a(CyLib.o)
 .text.CyIntGetVector
                0x00000000       0x20 .\CortexM0\ARM_GCC_541\Debug\SECURITY_MODULE.a(CyLib.o)
 .text.CyIntGetPriority
                0x00000000       0x2c .\CortexM0\ARM_GCC_541\Debug\SECURITY_MODULE.a(CyLib.o)
 .text.CyDelay  0x00000000       0x30 .\CortexM0\ARM_GCC_541\Debug\SECURITY_MODULE.a(CyLib.o)
 .text.CySysLvdEnable
                0x00000000       0x44 .\CortexM0\ARM_GCC_541\Debug\SECURITY_MODULE.a(CyLib.o)
 .text.CyDelayFreq
                0x00000000       0x4c .\CortexM0\ARM_GCC_541\Debug\SECURITY_MODULE.a(CyLib.o)
 .text.CySysTickStop
                0x00000000       0x10 .\CortexM0\ARM_GCC_541\Debug\SECURITY_MODULE.a(CyLib.o)
 .text.CySysTickEnableInterrupt
                0x00000000       0x10 .\CortexM0\ARM_GCC_541\Debug\SECURITY_MODULE.a(CyLib.o)
 .text.CySysTickEnable
                0x00000000       0x18 .\CortexM0\ARM_GCC_541\Debug\SECURITY_MODULE.a(CyLib.o)
 .text.CySysTickDisableInterrupt
                0x00000000       0x10 .\CortexM0\ARM_GCC_541\Debug\SECURITY_MODULE.a(CyLib.o)
 .text.CySysTickSetReload
                0x00000000       0x10 .\CortexM0\ARM_GCC_541\Debug\SECURITY_MODULE.a(CyLib.o)
 .text.CySysTickGetReload
                0x00000000       0x10 .\CortexM0\ARM_GCC_541\Debug\SECURITY_MODULE.a(CyLib.o)
 .text.CySysTickGetValue
                0x00000000       0x10 .\CortexM0\ARM_GCC_541\Debug\SECURITY_MODULE.a(CyLib.o)
 .text.CySysTickGetCountFlag
                0x00000000       0x10 .\CortexM0\ARM_GCC_541\Debug\SECURITY_MODULE.a(CyLib.o)
 .text.CySysTickServiceCallbacks
                0x00000000       0x28 .\CortexM0\ARM_GCC_541\Debug\SECURITY_MODULE.a(CyLib.o)
 .text.CySysTickClear
                0x00000000        0xc .\CortexM0\ARM_GCC_541\Debug\SECURITY_MODULE.a(CyLib.o)
 .text.CySysTickInit
                0x00000000       0x44 .\CortexM0\ARM_GCC_541\Debug\SECURITY_MODULE.a(CyLib.o)
 .text.CySysTickStart
                0x00000000       0x20 .\CortexM0\ARM_GCC_541\Debug\SECURITY_MODULE.a(CyLib.o)
 .text.CySysTickSetCallback
                0x00000000       0x10 .\CortexM0\ARM_GCC_541\Debug\SECURITY_MODULE.a(CyLib.o)
 .text.CySysTickGetCallback
                0x00000000        0xc .\CortexM0\ARM_GCC_541\Debug\SECURITY_MODULE.a(CyLib.o)
 .text.CyGetUniqueId
                0x00000000       0x70 .\CortexM0\ARM_GCC_541\Debug\SECURITY_MODULE.a(CyLib.o)
 .text          0x00000000        0x0 .\CortexM0\ARM_GCC_541\Debug\SECURITY_MODULE.a(CyLFClk.o)
 .text.CySysClkIloEnabled
                0x00000000       0x14 .\CortexM0\ARM_GCC_541\Debug\SECURITY_MODULE.a(CyLFClk.o)
 .text.CySysClkIloStart
                0x00000000       0x14 .\CortexM0\ARM_GCC_541\Debug\SECURITY_MODULE.a(CyLFClk.o)
 .text.CySysClkIloStartMeasurement
                0x00000000       0x34 .\CortexM0\ARM_GCC_541\Debug\SECURITY_MODULE.a(CyLFClk.o)
 .text.CySysClkIloStopMeasurement
                0x00000000       0x14 .\CortexM0\ARM_GCC_541\Debug\SECURITY_MODULE.a(CyLFClk.o)
 .text.CySysClkIloCompensate
                0x00000000      0x104 .\CortexM0\ARM_GCC_541\Debug\SECURITY_MODULE.a(CyLFClk.o)
 .text.CySysWdtGetEnabledStatus
                0x00000000       0x24 .\CortexM0\ARM_GCC_541\Debug\SECURITY_MODULE.a(CyLFClk.o)
 .text.CySysWdtSetMode
                0x00000000       0x38 .\CortexM0\ARM_GCC_541\Debug\SECURITY_MODULE.a(CyLFClk.o)
 .text.CySysClkLfclkPosedgeRestore
                0x00000000       0x2c .\CortexM0\ARM_GCC_541\Debug\SECURITY_MODULE.a(CyLFClk.o)
 .text.CySysWdtGetMode
                0x00000000       0x14 .\CortexM0\ARM_GCC_541\Debug\SECURITY_MODULE.a(CyLFClk.o)
 .text.CySysWdtSetClearOnMatch
                0x00000000       0x34 .\CortexM0\ARM_GCC_541\Debug\SECURITY_MODULE.a(CyLFClk.o)
 .text.CySysWdtGetClearOnMatch
                0x00000000       0x24 .\CortexM0\ARM_GCC_541\Debug\SECURITY_MODULE.a(CyLFClk.o)
 .text.CySysWdtEnable
                0x00000000       0x40 .\CortexM0\ARM_GCC_541\Debug\SECURITY_MODULE.a(CyLFClk.o)
 .text.CySysWdtDisable
                0x00000000       0x44 .\CortexM0\ARM_GCC_541\Debug\SECURITY_MODULE.a(CyLFClk.o)
 .text.CySysWdtSetCascade
                0x00000000       0x34 .\CortexM0\ARM_GCC_541\Debug\SECURITY_MODULE.a(CyLFClk.o)
 .text.CySysWdtGetCascade
                0x00000000       0x14 .\CortexM0\ARM_GCC_541\Debug\SECURITY_MODULE.a(CyLFClk.o)
 .text.CySysWdtSetMatch
                0x00000000       0x38 .\CortexM0\ARM_GCC_541\Debug\SECURITY_MODULE.a(CyLFClk.o)
 .text.CySysWdtSetToggleBit
                0x00000000       0x30 .\CortexM0\ARM_GCC_541\Debug\SECURITY_MODULE.a(CyLFClk.o)
 .text.CySysWdtGetToggleBit
                0x00000000       0x10 .\CortexM0\ARM_GCC_541\Debug\SECURITY_MODULE.a(CyLFClk.o)
 .text.CySysWdtGetMatch
                0x00000000       0x20 .\CortexM0\ARM_GCC_541\Debug\SECURITY_MODULE.a(CyLFClk.o)
 .text.CySysWdtGetCount
                0x00000000       0x3c .\CortexM0\ARM_GCC_541\Debug\SECURITY_MODULE.a(CyLFClk.o)
 .text.CySysClkLfclkPosedgeCatch
                0x00000000       0x74 .\CortexM0\ARM_GCC_541\Debug\SECURITY_MODULE.a(CyLFClk.o)
 .text.CySysClkIloStop
                0x00000000       0x38 .\CortexM0\ARM_GCC_541\Debug\SECURITY_MODULE.a(CyLFClk.o)
 .text.CySysWdtGetInterruptSource
                0x00000000       0x14 .\CortexM0\ARM_GCC_541\Debug\SECURITY_MODULE.a(CyLFClk.o)
 .text.CySysWdtResetCounters
                0x00000000       0x20 .\CortexM0\ARM_GCC_541\Debug\SECURITY_MODULE.a(CyLFClk.o)
 .text.CySysWdtSetInterruptCallback
                0x00000000       0x20 .\CortexM0\ARM_GCC_541\Debug\SECURITY_MODULE.a(CyLFClk.o)
 .text.CySysWdtGetInterruptCallback
                0x00000000       0x20 .\CortexM0\ARM_GCC_541\Debug\SECURITY_MODULE.a(CyLFClk.o)
 .text.CySysWdtEnableCounterIsr
                0x00000000       0x34 .\CortexM0\ARM_GCC_541\Debug\SECURITY_MODULE.a(CyLFClk.o)
 .text.CySysWdtDisableCounterIsr
                0x00000000       0x28 .\CortexM0\ARM_GCC_541\Debug\SECURITY_MODULE.a(CyLFClk.o)
 .text.CySysWatchdogFeed
                0x00000000       0x60 .\CortexM0\ARM_GCC_541\Debug\SECURITY_MODULE.a(CyLFClk.o)
 .text.CySysTimerDelayUntilMatch
                0x00000000       0x6c .\CortexM0\ARM_GCC_541\Debug\SECURITY_MODULE.a(CyLFClk.o)
 .text.CySysTimerDelay
                0x00000000       0x3c .\CortexM0\ARM_GCC_541\Debug\SECURITY_MODULE.a(CyLFClk.o)
 .rodata        0x00000000        0xc .\CortexM0\ARM_GCC_541\Debug\SECURITY_MODULE.a(CyLFClk.o)
 .data          0x00000000        0x0 .\CortexM0\ARM_GCC_541\Debug\SECURITY_MODULE.a(CyBootAsmGnu.o)
 .bss           0x00000000        0x0 .\CortexM0\ARM_GCC_541\Debug\SECURITY_MODULE.a(CyBootAsmGnu.o)
 .text          0x00000000        0x0 .\CortexM0\ARM_GCC_541\Debug\SECURITY_MODULE.a(DB_UART_SPI_UART_INT.o)
 .data          0x00000000        0x0 .\CortexM0\ARM_GCC_541\Debug\SECURITY_MODULE.a(DB_UART_SPI_UART_INT.o)
 .bss           0x00000000        0x0 .\CortexM0\ARM_GCC_541\Debug\SECURITY_MODULE.a(DB_UART_SPI_UART_INT.o)
 .text          0x00000000      0x114 c:/program files (x86)/cypress/psoc creator/4.1/psoc creator/import/gnu/arm/5.4.1/bin/../lib/gcc/arm-none-eabi/5.4.1/armv6-m\libgcc.a(_udivsi3.o)
 .data          0x00000000        0x0 c:/program files (x86)/cypress/psoc creator/4.1/psoc creator/import/gnu/arm/5.4.1/bin/../lib/gcc/arm-none-eabi/5.4.1/armv6-m\libgcc.a(_udivsi3.o)
 .bss           0x00000000        0x0 c:/program files (x86)/cypress/psoc creator/4.1/psoc creator/import/gnu/arm/5.4.1/bin/../lib/gcc/arm-none-eabi/5.4.1/armv6-m\libgcc.a(_udivsi3.o)
 .text          0x00000000        0x4 c:/program files (x86)/cypress/psoc creator/4.1/psoc creator/import/gnu/arm/5.4.1/bin/../lib/gcc/arm-none-eabi/5.4.1/armv6-m\libgcc.a(_dvmd_tls.o)
 .data          0x00000000        0x0 c:/program files (x86)/cypress/psoc creator/4.1/psoc creator/import/gnu/arm/5.4.1/bin/../lib/gcc/arm-none-eabi/5.4.1/armv6-m\libgcc.a(_dvmd_tls.o)
 .bss           0x00000000        0x0 c:/program files (x86)/cypress/psoc creator/4.1/psoc creator/import/gnu/arm/5.4.1/bin/../lib/gcc/arm-none-eabi/5.4.1/armv6-m\libgcc.a(_dvmd_tls.o)
 .text          0x00000000        0x0 c:/program files (x86)/cypress/psoc creator/4.1/psoc creator/import/gnu/arm/5.4.1/bin/../lib/gcc/arm-none-eabi/5.4.1/../../../../arm-none-eabi/lib/armv6-m\libg_nano.a(lib_a-errno.o)
 .data          0x00000000        0x0 c:/program files (x86)/cypress/psoc creator/4.1/psoc creator/import/gnu/arm/5.4.1/bin/../lib/gcc/arm-none-eabi/5.4.1/../../../../arm-none-eabi/lib/armv6-m\libg_nano.a(lib_a-errno.o)
 .bss           0x00000000        0x0 c:/program files (x86)/cypress/psoc creator/4.1/psoc creator/import/gnu/arm/5.4.1/bin/../lib/gcc/arm-none-eabi/5.4.1/../../../../arm-none-eabi/lib/armv6-m\libg_nano.a(lib_a-errno.o)
 .text          0x00000000        0x0 c:/program files (x86)/cypress/psoc creator/4.1/psoc creator/import/gnu/arm/5.4.1/bin/../lib/gcc/arm-none-eabi/5.4.1/../../../../arm-none-eabi/lib/armv6-m\libg_nano.a(lib_a-exit.o)
 .data          0x00000000        0x0 c:/program files (x86)/cypress/psoc creator/4.1/psoc creator/import/gnu/arm/5.4.1/bin/../lib/gcc/arm-none-eabi/5.4.1/../../../../arm-none-eabi/lib/armv6-m\libg_nano.a(lib_a-exit.o)
 .bss           0x00000000        0x0 c:/program files (x86)/cypress/psoc creator/4.1/psoc creator/import/gnu/arm/5.4.1/bin/../lib/gcc/arm-none-eabi/5.4.1/../../../../arm-none-eabi/lib/armv6-m\libg_nano.a(lib_a-exit.o)
 .text.exit     0x00000000       0x2c c:/program files (x86)/cypress/psoc creator/4.1/psoc creator/import/gnu/arm/5.4.1/bin/../lib/gcc/arm-none-eabi/5.4.1/../../../../arm-none-eabi/lib/armv6-m\libg_nano.a(lib_a-exit.o)
 .text          0x00000000        0x0 c:/program files (x86)/cypress/psoc creator/4.1/psoc creator/import/gnu/arm/5.4.1/bin/../lib/gcc/arm-none-eabi/5.4.1/../../../../arm-none-eabi/lib/armv6-m\libg_nano.a(lib_a-impure.o)
 .data          0x00000000        0x0 c:/program files (x86)/cypress/psoc creator/4.1/psoc creator/import/gnu/arm/5.4.1/bin/../lib/gcc/arm-none-eabi/5.4.1/../../../../arm-none-eabi/lib/armv6-m\libg_nano.a(lib_a-impure.o)
 .bss           0x00000000        0x0 c:/program files (x86)/cypress/psoc creator/4.1/psoc creator/import/gnu/arm/5.4.1/bin/../lib/gcc/arm-none-eabi/5.4.1/../../../../arm-none-eabi/lib/armv6-m\libg_nano.a(lib_a-impure.o)
 .rodata._global_impure_ptr
                0x00000000        0x4 c:/program files (x86)/cypress/psoc creator/4.1/psoc creator/import/gnu/arm/5.4.1/bin/../lib/gcc/arm-none-eabi/5.4.1/../../../../arm-none-eabi/lib/armv6-m\libg_nano.a(lib_a-impure.o)
 .text          0x00000000        0x0 c:/program files (x86)/cypress/psoc creator/4.1/psoc creator/import/gnu/arm/5.4.1/bin/../lib/gcc/arm-none-eabi/5.4.1/../../../../arm-none-eabi/lib/armv6-m\libg_nano.a(lib_a-init.o)
 .data          0x00000000        0x0 c:/program files (x86)/cypress/psoc creator/4.1/psoc creator/import/gnu/arm/5.4.1/bin/../lib/gcc/arm-none-eabi/5.4.1/../../../../arm-none-eabi/lib/armv6-m\libg_nano.a(lib_a-init.o)
 .bss           0x00000000        0x0 c:/program files (x86)/cypress/psoc creator/4.1/psoc creator/import/gnu/arm/5.4.1/bin/../lib/gcc/arm-none-eabi/5.4.1/../../../../arm-none-eabi/lib/armv6-m\libg_nano.a(lib_a-init.o)
 .text          0x00000000        0x0 c:/program files (x86)/cypress/psoc creator/4.1/psoc creator/import/gnu/arm/5.4.1/bin/../lib/gcc/arm-none-eabi/5.4.1/../../../../arm-none-eabi/lib/armv6-m\libg_nano.a(lib_a-memcpy-stub.o)
 .data          0x00000000        0x0 c:/program files (x86)/cypress/psoc creator/4.1/psoc creator/import/gnu/arm/5.4.1/bin/../lib/gcc/arm-none-eabi/5.4.1/../../../../arm-none-eabi/lib/armv6-m\libg_nano.a(lib_a-memcpy-stub.o)
 .bss           0x00000000        0x0 c:/program files (x86)/cypress/psoc creator/4.1/psoc creator/import/gnu/arm/5.4.1/bin/../lib/gcc/arm-none-eabi/5.4.1/../../../../arm-none-eabi/lib/armv6-m\libg_nano.a(lib_a-memcpy-stub.o)
 .text          0x00000000        0x0 c:/program files (x86)/cypress/psoc creator/4.1/psoc creator/import/gnu/arm/5.4.1/bin/../lib/gcc/arm-none-eabi/5.4.1/../../../../arm-none-eabi/lib/armv6-m\libg_nano.a(lib_a-memset.o)
 .data          0x00000000        0x0 c:/program files (x86)/cypress/psoc creator/4.1/psoc creator/import/gnu/arm/5.4.1/bin/../lib/gcc/arm-none-eabi/5.4.1/../../../../arm-none-eabi/lib/armv6-m\libg_nano.a(lib_a-memset.o)
 .bss           0x00000000        0x0 c:/program files (x86)/cypress/psoc creator/4.1/psoc creator/import/gnu/arm/5.4.1/bin/../lib/gcc/arm-none-eabi/5.4.1/../../../../arm-none-eabi/lib/armv6-m\libg_nano.a(lib_a-memset.o)
 .data          0x00000000        0x0 c:/program files (x86)/cypress/psoc creator/4.1/psoc creator/import/gnu/arm/5.4.1/bin/../lib/gcc/arm-none-eabi/5.4.1/../../../../arm-none-eabi/lib/armv6-m\libg_nano.a(lib_a-strcmp.o)
 .bss           0x00000000        0x0 c:/program files (x86)/cypress/psoc creator/4.1/psoc creator/import/gnu/arm/5.4.1/bin/../lib/gcc/arm-none-eabi/5.4.1/../../../../arm-none-eabi/lib/armv6-m\libg_nano.a(lib_a-strcmp.o)
 .data          0x00000000        0x0 c:/program files (x86)/cypress/psoc creator/4.1/psoc creator/import/gnu/arm/5.4.1/bin/../lib/gcc/arm-none-eabi/5.4.1/../../../../arm-none-eabi/lib/armv6-m\libg_nano.a(lib_a-strlen.o)
 .bss           0x00000000        0x0 c:/program files (x86)/cypress/psoc creator/4.1/psoc creator/import/gnu/arm/5.4.1/bin/../lib/gcc/arm-none-eabi/5.4.1/../../../../arm-none-eabi/lib/armv6-m\libg_nano.a(lib_a-strlen.o)
 .text          0x00000000        0x0 c:/program files (x86)/cypress/psoc creator/4.1/psoc creator/import/gnu/arm/5.4.1/bin/../lib/gcc/arm-none-eabi/5.4.1/armv6-m/crtend.o
 .data          0x00000000        0x0 c:/program files (x86)/cypress/psoc creator/4.1/psoc creator/import/gnu/arm/5.4.1/bin/../lib/gcc/arm-none-eabi/5.4.1/armv6-m/crtend.o
 .bss           0x00000000        0x0 c:/program files (x86)/cypress/psoc creator/4.1/psoc creator/import/gnu/arm/5.4.1/bin/../lib/gcc/arm-none-eabi/5.4.1/armv6-m/crtend.o
 .text          0x00000000        0x0 c:/program files (x86)/cypress/psoc creator/4.1/psoc creator/import/gnu/arm/5.4.1/bin/../lib/gcc/arm-none-eabi/5.4.1/armv6-m/crtn.o
 .data          0x00000000        0x0 c:/program files (x86)/cypress/psoc creator/4.1/psoc creator/import/gnu/arm/5.4.1/bin/../lib/gcc/arm-none-eabi/5.4.1/armv6-m/crtn.o
 .bss           0x00000000        0x0 c:/program files (x86)/cypress/psoc creator/4.1/psoc creator/import/gnu/arm/5.4.1/bin/../lib/gcc/arm-none-eabi/5.4.1/armv6-m/crtn.o

Memory Configuration

Name             Origin             Length             Attributes
rom              0x00000000         0x00008000         xr
ram              0x20000000         0x00001000         xrw
*default*        0x00000000         0xffffffff

Linker script and memory map

LOAD c:/program files (x86)/cypress/psoc creator/4.1/psoc creator/import/gnu/arm/5.4.1/bin/../lib/gcc/arm-none-eabi/5.4.1/armv6-m/crti.o
LOAD c:/program files (x86)/cypress/psoc creator/4.1/psoc creator/import/gnu/arm/5.4.1/bin/../lib/gcc/arm-none-eabi/5.4.1/armv6-m/crtbegin.o
LOAD c:/program files (x86)/cypress/psoc creator/4.1/psoc creator/import/gnu/arm/5.4.1/bin/../lib/gcc/arm-none-eabi/5.4.1/../../../../arm-none-eabi/lib/armv6-m/crt0.o
START GROUP
LOAD .\CortexM0\ARM_GCC_541\Debug\main.o
LOAD .\CortexM0\ARM_GCC_541\Debug\usbserialprotocol.o
LOAD .\CortexM0\ARM_GCC_541\Debug\cyfitter_cfg.o
LOAD .\CortexM0\ARM_GCC_541\Debug\cymetadata.o
LOAD .\CortexM0\ARM_GCC_541\Debug\Cm0Start.o
LOAD .\CortexM0\ARM_GCC_541\Debug\SECURITY_MODULE.a
LOAD C:\Program Files (x86)\Cypress\PSoC Creator\4.1\PSoC Creator\psoc\content\cycomponentlibrary\CyComponentLibrary.cylib\CortexM0\ARM_GCC_541\Debug\CyComponentLibrary.a
END GROUP
START GROUP
LOAD c:/program files (x86)/cypress/psoc creator/4.1/psoc creator/import/gnu/arm/5.4.1/bin/../lib/gcc/arm-none-eabi/5.4.1/armv6-m\libgcc.a
LOAD c:/program files (x86)/cypress/psoc creator/4.1/psoc creator/import/gnu/arm/5.4.1/bin/../lib/gcc/arm-none-eabi/5.4.1/../../../../arm-none-eabi/lib/armv6-m\libg_nano.a
LOAD c:/program files (x86)/cypress/psoc creator/4.1/psoc creator/import/gnu/arm/5.4.1/bin/../lib/gcc/arm-none-eabi/5.4.1/../../../../arm-none-eabi/lib/armv6-m\libc_nano.a
END GROUP
START GROUP
LOAD c:/program files (x86)/cypress/psoc creator/4.1/psoc creator/import/gnu/arm/5.4.1/bin/../lib/gcc/arm-none-eabi/5.4.1/armv6-m\libgcc.a
LOAD c:/program files (x86)/cypress/psoc creator/4.1/psoc creator/import/gnu/arm/5.4.1/bin/../lib/gcc/arm-none-eabi/5.4.1/../../../../arm-none-eabi/lib/armv6-m\libc_nano.a
END GROUP
LOAD c:/program files (x86)/cypress/psoc creator/4.1/psoc creator/import/gnu/arm/5.4.1/bin/../lib/gcc/arm-none-eabi/5.4.1/armv6-m/crtend.o
LOAD c:/program files (x86)/cypress/psoc creator/4.1/psoc creator/import/gnu/arm/5.4.1/bin/../lib/gcc/arm-none-eabi/5.4.1/armv6-m/crtn.o
START GROUP
LOAD c:/program files (x86)/cypress/psoc creator/4.1/psoc creator/import/gnu/arm/5.4.1/bin/../lib/gcc/arm-none-eabi/5.4.1/armv6-m\libgcc.a
LOAD c:/program files (x86)/cypress/psoc creator/4.1/psoc creator/import/gnu/arm/5.4.1/bin/../lib/gcc/arm-none-eabi/5.4.1/../../../../arm-none-eabi/lib/armv6-m\libc.a
LOAD c:/program files (x86)/cypress/psoc creator/4.1/psoc creator/import/gnu/arm/5.4.1/bin/../lib/gcc/arm-none-eabi/5.4.1/../../../../arm-none-eabi/lib/armv6-m\libnosys.a
END GROUP
                0x00000000                CY_APPL_ORIGIN = 0x0
                0x00000080                CY_FLASH_ROW_SIZE = 0x80
                0x00000001                CY_APPL_NUM = 0x1
                0x00000001                CY_APPL_MAX = 0x1
                0x00000040                CY_METADATA_SIZE = 0x40
                0x00000000                CY_APPL_LOADABLE = 0x0
                0x00000000                CY_CHECKSUM_EXCLUDE_SIZE = ALIGN (0x0, CY_FLASH_ROW_SIZE)
                0x00000000                CY_APP_FOR_STACK_AND_COPIER = 0x0
                [!provide]                PROVIDE (__cy_heap_start, _end)
                0x00000001                PROVIDE (__cy_region_num, ((__cy_regions_end - __cy_regions) / 0x10))
                0x20001000                PROVIDE (__cy_stack, (ORIGIN (ram) + LENGTH (ram)))
                [!provide]                PROVIDE (__cy_heap_end, (__cy_stack - 0x400))

.cybootloader   0x00000000        0x0
 *(.cybootloader)
                0x00000000                appl1_start = CY_APPL_ORIGIN?CY_APPL_ORIGIN:ALIGN (CY_FLASH_ROW_SIZE)
                0x00003f80                appl2_start = (appl1_start + ALIGN ((((LENGTH (rom) - appl1_start) - (0x2 * CY_FLASH_ROW_SIZE)) / 0x2), CY_FLASH_ROW_SIZE))
                0x00000000                appl_start = (CY_APPL_NUM == 0x1)?appl1_start:appl2_start
                0x00000001                cy_project_type_bootloader = (appl_start == 0x0)?0x1:0x0
                0x00000000                cy_project_type_app_for_stack_and_copier = (CY_APP_FOR_STACK_AND_COPIER == 0x1)?0x1:0x0

.text           0x00000000     0x10c4
 CREATE_OBJECT_SYMBOLS
                0x00000000                PROVIDE (__cy_interrupt_vector, RomVectors)
 *(.romvectors)
 .romvectors    0x00000000       0x10 .\CortexM0\ARM_GCC_541\Debug\Cm0Start.o
                0x00000000                RomVectors
                0x00000001                ASSERT ((. != __cy_interrupt_vector), No interrupt vector)
                0x00000001                ASSERT (CY_APPL_ORIGIN?(SIZEOF (.cybootloader) <= CY_APPL_ORIGIN):0x1, Wrong image location)
                0x00000010                PROVIDE (__cy_reset, Reset)
 *(.text.Reset)
 .text.Reset    0x00000010        0x8 .\CortexM0\ARM_GCC_541\Debug\Cm0Start.o
                0x00000010                Reset
                0x00000001                ASSERT ((. != __cy_reset), No reset code)
 *(.psocinit)
 .psocinit      0x00000018      0x1d4 .\CortexM0\ARM_GCC_541\Debug\cyfitter_cfg.o
                0x000000a8                cyfitter_cfg
                0x000001ec                . = MAX (., 0x100)
 *(.text .text.* .gnu.linkonce.t.*)
 .text          0x000001ec       0x60 c:/program files (x86)/cypress/psoc creator/4.1/psoc creator/import/gnu/arm/5.4.1/bin/../lib/gcc/arm-none-eabi/5.4.1/armv6-m/crtbegin.o
 .text.Reset_ISR
                0x0000024c       0x18 .\CortexM0\ARM_GCC_541\Debug\main.o
                0x0000024c                Reset_ISR
 .text.provision
                0x00000264       0xbc .\CortexM0\ARM_GCC_541\Debug\main.o
                0x00000264                provision
 .text.dispenseBill
                0x00000320       0x5c .\CortexM0\ARM_GCC_541\Debug\main.o
                0x00000320                dispenseBill
 .text.main     0x0000037c       0xe0 .\CortexM0\ARM_GCC_541\Debug\main.o
                0x0000037c                main
 .text.getValidByte
                0x0000045c       0x14 .\CortexM0\ARM_GCC_541\Debug\usbserialprotocol.o
                0x0000045c                getValidByte
 .text.pushMessage
                0x00000470       0x20 .\CortexM0\ARM_GCC_541\Debug\usbserialprotocol.o
                0x00000470                pushMessage
 .text.pullMessage
                0x00000490       0x28 .\CortexM0\ARM_GCC_541\Debug\usbserialprotocol.o
                0x00000490                pullMessage
 .text.syncConnection
                0x000004b8       0x74 .\CortexM0\ARM_GCC_541\Debug\usbserialprotocol.o
                0x000004b8                syncConnection
 .text.cfg_write_bytes32
                0x0000052c       0x34 .\CortexM0\ARM_GCC_541\Debug\cyfitter_cfg.o
 .text.CYMEMZERO
                0x00000560        0xc .\CortexM0\ARM_GCC_541\Debug\cyfitter_cfg.o
 .text.IntDefaultHandler
                0x0000056c       0x10 .\CortexM0\ARM_GCC_541\Debug\Cm0Start.o
                0x0000056c                IntDefaultHandler
 .text.Start_c  0x0000057c       0x48 .\CortexM0\ARM_GCC_541\Debug\Cm0Start.o
                0x0000057c                Start_c
 .text.initialize_psoc
                0x000005c4       0x40 .\CortexM0\ARM_GCC_541\Debug\Cm0Start.o
                0x000005c4                initialize_psoc
 .text.DB_UART_ScbEnableIntr
                0x00000604        0xc .\CortexM0\ARM_GCC_541\Debug\SECURITY_MODULE.a(DB_UART.o)
 .text.DB_UART_ScbModePostEnable
                0x00000610        0x8 .\CortexM0\ARM_GCC_541\Debug\SECURITY_MODULE.a(DB_UART.o)
 .text.DB_UART_Init
                0x00000618        0x8 .\CortexM0\ARM_GCC_541\Debug\SECURITY_MODULE.a(DB_UART.o)
                0x00000618                DB_UART_Init
 .text.DB_UART_Enable
                0x00000620       0x1c .\CortexM0\ARM_GCC_541\Debug\SECURITY_MODULE.a(DB_UART.o)
                0x00000620                DB_UART_Enable
 .text.DB_UART_Start
                0x0000063c       0x20 .\CortexM0\ARM_GCC_541\Debug\SECURITY_MODULE.a(DB_UART.o)
                0x0000063c                DB_UART_Start
 .text.DB_UART_SpiUartReadRxData
                0x0000065c       0x34 .\CortexM0\ARM_GCC_541\Debug\SECURITY_MODULE.a(DB_UART_SPI_UART.o)
                0x0000065c                DB_UART_SpiUartReadRxData
 .text.DB_UART_SpiUartGetRxBufferSize
                0x00000690       0x28 .\CortexM0\ARM_GCC_541\Debug\SECURITY_MODULE.a(DB_UART_SPI_UART.o)
                0x00000690                DB_UART_SpiUartGetRxBufferSize
 .text.DB_UART_SpiUartWriteTxData
                0x000006b8       0x70 .\CortexM0\ARM_GCC_541\Debug\SECURITY_MODULE.a(DB_UART_SPI_UART.o)
                0x000006b8                DB_UART_SpiUartWriteTxData
 .text.DB_UART_UartInit
                0x00000728       0xdc .\CortexM0\ARM_GCC_541\Debug\SECURITY_MODULE.a(DB_UART_UART.o)
                0x00000728                DB_UART_UartInit
 .text.DB_UART_UartPostEnable
                0x00000804       0x24 .\CortexM0\ARM_GCC_541\Debug\SECURITY_MODULE.a(DB_UART_UART.o)
                0x00000804                DB_UART_UartPostEnable
 .text.DB_UART_UartGetByte
                0x00000828       0x4c .\CortexM0\ARM_GCC_541\Debug\SECURITY_MODULE.a(DB_UART_UART.o)
                0x00000828                DB_UART_UartGetByte
 .text.PIGGY_BANK_Start
                0x00000874        0x4 .\CortexM0\ARM_GCC_541\Debug\SECURITY_MODULE.a(PIGGY_BANK.o)
                0x00000874                PIGGY_BANK_Start
 .text.PIGGY_BANK_Write
                0x00000878       0x84 .\CortexM0\ARM_GCC_541\Debug\SECURITY_MODULE.a(PIGGY_BANK.o)
                0x00000878                PIGGY_BANK_Write
 .text.Reset_isr_SetVector
                0x000008fc        0xc .\CortexM0\ARM_GCC_541\Debug\SECURITY_MODULE.a(Reset_isr.o)
                0x000008fc                Reset_isr_SetVector
 .text.Reset_isr_SetPriority
                0x00000908       0x20 .\CortexM0\ARM_GCC_541\Debug\SECURITY_MODULE.a(Reset_isr.o)
                0x00000908                Reset_isr_SetPriority
 .text.Reset_isr_Enable
                0x00000928        0xc .\CortexM0\ARM_GCC_541\Debug\SECURITY_MODULE.a(Reset_isr.o)
                0x00000928                Reset_isr_Enable
 .text.Reset_isr_Disable
                0x00000934        0xc .\CortexM0\ARM_GCC_541\Debug\SECURITY_MODULE.a(Reset_isr.o)
                0x00000934                Reset_isr_Disable
 .text.Reset_isr_StartEx
                0x00000940       0x1c .\CortexM0\ARM_GCC_541\Debug\SECURITY_MODULE.a(Reset_isr.o)
                0x00000940                Reset_isr_StartEx
 .text.SW1_ClearInterrupt
                0x0000095c       0x14 .\CortexM0\ARM_GCC_541\Debug\SECURITY_MODULE.a(SW1.o)
                0x0000095c                SW1_ClearInterrupt
 .text.CySysFlashClockBackup
                0x00000970       0x14 .\CortexM0\ARM_GCC_541\Debug\SECURITY_MODULE.a(CyFlash.o)
 .text.CySysFlashClockRestore
                0x00000984       0x14 .\CortexM0\ARM_GCC_541\Debug\SECURITY_MODULE.a(CyFlash.o)
 .text.CySysFlashWriteRow
                0x00000998      0x208 .\CortexM0\ARM_GCC_541\Debug\SECURITY_MODULE.a(CyFlash.o)
                0x00000998                CySysFlashWriteRow
 .text.CyIntEnable
                0x00000ba0       0x14 .\CortexM0\ARM_GCC_541\Debug\SECURITY_MODULE.a(CyLib.o)
                0x00000ba0                CyIntEnable
 .text.CyIntDisable
                0x00000bb4       0x14 .\CortexM0\ARM_GCC_541\Debug\SECURITY_MODULE.a(CyLib.o)
                0x00000bb4                CyIntDisable
 .text.CyHalt   0x00000bc8        0x4 .\CortexM0\ARM_GCC_541\Debug\SECURITY_MODULE.a(CyLib.o)
                0x00000bc8                CyHalt
 .text.CyIntSetVector
                0x00000bcc       0x24 .\CortexM0\ARM_GCC_541\Debug\SECURITY_MODULE.a(CyLib.o)
                0x00000bcc                CyIntSetVector
 .text.CyIntSetPriority
                0x00000bf0       0x4c .\CortexM0\ARM_GCC_541\Debug\SECURITY_MODULE.a(CyLib.o)
                0x00000bf0                CyIntSetPriority
 .text.CySoftwareReset
                0x00000c3c       0x18 .\CortexM0\ARM_GCC_541\Debug\SECURITY_MODULE.a(CyLib.o)
                0x00000c3c                CySoftwareReset
 .text.CyDelayUs
                0x00000c54       0x14 .\CortexM0\ARM_GCC_541\Debug\SECURITY_MODULE.a(CyLib.o)
                0x00000c54                CyDelayUs
 .text.CySysClkWriteImoFreq
                0x00000c68      0x164 .\CortexM0\ARM_GCC_541\Debug\SECURITY_MODULE.a(CyLib.o)
                0x00000c68                CySysClkWriteImoFreq
 .text.CySysWdtLocked
                0x00000dcc       0x14 .\CortexM0\ARM_GCC_541\Debug\SECURITY_MODULE.a(CyLFClk.o)
 .text.CySysWdtLock
                0x00000de0       0x1c .\CortexM0\ARM_GCC_541\Debug\SECURITY_MODULE.a(CyLFClk.o)
                0x00000de0                CySysWdtLock
 .text.CySysWdtUnlock
                0x00000dfc       0x30 .\CortexM0\ARM_GCC_541\Debug\SECURITY_MODULE.a(CyLFClk.o)
                0x00000dfc                CySysWdtUnlock
 .text.CySysWdtClearInterrupt
                0x00000e2c       0x4c .\CortexM0\ARM_GCC_541\Debug\SECURITY_MODULE.a(CyLFClk.o)
                0x00000e2c                CySysWdtClearInterrupt
 .text.CySysWdtIsr
                0x00000e78       0xa4 .\CortexM0\ARM_GCC_541\Debug\SECURITY_MODULE.a(CyLFClk.o)
                0x00000e78                CySysWdtIsr
 *fill*         0x00000f1c        0x4 
 .text          0x00000f20       0x24 .\CortexM0\ARM_GCC_541\Debug\SECURITY_MODULE.a(CyBootAsmGnu.o)
                0x00000f20                CyDelayCycles
                0x00000f34                CyEnterCriticalSection
                0x00000f3c                CyExitCriticalSection
 .text.DB_UART_SPI_UART_ISR
                0x00000f44       0xe4 .\CortexM0\ARM_GCC_541\Debug\SECURITY_MODULE.a(DB_UART_SPI_UART_INT.o)
                0x00000f44                DB_UART_SPI_UART_ISR
 .text.__errno  0x00001028        0xc c:/program files (x86)/cypress/psoc creator/4.1/psoc creator/import/gnu/arm/5.4.1/bin/../lib/gcc/arm-none-eabi/5.4.1/../../../../arm-none-eabi/lib/armv6-m\libg_nano.a(lib_a-errno.o)
                0x00001028                __errno
 .text.__libc_init_array
                0x00001034       0x4c c:/program files (x86)/cypress/psoc creator/4.1/psoc creator/import/gnu/arm/5.4.1/bin/../lib/gcc/arm-none-eabi/5.4.1/../../../../arm-none-eabi/lib/armv6-m\libg_nano.a(lib_a-init.o)
                0x00001034                __libc_init_array
 .text.memcpy   0x00001080       0x12 c:/program files (x86)/cypress/psoc creator/4.1/psoc creator/import/gnu/arm/5.4.1/bin/../lib/gcc/arm-none-eabi/5.4.1/../../../../arm-none-eabi/lib/armv6-m\libg_nano.a(lib_a-memcpy-stub.o)
                0x00001080                memcpy
 .text.memset   0x00001092       0x10 c:/program files (x86)/cypress/psoc creator/4.1/psoc creator/import/gnu/arm/5.4.1/bin/../lib/gcc/arm-none-eabi/5.4.1/../../../../arm-none-eabi/lib/armv6-m\libg_nano.a(lib_a-memset.o)
                0x00001092                memset
 .text          0x000010a2       0x14 c:/program files (x86)/cypress/psoc creator/4.1/psoc creator/import/gnu/arm/5.4.1/bin/../lib/gcc/arm-none-eabi/5.4.1/../../../../arm-none-eabi/lib/armv6-m\libg_nano.a(lib_a-strcmp.o)
                0x000010a2                strcmp
 .text          0x000010b6        0xe c:/program files (x86)/cypress/psoc creator/4.1/psoc creator/import/gnu/arm/5.4.1/bin/../lib/gcc/arm-none-eabi/5.4.1/../../../../arm-none-eabi/lib/armv6-m\libg_nano.a(lib_a-strlen.o)
                0x000010b6                strlen
 *(.plt)
 *(.gnu.warning)
 *(.glue_7t)
 .glue_7t       0x000010c4        0x0 linker stubs
 *(.glue_7)
 .glue_7        0x000010c4        0x0 linker stubs
 *(.vfp11_veneer)
 .vfp11_veneer  0x000010c4        0x0 linker stubs
 *(.bootloader)
 *(.ARM.extab* .gnu.linkonce.armextab.*)
 *(.gcc_except_table)

.v4_bx          0x000010c4        0x0
 .v4_bx         0x000010c4        0x0 linker stubs

.iplt           0x000010c4        0x0
 .iplt          0x000010c4        0x0 c:/program files (x86)/cypress/psoc creator/4.1/psoc creator/import/gnu/arm/5.4.1/bin/../lib/gcc/arm-none-eabi/5.4.1/armv6-m/crtbegin.o

.eh_frame_hdr
 *(.eh_frame_hdr)

.eh_frame       0x000010c4        0x4
 *(.eh_frame)
 .eh_frame      0x000010c4        0x0 c:/program files (x86)/cypress/psoc creator/4.1/psoc creator/import/gnu/arm/5.4.1/bin/../lib/gcc/arm-none-eabi/5.4.1/armv6-m/crtbegin.o
 .eh_frame      0x000010c4        0x4 c:/program files (x86)/cypress/psoc creator/4.1/psoc creator/import/gnu/arm/5.4.1/bin/../lib/gcc/arm-none-eabi/5.4.1/armv6-m/crtend.o
                [!provide]                PROVIDE (__exidx_start, .)

.ARM.exidx
 *(.ARM.exidx* .gnu.linkonce.armexidx.*)
                0x000010c8                __exidx_end = .

.rodata         0x000010c8      0xbe0
 *(.rodata .rodata.* .gnu.linkonce.r.*)
 .rodata        0x000010c8      0x82d .\CortexM0\ARM_GCC_541\Debug\main.o
 *fill*         0x000018f5        0x3 
 .rodata.str1.4
                0x000018f8       0x28 .\CortexM0\ARM_GCC_541\Debug\main.o
 .rodata.str1.4
                0x00001920       0x1c .\CortexM0\ARM_GCC_541\Debug\usbserialprotocol.o
                                 0x1b (size before relaxing)
 .rodata        0x0000193c      0x304 .\CortexM0\ARM_GCC_541\Debug\cyfitter_cfg.o
 .rodata        0x00001c40       0x2e .\CortexM0\ARM_GCC_541\Debug\SECURITY_MODULE.a(CyLib.o)
                0x00001c40                cyImoFreqMhz2Reg
 .rodata.str1.1
                0x00001c6e        0x2 c:/program files (x86)/cypress/psoc creator/4.1/psoc creator/import/gnu/arm/5.4.1/bin/../lib/gcc/arm-none-eabi/5.4.1/../../../../arm-none-eabi/lib/armv6-m\libg_nano.a(lib_a-impure.o)
                0x00001c70                . = ALIGN (0x4)
 *(.init)
 .init          0x00001c70        0x4 c:/program files (x86)/cypress/psoc creator/4.1/psoc creator/import/gnu/arm/5.4.1/bin/../lib/gcc/arm-none-eabi/5.4.1/armv6-m/crti.o
                0x00001c70                _init
 .init          0x00001c74        0x8 c:/program files (x86)/cypress/psoc creator/4.1/psoc creator/import/gnu/arm/5.4.1/bin/../lib/gcc/arm-none-eabi/5.4.1/armv6-m/crtn.o
                0x00001c7c                . = ALIGN (0x4)
                0x00001c7c                __preinit_array_start = .
 *(.preinit_array)
                0x00001c7c                __preinit_array_end = .
                0x00001c7c                . = ALIGN (0x4)
                0x00001c7c                __init_array_start = .
 *(SORT(.init_array.*))
 *(.init_array)
 .init_array    0x00001c7c        0x4 c:/program files (x86)/cypress/psoc creator/4.1/psoc creator/import/gnu/arm/5.4.1/bin/../lib/gcc/arm-none-eabi/5.4.1/armv6-m/crtbegin.o
 .init_array    0x00001c80        0x4 .\CortexM0\ARM_GCC_541\Debug\Cm0Start.o
                0x00001c84                __init_array_end = .
                0x00001c84                . = ALIGN (0x4)
 *(.fini)
 .fini          0x00001c84        0x4 c:/program files (x86)/cypress/psoc creator/4.1/psoc creator/import/gnu/arm/5.4.1/bin/../lib/gcc/arm-none-eabi/5.4.1/armv6-m/crti.o
                0x00001c84                _fini
 .fini          0x00001c88        0x8 c:/program files (x86)/cypress/psoc creator/4.1/psoc creator/import/gnu/arm/5.4.1/bin/../lib/gcc/arm-none-eabi/5.4.1/armv6-m/crtn.o
                0x00001c90                . = ALIGN (0x4)
                0x00001c90                __fini_array_start = .
 *(.fini_array)
 .fini_array    0x00001c90        0x4 c:/program files (x86)/cypress/psoc creator/4.1/psoc creator/import/gnu/arm/5.4.1/bin/../lib/gcc/arm-none-eabi/5.4.1/armv6-m/crtbegin.o
 *(SORT(.fini_array.*))
                0x00001c94                __fini_array_end = .
                0x00001c94                . = ALIGN (0x4)
 *crtbegin.o(.ctors)
 *(EXCLUDE_FILE(*crtend.o) .ctors)
 *(SORT(.ctors.*))
 *crtend.o(.ctors)
                0x00001c94                . = ALIGN (0x4)
 *crtbegin.o(.dtors)
 *(EXCLUDE_FILE(*crtend.o) .dtors)
 *(SORT(.dtors.*))
 *crtend.o(.dtors)
                0x00001c94                . = ALIGN (0x4)
                0x00001c94                __cy_regions = .
                0x00001c94        0x4 LONG 0x1ca8 __cy_region_init_ram
                0x00001c98        0x4 LONG 0x200000c0 __cy_region_start_data
                0x00001c9c        0x4 LONG 0x80 __cy_region_init_size_ram
                0x00001ca0        0x4 LONG 0x168 __cy_region_zero_size_ram
                0x00001ca4                __cy_regions_end = .
                0x00001ca8                . = ALIGN (0x8)
 *fill*         0x00001ca4        0x4 
                0x00001ca8                _etext = .

.cy_checksum_exclude
                0x00001ca8        0x0
 *(.cy_checksum_exclude)

.ramvectors     0x20000000       0xc0
                0x20000000                __cy_region_start_ram = .
 *(.ramvectors)
 .ramvectors    0x20000000       0xc0 .\CortexM0\ARM_GCC_541\Debug\Cm0Start.o
                0x20000000                CyRamVectors

.noinit
 *(.noinit)

.data           0x200000c0       0x80 load address 0x00001ca8
                0x200000c0                __cy_region_start_data = .
 *(.jcr)
 .jcr           0x200000c0        0x0 c:/program files (x86)/cypress/psoc creator/4.1/psoc creator/import/gnu/arm/5.4.1/bin/../lib/gcc/arm-none-eabi/5.4.1/armv6-m/crtbegin.o
 .jcr           0x200000c0        0x4 c:/program files (x86)/cypress/psoc creator/4.1/psoc creator/import/gnu/arm/5.4.1/bin/../lib/gcc/arm-none-eabi/5.4.1/armv6-m/crtend.o
 *(.got.plt)
 *(.got)
 *(.shdata)
 *(.data .data.* .gnu.linkonce.d.*)
 .data          0x200000c4       0x14 .\CortexM0\ARM_GCC_541\Debug\SECURITY_MODULE.a(CyLib.o)
                0x200000c4                CySysClkPumpConfig
                0x200000c8                cydelay32kMs
                0x200000cc                cydelayFreqKhz
                0x200000d0                cydelayFreqMhz
                0x200000d4                cydelayFreqHz
 .data          0x200000d8        0x4 .\CortexM0\ARM_GCC_541\Debug\SECURITY_MODULE.a(CyLFClk.o)
 .data.impure_data
                0x200000dc       0x60 c:/program files (x86)/cypress/psoc creator/4.1/psoc creator/import/gnu/arm/5.4.1/bin/../lib/gcc/arm-none-eabi/5.4.1/../../../../arm-none-eabi/lib/armv6-m\libg_nano.a(lib_a-impure.o)
 .data._impure_ptr
                0x2000013c        0x4 c:/program files (x86)/cypress/psoc creator/4.1/psoc creator/import/gnu/arm/5.4.1/bin/../lib/gcc/arm-none-eabi/5.4.1/../../../../arm-none-eabi/lib/armv6-m\libg_nano.a(lib_a-impure.o)
                0x2000013c                _impure_ptr
                0x20000140                . = ALIGN (0x8)
 *(.ram)
                0x20000140                _edata = .

.igot.plt       0x20000140        0x0 load address 0x00001d28
 .igot.plt      0x20000140        0x0 c:/program files (x86)/cypress/psoc creator/4.1/psoc creator/import/gnu/arm/5.4.1/bin/../lib/gcc/arm-none-eabi/5.4.1/armv6-m/crtbegin.o

.bss            0x20000140      0x168 load address 0x00001d28
                0x20000140                PROVIDE (__bss_start__, .)
 *(.shbss)
 *(.bss .bss.* .gnu.linkonce.b.*)
 .bss           0x20000140       0x1c c:/program files (x86)/cypress/psoc creator/4.1/psoc creator/import/gnu/arm/5.4.1/bin/../lib/gcc/arm-none-eabi/5.4.1/armv6-m/crtbegin.o
 .bss           0x2000015c        0x1 .\CortexM0\ARM_GCC_541\Debug\main.o
 *fill*         0x2000015d        0x3 
 .bss           0x20000160        0xa .\CortexM0\ARM_GCC_541\Debug\SECURITY_MODULE.a(DB_UART.o)
                0x20000160                DB_UART_initVar
                0x20000164                DB_UART_customIntrHandler
                0x20000168                DB_UART_IntrTxMask
 *fill*         0x2000016a        0x2 
 .bss           0x2000016c        0x4 .\CortexM0\ARM_GCC_541\Debug\SECURITY_MODULE.a(CyFlash.o)
 .bss           0x20000170       0x20 .\CortexM0\ARM_GCC_541\Debug\SECURITY_MODULE.a(CyLFClk.o)
 *(COMMON)
 COMMON         0x20000190      0x118 .\CortexM0\ARM_GCC_541\Debug\SECURITY_MODULE.a(DB_UART_SPI_UART.o)
                0x20000190                DB_UART_txBufferTail
                0x20000194                DB_UART_rxBufferInternal
                0x20000218                DB_UART_rxBufferTail
                0x2000021c                DB_UART_txBufferHead
                0x20000220                DB_UART_rxBufferHead
                0x20000224                DB_UART_rxBufferOverflow
                0x20000228                DB_UART_txBufferInternal
                0x200002a8                . = ALIGN (0x8)
 *(.ram.b)
                0x200002a8                _end = .
                0x200002a8                __end = .
                0x200002a8                PROVIDE (end, .)
                0x200002a8                PROVIDE (__bss_end__, .)
                0x00001ca8                __cy_region_init_ram = LOADADDR (.data)
                0x00000080                __cy_region_init_size_ram = (_edata - ADDR (.data))
                0x00000168                __cy_region_zero_size_ram = (_end - _edata)

.heap           0x200002a8      0x1f0 load address 0x00001d28
                0x200002a8                . = _end
                0x20000498                . = (. + 0x1f0)
 *fill*         0x200002a8      0x1f0 
                0x20000498                __cy_heap_limit = .

.stack          0x20000c00      0x400
                0x20000c00                __cy_stack_limit = .
                0x20001000                . = (. + 0x400)
 *fill*         0x20000c00      0x400 
                0x00000001                ASSERT ((__cy_stack_limit >= __cy_heap_limit), region RAM overflowed with stack)
                0x00000000                cy_checksum_exclude_size = (CY_APPL_LOADABLE == 0x1)?SIZEOF (.cy_checksum_exclude):0x0
                0x00000001                ASSERT ((cy_checksum_exclude_size <= CY_CHECKSUM_EXCLUDE_SIZE), CY_BOOT: Section .cy_checksum_exclude size exceedes specified limit.)
                0x00007fc0                cyloadermeta_start = (cy_project_type_bootloader || cy_project_type_app_for_stack_and_copier)?(LENGTH (rom) - CY_METADATA_SIZE):0xf0000000

.cyloadermeta
 *(.cyloadermeta)
                0x00007fc0                cyloadablemeta_start = cy_project_type_app_for_stack_and_copier?((LENGTH (rom) - CY_FLASH_ROW_SIZE) - CY_METADATA_SIZE):((LENGTH (rom) - (CY_FLASH_ROW_SIZE * (CY_APPL_NUM - 0x1))) - CY_METADATA_SIZE)

.cyloadablemeta
 *(.cyloadablemeta)

.cyflashprotect
                0x90400000       0x20
 *(.cyflashprotect)
 .cyflashprotect
                0x90400000       0x20 .\CortexM0\ARM_GCC_541\Debug\cymetadata.o
                0x90400000                cy_meta_flashprotect

.cymeta         0x90500000        0xc
 *(.cymeta)
 .cymeta        0x90500000        0xc .\CortexM0\ARM_GCC_541\Debug\cymetadata.o
                0x90500000                cy_metadata

.cychipprotect  0x90600000        0x1
 *(.cychipprotect)
 .cychipprotect
                0x90600000        0x1 .\CortexM0\ARM_GCC_541\Debug\cymetadata.o
                0x90600000                cy_meta_chipprotect

.rel.dyn        0x00001d28        0x0 load address 0x90600004
 .rel.iplt      0x00001d28        0x0 c:/program files (x86)/cypress/psoc creator/4.1/psoc creator/import/gnu/arm/5.4.1/bin/../lib/gcc/arm-none-eabi/5.4.1/armv6-m/crtbegin.o

.stab
 *(.stab)

.stabstr
 *(.stabstr)

.debug
 *(.debug)

.line
 *(.line)

.debug_srcinfo
 *(.debug_srcinfo)

.debug_sfnames
 *(.debug_sfnames)

.debug_aranges  0x00000000      0x660
 *(.debug_aranges)
 .debug_aranges
                0x00000000       0x38 .\CortexM0\ARM_GCC_541\Debug\main.o
 .debug_aranges
                0x00000038       0x38 .\CortexM0\ARM_GCC_541\Debug\usbserialprotocol.o
 .debug_aranges
                0x00000070       0x38 .\CortexM0\ARM_GCC_541\Debug\cyfitter_cfg.o
 .debug_aranges
                0x000000a8       0x18 .\CortexM0\ARM_GCC_541\Debug\cymetadata.o
 .debug_aranges
                0x000000c0       0x48 .\CortexM0\ARM_GCC_541\Debug\Cm0Start.o
 .debug_aranges
                0x00000108       0x70 .\CortexM0\ARM_GCC_541\Debug\SECURITY_MODULE.a(DB_UART.o)
 .debug_aranges
                0x00000178       0x60 .\CortexM0\ARM_GCC_541\Debug\SECURITY_MODULE.a(DB_UART_SPI_UART.o)
 .debug_aranges
                0x000001d8       0x60 .\CortexM0\ARM_GCC_541\Debug\SECURITY_MODULE.a(DB_UART_UART.o)
 .debug_aranges
                0x00000238       0x30 .\CortexM0\ARM_GCC_541\Debug\SECURITY_MODULE.a(PIGGY_BANK.o)
 .debug_aranges
                0x00000268       0x80 .\CortexM0\ARM_GCC_541\Debug\SECURITY_MODULE.a(Reset_isr.o)
 .debug_aranges
                0x000002e8       0x48 .\CortexM0\ARM_GCC_541\Debug\SECURITY_MODULE.a(SW1.o)
 .debug_aranges
                0x00000330       0x38 .\CortexM0\ARM_GCC_541\Debug\SECURITY_MODULE.a(CyFlash.o)
 .debug_aranges
                0x00000368      0x180 .\CortexM0\ARM_GCC_541\Debug\SECURITY_MODULE.a(CyLib.o)
 .debug_aranges
                0x000004e8      0x138 .\CortexM0\ARM_GCC_541\Debug\SECURITY_MODULE.a(CyLFClk.o)
 .debug_aranges
                0x00000620       0x20 .\CortexM0\ARM_GCC_541\Debug\SECURITY_MODULE.a(CyBootAsmGnu.o)
 .debug_aranges
                0x00000640       0x20 .\CortexM0\ARM_GCC_541\Debug\SECURITY_MODULE.a(DB_UART_SPI_UART_INT.o)

.debug_pubnames
 *(.debug_pubnames)

.debug_info     0x00000000     0x3f67
 *(.debug_info .gnu.linkonce.wi.*)
 .debug_info    0x00000000      0x62e .\CortexM0\ARM_GCC_541\Debug\main.o
 .debug_info    0x0000062e      0x2f9 .\CortexM0\ARM_GCC_541\Debug\usbserialprotocol.o
 .debug_info    0x00000927      0x3b2 .\CortexM0\ARM_GCC_541\Debug\cyfitter_cfg.o
 .debug_info    0x00000cd9       0xf8 .\CortexM0\ARM_GCC_541\Debug\cymetadata.o
 .debug_info    0x00000dd1      0x39c .\CortexM0\ARM_GCC_541\Debug\Cm0Start.o
 .debug_info    0x0000116d      0x2fb .\CortexM0\ARM_GCC_541\Debug\SECURITY_MODULE.a(DB_UART.o)
 .debug_info    0x00001468      0x372 .\CortexM0\ARM_GCC_541\Debug\SECURITY_MODULE.a(DB_UART_SPI_UART.o)
 .debug_info    0x000017da      0x3b1 .\CortexM0\ARM_GCC_541\Debug\SECURITY_MODULE.a(DB_UART_UART.o)
 .debug_info    0x00001b8b      0x1e0 .\CortexM0\ARM_GCC_541\Debug\SECURITY_MODULE.a(PIGGY_BANK.o)
 .debug_info    0x00001d6b      0x305 .\CortexM0\ARM_GCC_541\Debug\SECURITY_MODULE.a(Reset_isr.o)
 .debug_info    0x00002070      0x19d .\CortexM0\ARM_GCC_541\Debug\SECURITY_MODULE.a(SW1.o)
 .debug_info    0x0000220d      0x33d .\CortexM0\ARM_GCC_541\Debug\SECURITY_MODULE.a(CyFlash.o)
 .debug_info    0x0000254a      0xb0b .\CortexM0\ARM_GCC_541\Debug\SECURITY_MODULE.a(CyLib.o)
 .debug_info    0x00003055      0xcfe .\CortexM0\ARM_GCC_541\Debug\SECURITY_MODULE.a(CyLFClk.o)
 .debug_info    0x00003d53       0x8e .\CortexM0\ARM_GCC_541\Debug\SECURITY_MODULE.a(CyBootAsmGnu.o)
 .debug_info    0x00003de1      0x186 .\CortexM0\ARM_GCC_541\Debug\SECURITY_MODULE.a(DB_UART_SPI_UART_INT.o)

.debug_abbrev   0x00000000     0x138a
 *(.debug_abbrev)
 .debug_abbrev  0x00000000      0x12b .\CortexM0\ARM_GCC_541\Debug\main.o
 .debug_abbrev  0x0000012b      0x127 .\CortexM0\ARM_GCC_541\Debug\usbserialprotocol.o
 .debug_abbrev  0x00000252      0x1a2 .\CortexM0\ARM_GCC_541\Debug\cyfitter_cfg.o
 .debug_abbrev  0x000003f4       0x5d .\CortexM0\ARM_GCC_541\Debug\cymetadata.o
 .debug_abbrev  0x00000451      0x1d7 .\CortexM0\ARM_GCC_541\Debug\Cm0Start.o
 .debug_abbrev  0x00000628      0x130 .\CortexM0\ARM_GCC_541\Debug\SECURITY_MODULE.a(DB_UART.o)
 .debug_abbrev  0x00000758      0x168 .\CortexM0\ARM_GCC_541\Debug\SECURITY_MODULE.a(DB_UART_SPI_UART.o)
 .debug_abbrev  0x000008c0      0x136 .\CortexM0\ARM_GCC_541\Debug\SECURITY_MODULE.a(DB_UART_UART.o)
 .debug_abbrev  0x000009f6       0xf8 .\CortexM0\ARM_GCC_541\Debug\SECURITY_MODULE.a(PIGGY_BANK.o)
 .debug_abbrev  0x00000aee      0x19a .\CortexM0\ARM_GCC_541\Debug\SECURITY_MODULE.a(Reset_isr.o)
 .debug_abbrev  0x00000c88       0xc8 .\CortexM0\ARM_GCC_541\Debug\SECURITY_MODULE.a(SW1.o)
 .debug_abbrev  0x00000d50      0x19c .\CortexM0\ARM_GCC_541\Debug\SECURITY_MODULE.a(CyFlash.o)
 .debug_abbrev  0x00000eec      0x1e0 .\CortexM0\ARM_GCC_541\Debug\SECURITY_MODULE.a(CyLib.o)
 .debug_abbrev  0x000010cc      0x210 .\CortexM0\ARM_GCC_541\Debug\SECURITY_MODULE.a(CyLFClk.o)
 .debug_abbrev  0x000012dc       0x14 .\CortexM0\ARM_GCC_541\Debug\SECURITY_MODULE.a(CyBootAsmGnu.o)
 .debug_abbrev  0x000012f0       0x9a .\CortexM0\ARM_GCC_541\Debug\SECURITY_MODULE.a(DB_UART_SPI_UART_INT.o)

.debug_line     0x00000000     0x1a80
 *(.debug_line)
 .debug_line    0x00000000      0x1c2 .\CortexM0\ARM_GCC_541\Debug\main.o
 .debug_line    0x000001c2      0x159 .\CortexM0\ARM_GCC_541\Debug\usbserialprotocol.o
 .debug_line    0x0000031b      0x16c .\CortexM0\ARM_GCC_541\Debug\cyfitter_cfg.o
 .debug_line    0x00000487      0x141 .\CortexM0\ARM_GCC_541\Debug\cymetadata.o
 .debug_line    0x000005c8      0x235 .\CortexM0\ARM_GCC_541\Debug\Cm0Start.o
 .debug_line    0x000007fd      0x161 .\CortexM0\ARM_GCC_541\Debug\SECURITY_MODULE.a(DB_UART.o)
 .debug_line    0x0000095e      0x155 .\CortexM0\ARM_GCC_541\Debug\SECURITY_MODULE.a(DB_UART_SPI_UART.o)
 .debug_line    0x00000ab3      0x180 .\CortexM0\ARM_GCC_541\Debug\SECURITY_MODULE.a(DB_UART_UART.o)
 .debug_line    0x00000c33       0xce .\CortexM0\ARM_GCC_541\Debug\SECURITY_MODULE.a(PIGGY_BANK.o)
 .debug_line    0x00000d01      0x151 .\CortexM0\ARM_GCC_541\Debug\SECURITY_MODULE.a(Reset_isr.o)
 .debug_line    0x00000e52       0xbb .\CortexM0\ARM_GCC_541\Debug\SECURITY_MODULE.a(SW1.o)
 .debug_line    0x00000f0d      0x18d .\CortexM0\ARM_GCC_541\Debug\SECURITY_MODULE.a(CyFlash.o)
 .debug_line    0x0000109a      0x460 .\CortexM0\ARM_GCC_541\Debug\SECURITY_MODULE.a(CyLib.o)
 .debug_line    0x000014fa      0x466 .\CortexM0\ARM_GCC_541\Debug\SECURITY_MODULE.a(CyLFClk.o)
 .debug_line    0x00001960       0x69 .\CortexM0\ARM_GCC_541\Debug\SECURITY_MODULE.a(CyBootAsmGnu.o)
 .debug_line    0x000019c9       0xb7 .\CortexM0\ARM_GCC_541\Debug\SECURITY_MODULE.a(DB_UART_SPI_UART_INT.o)

.debug_frame    0x00000000     0x102c
 *(.debug_frame)
 .debug_frame   0x00000000       0x94 .\CortexM0\ARM_GCC_541\Debug\main.o
 .debug_frame   0x00000094       0x90 .\CortexM0\ARM_GCC_541\Debug\usbserialprotocol.o
 .debug_frame   0x00000124       0x8c .\CortexM0\ARM_GCC_541\Debug\cyfitter_cfg.o
 .debug_frame   0x000001b0       0xbc .\CortexM0\ARM_GCC_541\Debug\Cm0Start.o
 .debug_frame   0x0000026c      0x114 .\CortexM0\ARM_GCC_541\Debug\SECURITY_MODULE.a(DB_UART.o)
 .debug_frame   0x00000380       0xc8 .\CortexM0\ARM_GCC_541\Debug\SECURITY_MODULE.a(DB_UART_SPI_UART.o)
 .debug_frame   0x00000448       0xe0 .\CortexM0\ARM_GCC_541\Debug\SECURITY_MODULE.a(DB_UART_UART.o)
 .debug_frame   0x00000528       0x60 .\CortexM0\ARM_GCC_541\Debug\SECURITY_MODULE.a(PIGGY_BANK.o)
 .debug_frame   0x00000588      0x110 .\CortexM0\ARM_GCC_541\Debug\SECURITY_MODULE.a(Reset_isr.o)
 .debug_frame   0x00000698       0x70 .\CortexM0\ARM_GCC_541\Debug\SECURITY_MODULE.a(SW1.o)
 .debug_frame   0x00000708       0x74 .\CortexM0\ARM_GCC_541\Debug\SECURITY_MODULE.a(CyFlash.o)
 .debug_frame   0x0000077c      0x3e0 .\CortexM0\ARM_GCC_541\Debug\SECURITY_MODULE.a(CyLib.o)
 .debug_frame   0x00000b5c      0x3a8 .\CortexM0\ARM_GCC_541\Debug\SECURITY_MODULE.a(CyLFClk.o)
 .debug_frame   0x00000f04       0x2c .\CortexM0\ARM_GCC_541\Debug\SECURITY_MODULE.a(DB_UART_SPI_UART_INT.o)
 .debug_frame   0x00000f30       0x20 c:/program files (x86)/cypress/psoc creator/4.1/psoc creator/import/gnu/arm/5.4.1/bin/../lib/gcc/arm-none-eabi/5.4.1/armv6-m\libgcc.a(_udivsi3.o)
 .debug_frame   0x00000f50       0x20 c:/program files (x86)/cypress/psoc creator/4.1/psoc creator/import/gnu/arm/5.4.1/bin/../lib/gcc/arm-none-eabi/5.4.1/../../../../arm-none-eabi/lib/armv6-m\libg_nano.a(lib_a-errno.o)
 .debug_frame   0x00000f70       0x28 c:/program files (x86)/cypress/psoc creator/4.1/psoc creator/import/gnu/arm/5.4.1/bin/../lib/gcc/arm-none-eabi/5.4.1/../../../../arm-none-eabi/lib/armv6-m\libg_nano.a(lib_a-exit.o)
 .debug_frame   0x00000f98       0x2c c:/program files (x86)/cypress/psoc creator/4.1/psoc creator/import/gnu/arm/5.4.1/bin/../lib/gcc/arm-none-eabi/5.4.1/../../../../arm-none-eabi/lib/armv6-m\libg_nano.a(lib_a-init.o)
 .debug_frame   0x00000fc4       0x28 c:/program files (x86)/cypress/psoc creator/4.1/psoc creator/import/gnu/arm/5.4.1/bin/../lib/gcc/arm-none-eabi/5.4.1/../../../../arm-none-eabi/lib/armv6-m\libg_nano.a(lib_a-memcpy-stub.o)
 .debug_frame   0x00000fec       0x20 c:/program files (x86)/cypress/psoc creator/4.1/psoc creator/import/gnu/arm/5.4.1/bin/../lib/gcc/arm-none-eabi/5.4.1/../../../../arm-none-eabi/lib/armv6-m\libg_nano.a(lib_a-memset.o)
 .debug_frame   0x0000100c       0x20 c:/program files (x86)/cypress/psoc creator/4.1/psoc creator/import/gnu/arm/5.4.1/bin/../lib/gcc/arm-none-eabi/5.4.1/../../../../arm-none-eabi/lib/armv6-m\libg_nano.a(lib_a-strcmp.o)

.debug_str      0x00000000     0x1774
 *(.debug_str)
 .debug_str     0x00000000      0x254 .\CortexM0\ARM_GCC_541\Debug\main.o
                                0x294 (size before relaxing)
 .debug_str     0x00000254       0x82 .\CortexM0\ARM_GCC_541\Debug\usbserialprotocol.o
                                0x248 (size before relaxing)
 .debug_str     0x000002d6      0x119 .\CortexM0\ARM_GCC_541\Debug\cyfitter_cfg.o
                                0x2c9 (size before relaxing)
 .debug_str     0x000003ef       0x63 .\CortexM0\ARM_GCC_541\Debug\cymetadata.o
                                0x1c6 (size before relaxing)
 .debug_str     0x00000452      0x13a .\CortexM0\ARM_GCC_541\Debug\Cm0Start.o
                                0x2ff (size before relaxing)
 .debug_str     0x0000058c      0x1b3 .\CortexM0\ARM_GCC_541\Debug\SECURITY_MODULE.a(DB_UART.o)
                                0x360 (size before relaxing)
 .debug_str     0x0000073f      0x1c8 .\CortexM0\ARM_GCC_541\Debug\SECURITY_MODULE.a(DB_UART_SPI_UART.o)
                                0x3b2 (size before relaxing)
 .debug_str     0x00000907       0xeb .\CortexM0\ARM_GCC_541\Debug\SECURITY_MODULE.a(DB_UART_UART.o)
                                0x3d6 (size before relaxing)
 .debug_str     0x000009f2       0xab .\CortexM0\ARM_GCC_541\Debug\SECURITY_MODULE.a(PIGGY_BANK.o)
                                0x258 (size before relaxing)
 .debug_str     0x00000a9d      0x160 .\CortexM0\ARM_GCC_541\Debug\SECURITY_MODULE.a(Reset_isr.o)
                                0x320 (size before relaxing)
 .debug_str     0x00000bfd       0x8f .\CortexM0\ARM_GCC_541\Debug\SECURITY_MODULE.a(SW1.o)
                                0x226 (size before relaxing)
 .debug_str     0x00000c8c      0x13a .\CortexM0\ARM_GCC_541\Debug\SECURITY_MODULE.a(CyFlash.o)
                                0x32c (size before relaxing)
 .debug_str     0x00000dc6      0x44e .\CortexM0\ARM_GCC_541\Debug\SECURITY_MODULE.a(CyLib.o)
                                0x6c2 (size before relaxing)
 .debug_str     0x00001214      0x51d .\CortexM0\ARM_GCC_541\Debug\SECURITY_MODULE.a(CyLFClk.o)
                                0x73b (size before relaxing)
 .debug_str     0x00001731       0x43 .\CortexM0\ARM_GCC_541\Debug\SECURITY_MODULE.a(DB_UART_SPI_UART_INT.o)
                                0x2a5 (size before relaxing)

.debug_loc      0x00000000     0x1c33
 *(.debug_loc)
 .debug_loc     0x00000000       0x8b .\CortexM0\ARM_GCC_541\Debug\main.o
 .debug_loc     0x0000008b      0x10d .\CortexM0\ARM_GCC_541\Debug\usbserialprotocol.o
 .debug_loc     0x00000198      0x118 .\CortexM0\ARM_GCC_541\Debug\cyfitter_cfg.o
 .debug_loc     0x000002b0      0x14f .\CortexM0\ARM_GCC_541\Debug\Cm0Start.o
 .debug_loc     0x000003ff       0x7e .\CortexM0\ARM_GCC_541\Debug\SECURITY_MODULE.a(DB_UART.o)
 .debug_loc     0x0000047d      0x170 .\CortexM0\ARM_GCC_541\Debug\SECURITY_MODULE.a(DB_UART_SPI_UART.o)
 .debug_loc     0x000005ed      0x184 .\CortexM0\ARM_GCC_541\Debug\SECURITY_MODULE.a(DB_UART_UART.o)
 .debug_loc     0x00000771      0x1c2 .\CortexM0\ARM_GCC_541\Debug\SECURITY_MODULE.a(PIGGY_BANK.o)
 .debug_loc     0x00000933       0x82 .\CortexM0\ARM_GCC_541\Debug\SECURITY_MODULE.a(Reset_isr.o)
 .debug_loc     0x000009b5       0xa2 .\CortexM0\ARM_GCC_541\Debug\SECURITY_MODULE.a(SW1.o)
 .debug_loc     0x00000a57      0x21f .\CortexM0\ARM_GCC_541\Debug\SECURITY_MODULE.a(CyFlash.o)
 .debug_loc     0x00000c76      0x5cb .\CortexM0\ARM_GCC_541\Debug\SECURITY_MODULE.a(CyLib.o)
 .debug_loc     0x00001241      0x9b5 .\CortexM0\ARM_GCC_541\Debug\SECURITY_MODULE.a(CyLFClk.o)
 .debug_loc     0x00001bf6       0x3d .\CortexM0\ARM_GCC_541\Debug\SECURITY_MODULE.a(DB_UART_SPI_UART_INT.o)

.debug_macinfo
 *(.debug_macinfo)

.debug_ranges   0x00000000      0x548
 *(.debug_ranges)
 .debug_ranges  0x00000000       0x28 .\CortexM0\ARM_GCC_541\Debug\main.o
 .debug_ranges  0x00000028       0x28 .\CortexM0\ARM_GCC_541\Debug\usbserialprotocol.o
 .debug_ranges  0x00000050       0x28 .\CortexM0\ARM_GCC_541\Debug\cyfitter_cfg.o
 .debug_ranges  0x00000078       0x38 .\CortexM0\ARM_GCC_541\Debug\Cm0Start.o
 .debug_ranges  0x000000b0       0x60 .\CortexM0\ARM_GCC_541\Debug\SECURITY_MODULE.a(DB_UART.o)
 .debug_ranges  0x00000110       0x50 .\CortexM0\ARM_GCC_541\Debug\SECURITY_MODULE.a(DB_UART_SPI_UART.o)
 .debug_ranges  0x00000160       0x50 .\CortexM0\ARM_GCC_541\Debug\SECURITY_MODULE.a(DB_UART_UART.o)
 .debug_ranges  0x000001b0       0x20 .\CortexM0\ARM_GCC_541\Debug\SECURITY_MODULE.a(PIGGY_BANK.o)
 .debug_ranges  0x000001d0       0x70 .\CortexM0\ARM_GCC_541\Debug\SECURITY_MODULE.a(Reset_isr.o)
 .debug_ranges  0x00000240       0x38 .\CortexM0\ARM_GCC_541\Debug\SECURITY_MODULE.a(SW1.o)
 .debug_ranges  0x00000278       0x28 .\CortexM0\ARM_GCC_541\Debug\SECURITY_MODULE.a(CyFlash.o)
 .debug_ranges  0x000002a0      0x170 .\CortexM0\ARM_GCC_541\Debug\SECURITY_MODULE.a(CyLib.o)
 .debug_ranges  0x00000410      0x128 .\CortexM0\ARM_GCC_541\Debug\SECURITY_MODULE.a(CyLFClk.o)
 .debug_ranges  0x00000538       0x10 .\CortexM0\ARM_GCC_541\Debug\SECURITY_MODULE.a(DB_UART_SPI_UART_INT.o)

.comment        0x00000000       0x6e
 .comment       0x00000000       0x6e .\CortexM0\ARM_GCC_541\Debug\main.o
                                 0x6f (size before relaxing)
 .comment       0x0000006e       0x6f .\CortexM0\ARM_GCC_541\Debug\usbserialprotocol.o
 .comment       0x0000006e       0x6f .\CortexM0\ARM_GCC_541\Debug\cyfitter_cfg.o
 .comment       0x0000006e       0x6f .\CortexM0\ARM_GCC_541\Debug\cymetadata.o
 .comment       0x0000006e       0x6f .\CortexM0\ARM_GCC_541\Debug\Cm0Start.o
 .comment       0x0000006e       0x6f .\CortexM0\ARM_GCC_541\Debug\SECURITY_MODULE.a(DB_UART.o)
 .comment       0x0000006e       0x6f .\CortexM0\ARM_GCC_541\Debug\SECURITY_MODULE.a(DB_UART_SPI_UART.o)
 .comment       0x0000006e       0x6f .\CortexM0\ARM_GCC_541\Debug\SECURITY_MODULE.a(DB_UART_UART.o)
 .comment       0x0000006e       0x6f .\CortexM0\ARM_GCC_541\Debug\SECURITY_MODULE.a(PIGGY_BANK.o)
 .comment       0x0000006e       0x6f .\CortexM0\ARM_GCC_541\Debug\SECURITY_MODULE.a(Reset_isr.o)
 .comment       0x0000006e       0x6f .\CortexM0\ARM_GCC_541\Debug\SECURITY_MODULE.a(SW1.o)
 .comment       0x0000006e       0x6f .\CortexM0\ARM_GCC_541\Debug\SECURITY_MODULE.a(CyFlash.o)
 .comment       0x0000006e       0x6f .\CortexM0\ARM_GCC_541\Debug\SECURITY_MODULE.a(CyLib.o)
 .comment       0x0000006e       0x6f .\CortexM0\ARM_GCC_541\Debug\SECURITY_MODULE.a(CyLFClk.o)
 .comment       0x0000006e       0x6f .\CortexM0\ARM_GCC_541\Debug\SECURITY_MODULE.a(DB_UART_SPI_UART_INT.o)

.debug_weaknames
 *(.debug_weaknames)

.debug_funcnames
 *(.debug_funcnames)

.debug_typenames
 *(.debug_typenames)

.debug_varnames
 *(.debug_varnames)

.note.gnu.arm.ident
 *(.note.gnu.arm.ident)

.ARM.attributes
                0x00000000       0x28
 *(.ARM.attributes)
 .ARM.attributes
                0x00000000       0x1e c:/program files (x86)/cypress/psoc creator/4.1/psoc creator/import/gnu/arm/5.4.1/bin/../lib/gcc/arm-none-eabi/5.4.1/armv6-m/crti.o
 .ARM.attributes
                0x0000001e       0x2c c:/program files (x86)/cypress/psoc creator/4.1/psoc creator/import/gnu/arm/5.4.1/bin/../lib/gcc/arm-none-eabi/5.4.1/armv6-m/crtbegin.o
 .ARM.attributes
                0x0000004a       0x1b c:/program files (x86)/cypress/psoc creator/4.1/psoc creator/import/gnu/arm/5.4.1/bin/../lib/gcc/arm-none-eabi/5.4.1/../../../../arm-none-eabi/lib/armv6-m/crt0.o
 .ARM.attributes
                0x00000065       0x31 .\CortexM0\ARM_GCC_541\Debug\main.o
 .ARM.attributes
                0x00000096       0x31 .\CortexM0\ARM_GCC_541\Debug\usbserialprotocol.o
 .ARM.attributes
                0x000000c7       0x31 .\CortexM0\ARM_GCC_541\Debug\cyfitter_cfg.o
 .ARM.attributes
                0x000000f8       0x31 .\CortexM0\ARM_GCC_541\Debug\cymetadata.o
 .ARM.attributes
                0x00000129       0x31 .\CortexM0\ARM_GCC_541\Debug\Cm0Start.o
 .ARM.attributes
                0x0000015a       0x31 .\CortexM0\ARM_GCC_541\Debug\SECURITY_MODULE.a(DB_UART.o)
 .ARM.attributes
                0x0000018b       0x31 .\CortexM0\ARM_GCC_541\Debug\SECURITY_MODULE.a(DB_UART_SPI_UART.o)
 .ARM.attributes
                0x000001bc       0x31 .\CortexM0\ARM_GCC_541\Debug\SECURITY_MODULE.a(DB_UART_UART.o)
 .ARM.attributes
                0x000001ed       0x31 .\CortexM0\ARM_GCC_541\Debug\SECURITY_MODULE.a(PIGGY_BANK.o)
 .ARM.attributes
                0x0000021e       0x31 .\CortexM0\ARM_GCC_541\Debug\SECURITY_MODULE.a(Reset_isr.o)
 .ARM.attributes
                0x0000024f       0x31 .\CortexM0\ARM_GCC_541\Debug\SECURITY_MODULE.a(SW1.o)
 .ARM.attributes
                0x00000280       0x31 .\CortexM0\ARM_GCC_541\Debug\SECURITY_MODULE.a(CyFlash.o)
 .ARM.attributes
                0x000002b1       0x31 .\CortexM0\ARM_GCC_541\Debug\SECURITY_MODULE.a(CyLib.o)
 .ARM.attributes
                0x000002e2       0x31 .\CortexM0\ARM_GCC_541\Debug\SECURITY_MODULE.a(CyLFClk.o)
 .ARM.attributes
                0x00000313       0x21 .\CortexM0\ARM_GCC_541\Debug\SECURITY_MODULE.a(CyBootAsmGnu.o)
 .ARM.attributes
                0x00000334       0x31 .\CortexM0\ARM_GCC_541\Debug\SECURITY_MODULE.a(DB_UART_SPI_UART_INT.o)
 .ARM.attributes
                0x00000365       0x1e c:/program files (x86)/cypress/psoc creator/4.1/psoc creator/import/gnu/arm/5.4.1/bin/../lib/gcc/arm-none-eabi/5.4.1/armv6-m\libgcc.a(_udivsi3.o)
 .ARM.attributes
                0x00000383       0x1e c:/program files (x86)/cypress/psoc creator/4.1/psoc creator/import/gnu/arm/5.4.1/bin/../lib/gcc/arm-none-eabi/5.4.1/armv6-m\libgcc.a(_dvmd_tls.o)
 .ARM.attributes
                0x000003a1       0x2c c:/program files (x86)/cypress/psoc creator/4.1/psoc creator/import/gnu/arm/5.4.1/bin/../lib/gcc/arm-none-eabi/5.4.1/../../../../arm-none-eabi/lib/armv6-m\libg_nano.a(lib_a-errno.o)
 .ARM.attributes
                0x000003cd       0x2c c:/program files (x86)/cypress/psoc creator/4.1/psoc creator/import/gnu/arm/5.4.1/bin/../lib/gcc/arm-none-eabi/5.4.1/../../../../arm-none-eabi/lib/armv6-m\libg_nano.a(lib_a-exit.o)
 .ARM.attributes
                0x000003f9       0x2c c:/program files (x86)/cypress/psoc creator/4.1/psoc creator/import/gnu/arm/5.4.1/bin/../lib/gcc/arm-none-eabi/5.4.1/../../../../arm-none-eabi/lib/armv6-m\libg_nano.a(lib_a-impure.o)
 .ARM.attributes
                0x00000425       0x2c c:/program files (x86)/cypress/psoc creator/4.1/psoc creator/import/gnu/arm/5.4.1/bin/../lib/gcc/arm-none-eabi/5.4.1/../../../../arm-none-eabi/lib/armv6-m\libg_nano.a(lib_a-init.o)
 .ARM.attributes
                0x00000451       0x2c c:/program files (x86)/cypress/psoc creator/4.1/psoc creator/import/gnu/arm/5.4.1/bin/../lib/gcc/arm-none-eabi/5.4.1/../../../../arm-none-eabi/lib/armv6-m\libg_nano.a(lib_a-memcpy-stub.o)
 .ARM.attributes
                0x0000047d       0x2c c:/program files (x86)/cypress/psoc creator/4.1/psoc creator/import/gnu/arm/5.4.1/bin/../lib/gcc/arm-none-eabi/5.4.1/../../../../arm-none-eabi/lib/armv6-m\libg_nano.a(lib_a-memset.o)
 .ARM.attributes
                0x000004a9       0x1c c:/program files (x86)/cypress/psoc creator/4.1/psoc creator/import/gnu/arm/5.4.1/bin/../lib/gcc/arm-none-eabi/5.4.1/../../../../arm-none-eabi/lib/armv6-m\libg_nano.a(lib_a-strcmp.o)
 .ARM.attributes
                0x000004c5       0x1c c:/program files (x86)/cypress/psoc creator/4.1/psoc creator/import/gnu/arm/5.4.1/bin/../lib/gcc/arm-none-eabi/5.4.1/../../../../arm-none-eabi/lib/armv6-m\libg_nano.a(lib_a-strlen.o)
 .ARM.attributes
                0x000004e1       0x2c c:/program files (x86)/cypress/psoc creator/4.1/psoc creator/import/gnu/arm/5.4.1/bin/../lib/gcc/arm-none-eabi/5.4.1/armv6-m/crtend.o
 .ARM.attributes
                0x0000050d       0x1e c:/program files (x86)/cypress/psoc creator/4.1/psoc creator/import/gnu/arm/5.4.1/bin/../lib/gcc/arm-none-eabi/5.4.1/armv6-m/crtn.o

/DISCARD/
 *(.note.GNU-stack)
OUTPUT(C:\Users\Nighdragon\Documents\GitHub\ectf\SECURITY_MODULE.cydsn\CortexM0\ARM_GCC_541\Debug\SECURITY_MODULE.elf elf32-littlearm)
