Archive member included to satisfy reference by file (symbol)

.\CortexM0\ARM_GCC_541\Debug\SECURITY_MODULE.a(DB_UART.o)
                              .\CortexM0\ARM_GCC_541\Debug\main.o (DB_UART_Start)
.\CortexM0\ARM_GCC_541\Debug\SECURITY_MODULE.a(DB_UART_SPI_UART.o)
                              .\CortexM0\ARM_GCC_541\Debug\usbserialprotocol.o (DB_UART_SpiUartGetRxBufferSize)
.\CortexM0\ARM_GCC_541\Debug\SECURITY_MODULE.a(DB_UART_UART.o)
                              .\CortexM0\ARM_GCC_541\Debug\SECURITY_MODULE.a(DB_UART.o) (DB_UART_UartInit)
.\CortexM0\ARM_GCC_541\Debug\SECURITY_MODULE.a(PIGGY_BANK.o)
                              .\CortexM0\ARM_GCC_541\Debug\main.o (PIGGY_BANK_Start)
.\CortexM0\ARM_GCC_541\Debug\SECURITY_MODULE.a(Reset_isr.o)
                              .\CortexM0\ARM_GCC_541\Debug\main.o (Reset_isr_StartEx)
.\CortexM0\ARM_GCC_541\Debug\SECURITY_MODULE.a(SW1.o)
                              .\CortexM0\ARM_GCC_541\Debug\main.o (SW1_ClearInterrupt)
.\CortexM0\ARM_GCC_541\Debug\SECURITY_MODULE.a(CyFlash.o)
                              .\CortexM0\ARM_GCC_541\Debug\SECURITY_MODULE.a(PIGGY_BANK.o) (CySysFlashWriteRow)
.\CortexM0\ARM_GCC_541\Debug\SECURITY_MODULE.a(CyLib.o)
                              .\CortexM0\ARM_GCC_541\Debug\cyfitter_cfg.o (CyIntEnable)
.\CortexM0\ARM_GCC_541\Debug\SECURITY_MODULE.a(CyLFClk.o)
                              .\CortexM0\ARM_GCC_541\Debug\cyfitter_cfg.o (CySysWdtIsr)
.\CortexM0\ARM_GCC_541\Debug\SECURITY_MODULE.a(CyBootAsmGnu.o)
                              .\CortexM0\ARM_GCC_541\Debug\SECURITY_MODULE.a(CyLib.o) (CyDelayCycles)
.\CortexM0\ARM_GCC_541\Debug\SECURITY_MODULE.a(DB_UART_SPI_UART_INT.o)
                              .\CortexM0\ARM_GCC_541\Debug\SECURITY_MODULE.a(DB_UART_UART.o) (DB_UART_SPI_UART_ISR)
c:/program files (x86)/cypress/psoc creator/4.1/psoc creator/import/gnu/arm/5.4.1/bin/../lib/gcc/arm-none-eabi/5.4.1/armv6-m\libgcc.a(_udivsi3.o)
                              .\CortexM0\ARM_GCC_541\Debug\SECURITY_MODULE.a(CyLib.o) (__aeabi_uidiv)
c:/program files (x86)/cypress/psoc creator/4.1/psoc creator/import/gnu/arm/5.4.1/bin/../lib/gcc/arm-none-eabi/5.4.1/armv6-m\libgcc.a(_dvmd_tls.o)
                              c:/program files (x86)/cypress/psoc creator/4.1/psoc creator/import/gnu/arm/5.4.1/bin/../lib/gcc/arm-none-eabi/5.4.1/armv6-m\libgcc.a(_udivsi3.o) (__aeabi_idiv0)
c:/program files (x86)/cypress/psoc creator/4.1/psoc creator/import/gnu/arm/5.4.1/bin/../lib/gcc/arm-none-eabi/5.4.1/../../../../arm-none-eabi/lib/armv6-m\libg_nano.a(lib_a-atoi.o)
                              .\CortexM0\ARM_GCC_541\Debug\main.o (atoi)
c:/program files (x86)/cypress/psoc creator/4.1/psoc creator/import/gnu/arm/5.4.1/bin/../lib/gcc/arm-none-eabi/5.4.1/../../../../arm-none-eabi/lib/armv6-m\libg_nano.a(lib_a-errno.o)
                              .\CortexM0\ARM_GCC_541\Debug\Cm0Start.o (__errno)
c:/program files (x86)/cypress/psoc creator/4.1/psoc creator/import/gnu/arm/5.4.1/bin/../lib/gcc/arm-none-eabi/5.4.1/../../../../arm-none-eabi/lib/armv6-m\libg_nano.a(lib_a-exit.o)
                              c:/program files (x86)/cypress/psoc creator/4.1/psoc creator/import/gnu/arm/5.4.1/bin/../lib/gcc/arm-none-eabi/5.4.1/../../../../arm-none-eabi/lib/armv6-m/crt0.o (exit)
c:/program files (x86)/cypress/psoc creator/4.1/psoc creator/import/gnu/arm/5.4.1/bin/../lib/gcc/arm-none-eabi/5.4.1/../../../../arm-none-eabi/lib/armv6-m\libg_nano.a(lib_a-impure.o)
                              c:/program files (x86)/cypress/psoc creator/4.1/psoc creator/import/gnu/arm/5.4.1/bin/../lib/gcc/arm-none-eabi/5.4.1/../../../../arm-none-eabi/lib/armv6-m\libg_nano.a(lib_a-exit.o) (_global_impure_ptr)
c:/program files (x86)/cypress/psoc creator/4.1/psoc creator/import/gnu/arm/5.4.1/bin/../lib/gcc/arm-none-eabi/5.4.1/../../../../arm-none-eabi/lib/armv6-m\libg_nano.a(lib_a-init.o)
                              c:/program files (x86)/cypress/psoc creator/4.1/psoc creator/import/gnu/arm/5.4.1/bin/../lib/gcc/arm-none-eabi/5.4.1/../../../../arm-none-eabi/lib/armv6-m/crt0.o (__libc_init_array)
c:/program files (x86)/cypress/psoc creator/4.1/psoc creator/import/gnu/arm/5.4.1/bin/../lib/gcc/arm-none-eabi/5.4.1/../../../../arm-none-eabi/lib/armv6-m\libg_nano.a(lib_a-memcpy-stub.o)
                              .\CortexM0\ARM_GCC_541\Debug\main.o (memcpy)
c:/program files (x86)/cypress/psoc creator/4.1/psoc creator/import/gnu/arm/5.4.1/bin/../lib/gcc/arm-none-eabi/5.4.1/../../../../arm-none-eabi/lib/armv6-m\libg_nano.a(lib_a-memset.o)
                              c:/program files (x86)/cypress/psoc creator/4.1/psoc creator/import/gnu/arm/5.4.1/bin/../lib/gcc/arm-none-eabi/5.4.1/../../../../arm-none-eabi/lib/armv6-m/crt0.o (memset)
c:/program files (x86)/cypress/psoc creator/4.1/psoc creator/import/gnu/arm/5.4.1/bin/../lib/gcc/arm-none-eabi/5.4.1/../../../../arm-none-eabi/lib/armv6-m\libg_nano.a(lib_a-strcmp.o)
[...]
Memory Configuration

Name             Origin             Length             Attributes
rom              0x00000000         0x00008000         xr
ram              0x20000000         0x00001000         xrw
*default*        0x00000000         0xffffffff

Linker script and memory map

LOAD c:/program files (x86)/cypress/psoc creator/4.1/psoc creator/import/gnu/arm/5.4.1/bin/../lib/gcc/arm-none-eabi/5.4.1/armv6-m/crti.o
LOAD c:/program files (x86)/cypress/psoc creator/4.1/psoc creator/import/gnu/arm/5.4.1/bin/../lib/gcc/arm-none-eabi/5.4.1/armv6-m/crtbegin.o
LOAD c:/program files (x86)/cypress/psoc creator/4.1/psoc creator/import/gnu/arm/5.4.1/bin/../lib/gcc/arm-none-eabi/5.4.1/../../../../arm-none-eabi/lib/armv6-m/crt0.o
START GROUP
LOAD .\CortexM0\ARM_GCC_541\Debug\main.o
LOAD .\CortexM0\ARM_GCC_541\Debug\usbserialprotocol.o
LOAD .\CortexM0\ARM_GCC_541\Debug\aes.o
LOAD .\CortexM0\ARM_GCC_541\Debug\SuperFastHash.o
LOAD .\CortexM0\ARM_GCC_541\Debug\cyfitter_cfg.o
LOAD .\CortexM0\ARM_GCC_541\Debug\cymetadata.o
LOAD .\CortexM0\ARM_GCC_541\Debug\Cm0Start.o
LOAD .\CortexM0\ARM_GCC_541\Debug\SECURITY_MODULE.a
LOAD C:\Program Files (x86)\Cypress\PSoC Creator\4.1\PSoC Creator\psoc\content\cycomponentlibrary\CyComponentLibrary.cylib\CortexM0\ARM_GCC_541\Debug\CyComponentLibrary.a
END GROUP
START GROUP
LOAD c:/program files (x86)/cypress/psoc creator/4.1/psoc creator/import/gnu/arm/5.4.1/bin/../lib/gcc/arm-none-eabi/5.4.1/armv6-m\libgcc.a
LOAD c:/program files (x86)/cypress/psoc creator/4.1/psoc creator/import/gnu/arm/5.4.1/bin/../lib/gcc/arm-none-eabi/5.4.1/../../../../arm-none-eabi/lib/armv6-m\libg_nano.a
LOAD c:/program files (x86)/cypress/psoc creator/4.1/psoc creator/import/gnu/arm/5.4.1/bin/../lib/gcc/arm-none-eabi/5.4.1/../../../../arm-none-eabi/lib/armv6-m\libc_nano.a
END GROUP
START GROUP
LOAD c:/program files (x86)/cypress/psoc creator/4.1/psoc creator/import/gnu/arm/5.4.1/bin/../lib/gcc/arm-none-eabi/5.4.1/armv6-m\libgcc.a
LOAD c:/program files (x86)/cypress/psoc creator/4.1/psoc creator/import/gnu/arm/5.4.1/bin/../lib/gcc/arm-none-eabi/5.4.1/../../../../arm-none-eabi/lib/armv6-m\libc_nano.a
END GROUP
LOAD c:/program files (x86)/cypress/psoc creator/4.1/psoc creator/import/gnu/arm/5.4.1/bin/../lib/gcc/arm-none-eabi/5.4.1/armv6-m/crtend.o
LOAD c:/program files (x86)/cypress/psoc creator/4.1/psoc creator/import/gnu/arm/5.4.1/bin/../lib/gcc/arm-none-eabi/5.4.1/armv6-m/crtn.o
START GROUP
LOAD c:/program files (x86)/cypress/psoc creator/4.1/psoc creator/import/gnu/arm/5.4.1/bin/../lib/gcc/arm-none-eabi/5.4.1/armv6-m\libgcc.a
LOAD c:/program files (x86)/cypress/psoc creator/4.1/psoc creator/import/gnu/arm/5.4.1/bin/../lib/gcc/arm-none-eabi/5.4.1/../../../../arm-none-eabi/lib/armv6-m\libc.a
LOAD c:/program files (x86)/cypress/psoc creator/4.1/psoc creator/import/gnu/arm/5.4.1/bin/../lib/gcc/arm-none-eabi/5.4.1/../../../../arm-none-eabi/lib/armv6-m\libnosys.a
END GROUP
                0x00000000                CY_APPL_ORIGIN = 0x0
                0x00000080                CY_FLASH_ROW_SIZE = 0x80
                0x00000001                CY_APPL_NUM = 0x1
                0x00000001                CY_APPL_MAX = 0x1
                0x00000040                CY_METADATA_SIZE = 0x40
                0x00000000                CY_APPL_LOADABLE = 0x0
                0x00000000                CY_CHECKSUM_EXCLUDE_SIZE = ALIGN (0x0, CY_FLASH_ROW_SIZE)
                0x00000000                CY_APP_FOR_STACK_AND_COPIER = 0x0
                [!provide]                PROVIDE (__cy_heap_start, _end)
                0x00000001                PROVIDE (__cy_region_num, ((__cy_regions_end - __cy_regions) / 0x10))
                0x20001000                PROVIDE (__cy_stack, (ORIGIN (ram) + LENGTH (ram)))
                [!provide]                PROVIDE (__cy_heap_end, (__cy_stack - 0x400))

.cybootloader   0x00000000        0x0
 *(.cybootloader)
                0x00000000                appl1_start = CY_APPL_ORIGIN?CY_APPL_ORIGIN:ALIGN (CY_FLASH_ROW_SIZE)
                0x00003f80                appl2_start = (appl1_start + ALIGN ((((LENGTH (rom) - appl1_start) - (0x2 * CY_FLASH_ROW_SIZE)) / 0x2), CY_FLASH_ROW_SIZE))
                0x00000000                appl_start = (CY_APPL_NUM == 0x1)?appl1_start:appl2_start
                0x00000001                cy_project_type_bootloader = (appl_start == 0x0)?0x1:0x0
                0x00000000                cy_project_type_app_for_stack_and_copier = (CY_APP_FOR_STACK_AND_COPIER == 0x1)?0x1:0x0

.text           0x00000000     0x1cf4
 CREATE_OBJECT_SYMBOLS
                0x00000000                PROVIDE (__cy_interrupt_vector, RomVectors)
 *(.romvectors)
 .romvectors    0x00000000       0x10 .\CortexM0\ARM_GCC_541\Debug\Cm0Start.o
                0x00000000                RomVectors
                0x00000001                ASSERT ((. != __cy_interrupt_vector), No interrupt vector)
                0x00000001                ASSERT (CY_APPL_ORIGIN?(SIZEOF (.cybootloader) <= CY_APPL_ORIGIN):0x1, Wrong image location)
                0x00000010                PROVIDE (__cy_reset, Reset)
 *(.text.Reset)
 .text.Reset    0x00000010        0x8 .\CortexM0\ARM_GCC_541\Debug\Cm0Start.o
                0x00000010                Reset
                0x00000001                ASSERT ((. != __cy_reset), No reset code)
 *(.psocinit)
 .psocinit      0x00000018      0x1d4 .\CortexM0\ARM_GCC_541\Debug\cyfitter_cfg.o
                0x000000a8                cyfitter_cfg
                0x000001ec                . = MAX (., 0x100)
 *(.text .text.* .gnu.linkonce.t.*)
 .text          0x000001ec       0x60 c:/program files (x86)/cypress/psoc creator/4.1/psoc creator/import/gnu/arm/5.4.1/bin/../lib/gcc/arm-none-eabi/5.4.1/armv6-m/crtbegin.o
 .text.Reset_ISR
                0x0000024c       0x18 .\CortexM0\ARM_GCC_541\Debug\main.o
                0x0000024c                Reset_ISR
 .text.SALT_HASaltH_SALT
                0x00000264       0x40 .\CortexM0\ARM_GCC_541\Debug\main.o
                0x00000264                SALT_HASaltH_SALT
 .text.provision
                0x000002a4      0x188 .\CortexM0\ARM_GCC_541\Debug\main.o
                0x000002a4                provision
 .text.decrypt  0x0000042c      0x108 .\CortexM0\ARM_GCC_541\Debug\main.o
                0x0000042c                decrypt
 .text.dispenseBill
                0x00000534       0x60 .\CortexM0\ARM_GCC_541\Debug\main.o
                0x00000534                dispenseBill
 .text.main     0x00000594      0x120 .\CortexM0\ARM_GCC_541\Debug\main.o
                0x00000594                main
 .text.getValidByte
                0x000006b4       0x14 .\CortexM0\ARM_GCC_541\Debug\usbserialprotocol.o
                0x000006b4                getValidByte
 .text.pushMessage
                0x000006c8       0x20 .\CortexM0\ARM_GCC_541\Debug\usbserialprotocol.o
                0x000006c8                pushMessage
 .text.pullMessage
                0x000006e8       0x28 .\CortexM0\ARM_GCC_541\Debug\usbserialprotocol.o
                0x000006e8                pullMessage
 .text.syncConnection
                0x00000710       0x74 .\CortexM0\ARM_GCC_541\Debug\usbserialprotocol.o
                0x00000710                syncConnection
 .text.KeyExpansion
                0x00000784       0xd8 .\CortexM0\ARM_GCC_541\Debug\aes.o
 .text.AddRoundKey
                0x0000085c       0x30 .\CortexM0\ARM_GCC_541\Debug\aes.o
 .text.SubBytes
                0x0000088c       0x2c .\CortexM0\ARM_GCC_541\Debug\aes.o
 .text.ShiftRows
                0x000008b8       0x34 .\CortexM0\ARM_GCC_541\Debug\aes.o
 .text.xtime    0x000008ec       0x14 .\CortexM0\ARM_GCC_541\Debug\aes.o
 .text.MixColumns
                0x00000900       0x84 .\CortexM0\ARM_GCC_541\Debug\aes.o
 .text.InvMixColumns
                0x00000984      0x184 .\CortexM0\ARM_GCC_541\Debug\aes.o
 .text.InvSubBytes
                0x00000b08       0x30 .\CortexM0\ARM_GCC_541\Debug\aes.o
 .text.InvShiftRows
                0x00000b38       0x34 .\CortexM0\ARM_GCC_541\Debug\aes.o
 .text.Cipher   0x00000b6c       0x50 .\CortexM0\ARM_GCC_541\Debug\aes.o
 .text.InvCipher
                0x00000bbc       0x50 .\CortexM0\ARM_GCC_541\Debug\aes.o
 .text.AES_init_ctx
                0x00000c0c        0x8 .\CortexM0\ARM_GCC_541\Debug\aes.o
                0x00000c0c                AES_init_ctx
 .text.AES_ECB_encrypt
                0x00000c14       0x10 .\CortexM0\ARM_GCC_541\Debug\aes.o
                0x00000c14                AES_ECB_encrypt
 .text.AES_ECB_decrypt
                0x00000c24       0x10 .\CortexM0\ARM_GCC_541\Debug\aes.o
                0x00000c24                AES_ECB_decrypt
 .text.hash_inc
                0x00000c34       0xa4 .\CortexM0\ARM_GCC_541\Debug\SuperFastHash.o
                0x00000c34                hash_inc
 .text.hash     0x00000cd8        0xc .\CortexM0\ARM_GCC_541\Debug\SuperFastHash.o
                0x00000cd8                hash
 .text.cfg_write_bytes32
                0x00000ce4       0x34 .\CortexM0\ARM_GCC_541\Debug\cyfitter_cfg.o
 .text.CYMEMZERO
                0x00000d18        0xc .\CortexM0\ARM_GCC_541\Debug\cyfitter_cfg.o
 .text.IntDefaultHandler
                0x00000d24       0x10 .\CortexM0\ARM_GCC_541\Debug\Cm0Start.o
                0x00000d24                IntDefaultHandler
 .text._sbrk    0x00000d34       0x34 .\CortexM0\ARM_GCC_541\Debug\Cm0Start.o
                0x00000d34                _sbrk
 .text.Start_c  0x00000d68       0x48 .\CortexM0\ARM_GCC_541\Debug\Cm0Start.o
                0x00000d68                Start_c
 .text.initialize_psoc
                0x00000db0       0x40 .\CortexM0\ARM_GCC_541\Debug\Cm0Start.o
                0x00000db0                initialize_psoc
 .text.DB_UART_ScbEnableIntr
                0x00000df0        0xc .\CortexM0\ARM_GCC_541\Debug\SECURITY_MODULE.a(DB_UART.o)
 .text.DB_UART_ScbModePostEnable
                0x00000dfc        0x8 .\CortexM0\ARM_GCC_541\Debug\SECURITY_MODULE.a(DB_UART.o)
 .text.DB_UART_Init
                0x00000e04        0x8 .\CortexM0\ARM_GCC_541\Debug\SECURITY_MODULE.a(DB_UART.o)
                0x00000e04                DB_UART_Init
 .text.DB_UART_Enable
                0x00000e0c       0x1c .\CortexM0\ARM_GCC_541\Debug\SECURITY_MODULE.a(DB_UART.o)
                0x00000e0c                DB_UART_Enable
 .text.DB_UART_Start
                0x00000e28       0x20 .\CortexM0\ARM_GCC_541\Debug\SECURITY_MODULE.a(DB_UART.o)
                0x00000e28                DB_UART_Start
 .text.DB_UART_SpiUartReadRxData
                0x00000e48       0x34 .\CortexM0\ARM_GCC_541\Debug\SECURITY_MODULE.a(DB_UART_SPI_UART.o)
                0x00000e48                DB_UART_SpiUartReadRxData
 .text.DB_UART_SpiUartGetRxBufferSize
                0x00000e7c       0x28 .\CortexM0\ARM_GCC_541\Debug\SECURITY_MODULE.a(DB_UART_SPI_UART.o)
                0x00000e7c                DB_UART_SpiUartGetRxBufferSize
 .text.DB_UART_SpiUartWriteTxData
                0x00000ea4       0x70 .\CortexM0\ARM_GCC_541\Debug\SECURITY_MODULE.a(DB_UART_SPI_UART.o)
                0x00000ea4                DB_UART_SpiUartWriteTxData
 .text.DB_UART_UartInit
                0x00000f14       0xdc .\CortexM0\ARM_GCC_541\Debug\SECURITY_MODULE.a(DB_UART_UART.o)
                0x00000f14                DB_UART_UartInit
 .text.DB_UART_UartPostEnable
                0x00000ff0       0x24 .\CortexM0\ARM_GCC_541\Debug\SECURITY_MODULE.a(DB_UART_UART.o)
                0x00000ff0                DB_UART_UartPostEnable
 .text.DB_UART_UartGetByte
                0x00001014       0x4c .\CortexM0\ARM_GCC_541\Debug\SECURITY_MODULE.a(DB_UART_UART.o)
                0x00001014                DB_UART_UartGetByte
 .text.PIGGY_BANK_Start
                0x00001060        0x4 .\CortexM0\ARM_GCC_541\Debug\SECURITY_MODULE.a(PIGGY_BANK.o)
                0x00001060                PIGGY_BANK_Start
 .text.PIGGY_BANK_Write
                0x00001064       0x84 .\CortexM0\ARM_GCC_541\Debug\SECURITY_MODULE.a(PIGGY_BANK.o)
                0x00001064                PIGGY_BANK_Write
 .text.Reset_isr_SetVector
                0x000010e8        0xc .\CortexM0\ARM_GCC_541\Debug\SECURITY_MODULE.a(Reset_isr.o)
                0x000010e8                Reset_isr_SetVector
 .text.Reset_isr_SetPriority
                0x000010f4       0x20 .\CortexM0\ARM_GCC_541\Debug\SECURITY_MODULE.a(Reset_isr.o)
                0x000010f4                Reset_isr_SetPriority
 .text.Reset_isr_Enable
                0x00001114        0xc .\CortexM0\ARM_GCC_541\Debug\SECURITY_MODULE.a(Reset_isr.o)
                0x00001114                Reset_isr_Enable
 .text.Reset_isr_Disable
                0x00001120        0xc .\CortexM0\ARM_GCC_541\Debug\SECURITY_MODULE.a(Reset_isr.o)
                0x00001120                Reset_isr_Disable
 .text.Reset_isr_StartEx
                0x0000112c       0x1c .\CortexM0\ARM_GCC_541\Debug\SECURITY_MODULE.a(Reset_isr.o)
                0x0000112c                Reset_isr_StartEx
 .text.SW1_ClearInterrupt
                0x00001148       0x14 .\CortexM0\ARM_GCC_541\Debug\SECURITY_MODULE.a(SW1.o)
                0x00001148                SW1_ClearInterrupt
 .text.CySysFlashClockBackup
                0x0000115c       0x14 .\CortexM0\ARM_GCC_541\Debug\SECURITY_MODULE.a(CyFlash.o)
 .text.CySysFlashClockRestore
                0x00001170       0x14 .\CortexM0\ARM_GCC_541\Debug\SECURITY_MODULE.a(CyFlash.o)
 .text.CySysFlashWriteRow
                0x00001184      0x208 .\CortexM0\ARM_GCC_541\Debug\SECURITY_MODULE.a(CyFlash.o)
                0x00001184                CySysFlashWriteRow
 .text.CyIntEnable
                0x0000138c       0x14 .\CortexM0\ARM_GCC_541\Debug\SECURITY_MODULE.a(CyLib.o)
                0x0000138c                CyIntEnable
 .text.CyIntDisable
                0x000013a0       0x14 .\CortexM0\ARM_GCC_541\Debug\SECURITY_MODULE.a(CyLib.o)
                0x000013a0                CyIntDisable
 .text.CyHalt   0x000013b4        0x4 .\CortexM0\ARM_GCC_541\Debug\SECURITY_MODULE.a(CyLib.o)
                0x000013b4                CyHalt
 .text.CyIntSetVector
                0x000013b8       0x24 .\CortexM0\ARM_GCC_541\Debug\SECURITY_MODULE.a(CyLib.o)
                0x000013b8                CyIntSetVector
 .text.CyIntSetPriority
                0x000013dc       0x4c .\CortexM0\ARM_GCC_541\Debug\SECURITY_MODULE.a(CyLib.o)
                0x000013dc                CyIntSetPriority
 .text.CySoftwareReset
                0x00001428       0x18 .\CortexM0\ARM_GCC_541\Debug\SECURITY_MODULE.a(CyLib.o)
                0x00001428                CySoftwareReset
 .text.CyDelayUs
                0x00001440       0x14 .\CortexM0\ARM_GCC_541\Debug\SECURITY_MODULE.a(CyLib.o)
                0x00001440                CyDelayUs
 .text.CySysClkWriteImoFreq
                0x00001454      0x164 .\CortexM0\ARM_GCC_541\Debug\SECURITY_MODULE.a(CyLib.o)
                0x00001454                CySysClkWriteImoFreq
 .text.CySysWdtLocked
                0x000015b8       0x14 .\CortexM0\ARM_GCC_541\Debug\SECURITY_MODULE.a(CyLFClk.o)
 .text.CySysWdtLock
                0x000015cc       0x1c .\CortexM0\ARM_GCC_541\Debug\SECURITY_MODULE.a(CyLFClk.o)
                0x000015cc                CySysWdtLock
 .text.CySysWdtUnlock
                0x000015e8       0x30 .\CortexM0\ARM_GCC_541\Debug\SECURITY_MODULE.a(CyLFClk.o)
                0x000015e8                CySysWdtUnlock
 .text.CySysWdtClearInterrupt
                0x00001618       0x4c .\CortexM0\ARM_GCC_541\Debug\SECURITY_MODULE.a(CyLFClk.o)
                0x00001618                CySysWdtClearInterrupt
 .text.CySysWdtIsr
                0x00001664       0xa4 .\CortexM0\ARM_GCC_541\Debug\SECURITY_MODULE.a(CyLFClk.o)
                0x00001664                CySysWdtIsr
 .text          0x00001708       0x24 .\CortexM0\ARM_GCC_541\Debug\SECURITY_MODULE.a(CyBootAsmGnu.o)
                0x00001708                CyDelayCycles
                0x0000171c                CyEnterCriticalSection
                0x00001724                CyExitCriticalSection
 .text.DB_UART_SPI_UART_ISR
                0x0000172c       0xe4 .\CortexM0\ARM_GCC_541\Debug\SECURITY_MODULE.a(DB_UART_SPI_UART_INT.o)
                0x0000172c                DB_UART_SPI_UART_ISR
 .text          0x00001810      0x114 c:/program files (x86)/cypress/psoc creator/4.1/psoc creator/import/gnu/arm/5.4.1/bin/../lib/gcc/arm-none-eabi/5.4.1/armv6-m\libgcc.a(_udivsi3.o)
                0x00001810                __aeabi_uidiv
                0x00001810                __udivsi3
                0x0000191c                __aeabi_uidivmod
 .text          0x00001924        0x4 c:/program files (x86)/cypress/psoc creator/4.1/psoc creator/import/gnu/arm/5.4.1/bin/../lib/gcc/arm-none-eabi/5.4.1/armv6-m\libgcc.a(_dvmd_tls.o)
                0x00001924                __aeabi_idiv0
                0x00001924                __aeabi_ldiv0
 .text.atoi     0x00001928        0xc c:/program files (x86)/cypress/psoc creator/4.1/psoc creator/import/gnu/arm/5.4.1/bin/../lib/gcc/arm-none-eabi/5.4.1/../../../../arm-none-eabi/lib/armv6-m\libg_nano.a(lib_a-atoi.o)
                0x00001928                atoi
 .text.__errno  0x00001934        0xc c:/program files (x86)/cypress/psoc creator/4.1/psoc creator/import/gnu/arm/5.4.1/bin/../lib/gcc/arm-none-eabi/5.4.1/../../../../arm-none-eabi/lib/armv6-m\libg_nano.a(lib_a-errno.o)
                0x00001934                __errno
 .text.__libc_init_array
                0x00001940       0x4c c:/program files (x86)/cypress/psoc creator/4.1/psoc creator/import/gnu/arm/5.4.1/bin/../lib/gcc/arm-none-eabi/5.4.1/../../../../arm-none-eabi/lib/armv6-m\libg_nano.a(lib_a-init.o)
                0x00001940                __libc_init_array
 .text.memcpy   0x0000198c       0x12 c:/program files (x86)/cypress/psoc creator/4.1/psoc creator/import/gnu/arm/5.4.1/bin/../lib/gcc/arm-none-eabi/5.4.1/../../../../arm-none-eabi/lib/armv6-m\libg_nano.a(lib_a-memcpy-stub.o)
                0x0000198c                memcpy
 .text.memset   0x0000199e       0x10 c:/program files (x86)/cypress/psoc creator/4.1/psoc creator/import/gnu/arm/5.4.1/bin/../lib/gcc/arm-none-eabi/5.4.1/../../../../arm-none-eabi/lib/armv6-m\libg_nano.a(lib_a-memset.o)
                0x0000199e                memset
 .text          0x000019ae       0x14 c:/program files (x86)/cypress/psoc creator/4.1/psoc creator/import/gnu/arm/5.4.1/bin/../lib/gcc/arm-none-eabi/5.4.1/../../../../arm-none-eabi/lib/armv6-m\libg_nano.a(lib_a-strcmp.o)
                0x000019ae                strcmp
 .text          0x000019c2        0xe c:/program files (x86)/cypress/psoc creator/4.1/psoc creator/import/gnu/arm/5.4.1/bin/../lib/gcc/arm-none-eabi/5.4.1/../../../../arm-none-eabi/lib/armv6-m\libg_nano.a(lib_a-strlen.o)
                0x000019c2                strlen
 .text.strncat  0x000019d0       0x28 c:/program files (x86)/cypress/psoc creator/4.1/psoc creator/import/gnu/arm/5.4.1/bin/../lib/gcc/arm-none-eabi/5.4.1/../../../../arm-none-eabi/lib/armv6-m\libg_nano.a(lib_a-strncat.o)
                0x000019d0                strncat
 .text.strtok   0x000019f8       0x64 c:/program files (x86)/cypress/psoc creator/4.1/psoc creator/import/gnu/arm/5.4.1/bin/../lib/gcc/arm-none-eabi/5.4.1/../../../../arm-none-eabi/lib/armv6-m\libg_nano.a(lib_a-strtok.o)
                0x000019f8                strtok
 .text.__strtok_r
                0x00001a5c       0x5e c:/program files (x86)/cypress/psoc creator/4.1/psoc creator/import/gnu/arm/5.4.1/bin/../lib/gcc/arm-none-eabi/5.4.1/../../../../arm-none-eabi/lib/armv6-m\libg_nano.a(lib_a-strtok_r.o)
                0x00001a5c                __strtok_r
 *fill*         0x00001aba        0x2 
 .text._strtol_r
                0x00001abc      0x124 c:/program files (x86)/cypress/psoc creator/4.1/psoc creator/import/gnu/arm/5.4.1/bin/../lib/gcc/arm-none-eabi/5.4.1/../../../../arm-none-eabi/lib/armv6-m\libg_nano.a(lib_a-strtol.o)
                0x00001abc                _strtol_r
 .text.strtol   0x00001be0       0x18 c:/program files (x86)/cypress/psoc creator/4.1/psoc creator/import/gnu/arm/5.4.1/bin/../lib/gcc/arm-none-eabi/5.4.1/../../../../arm-none-eabi/lib/armv6-m\libg_nano.a(lib_a-strtol.o)
                0x00001be0                strtol
 .text.malloc   0x00001bf8       0x14 c:/program files (x86)/cypress/psoc creator/4.1/psoc creator/import/gnu/arm/5.4.1/bin/../lib/gcc/arm-none-eabi/5.4.1/../../../../arm-none-eabi/lib/armv6-m\libg_nano.a(lib_a-malloc.o)
                0x00001bf8                malloc
 .text._malloc_r
                0x00001c0c       0xc0 c:/program files (x86)/cypress/psoc creator/4.1/psoc creator/import/gnu/arm/5.4.1/bin/../lib/gcc/arm-none-eabi/5.4.1/../../../../arm-none-eabi/lib/armv6-m\libg_nano.a(lib_a-nano-mallocr.o)
                0x00001c0c                _malloc_r
 .text._sbrk_r  0x00001ccc       0x24 c:/program files (x86)/cypress/psoc creator/4.1/psoc creator/import/gnu/arm/5.4.1/bin/../lib/gcc/arm-none-eabi/5.4.1/../../../../arm-none-eabi/lib/armv6-m\libg_nano.a(lib_a-sbrkr.o)
                0x00001ccc                _sbrk_r
 .text.__malloc_lock
                0x00001cf0        0x2 c:/program files (x86)/cypress/psoc creator/4.1/psoc creator/import/gnu/arm/5.4.1/bin/../lib/gcc/arm-none-eabi/5.4.1/../../../../arm-none-eabi/lib/armv6-m\libg_nano.a(lib_a-mlock.o)
                0x00001cf0                __malloc_lock
 .text.__malloc_unlock
                0x00001cf2        0x2 c:/program files (x86)/cypress/psoc creator/4.1/psoc creator/import/gnu/arm/5.4.1/bin/../lib/gcc/arm-none-eabi/5.4.1/../../../../arm-none-eabi/lib/armv6-m\libg_nano.a(lib_a-mlock.o)
                0x00001cf2                __malloc_unlock
 *(.plt)
 *(.gnu.warning)
 *(.glue_7t)
 .glue_7t       0x00001cf4        0x0 linker stubs
 *(.glue_7)
 .glue_7        0x00001cf4        0x0 linker stubs
 *(.vfp11_veneer)
 .vfp11_veneer  0x00001cf4        0x0 linker stubs
 *(.bootloader)
 *(.ARM.extab* .gnu.linkonce.armextab.*)
 *(.gcc_except_table)

.v4_bx          0x00001cf4        0x0
 .v4_bx         0x00001cf4        0x0 linker stubs

.iplt           0x00001cf4        0x0
 .iplt          0x00001cf4        0x0 c:/program files (x86)/cypress/psoc creator/4.1/psoc creator/import/gnu/arm/5.4.1/bin/../lib/gcc/arm-none-eabi/5.4.1/armv6-m/crtbegin.o

.eh_frame_hdr
 *(.eh_frame_hdr)

.eh_frame       0x00001cf4        0x4
 *(.eh_frame)
 .eh_frame      0x00001cf4        0x0 c:/program files (x86)/cypress/psoc creator/4.1/psoc creator/import/gnu/arm/5.4.1/bin/../lib/gcc/arm-none-eabi/5.4.1/armv6-m/crtbegin.o
 .eh_frame      0x00001cf4        0x4 c:/program files (x86)/cypress/psoc creator/4.1/psoc creator/import/gnu/arm/5.4.1/bin/../lib/gcc/arm-none-eabi/5.4.1/armv6-m/crtend.o
                [!provide]                PROVIDE (__exidx_start, .)

.ARM.exidx
 *(.ARM.exidx* .gnu.linkonce.armexidx.*)
                0x00001cf8                __exidx_end = .

.rodata         0x00001cf8      0xef0
 *(.rodata .rodata.* .gnu.linkonce.r.*)
 .rodata        0x00001cf8      0x829 .\CortexM0\ARM_GCC_541\Debug\main.o
 *fill*         0x00002521        0x3 
 .rodata.str1.4
                0x00002524       0x2c .\CortexM0\ARM_GCC_541\Debug\main.o
 .rodata.str1.4
                0x00002550       0x1c .\CortexM0\ARM_GCC_541\Debug\usbserialprotocol.o
                                 0x1b (size before relaxing)
 .rodata        0x0000256c      0x20c .\CortexM0\ARM_GCC_541\Debug\aes.o
 .rodata        0x00002778      0x304 .\CortexM0\ARM_GCC_541\Debug\cyfitter_cfg.o
 .rodata        0x00002a7c       0x2e .\CortexM0\ARM_GCC_541\Debug\SECURITY_MODULE.a(CyLib.o)
                0x00002a7c                cyImoFreqMhz2Reg
 .rodata.str1.1
                0x00002aaa        0x2 c:/program files (x86)/cypress/psoc creator/4.1/psoc creator/import/gnu/arm/5.4.1/bin/../lib/gcc/arm-none-eabi/5.4.1/../../../../arm-none-eabi/lib/armv6-m\libg_nano.a(lib_a-impure.o)
 .rodata._ctype_
                0x00002aac      0x101 c:/program files (x86)/cypress/psoc creator/4.1/psoc creator/import/gnu/arm/5.4.1/bin/../lib/gcc/arm-none-eabi/5.4.1/../../../../arm-none-eabi/lib/armv6-m\libg_nano.a(lib_a-ctype_.o)
                0x00002aac                _ctype_
                0x00002bb0                . = ALIGN (0x4)
 *fill*         0x00002bad        0x3 
 *(.init)
 .init          0x00002bb0        0x4 c:/program files (x86)/cypress/psoc creator/4.1/psoc creator/import/gnu/arm/5.4.1/bin/../lib/gcc/arm-none-eabi/5.4.1/armv6-m/crti.o
                0x00002bb0                _init
 .init          0x00002bb4        0x8 c:/program files (x86)/cypress/psoc creator/4.1/psoc creator/import/gnu/arm/5.4.1/bin/../lib/gcc/arm-none-eabi/5.4.1/armv6-m/crtn.o
                0x00002bbc                . = ALIGN (0x4)
                0x00002bbc                __preinit_array_start = .
 *(.preinit_array)
                0x00002bbc                __preinit_array_end = .
                0x00002bbc                . = ALIGN (0x4)
                0x00002bbc                __init_array_start = .
 *(SORT(.init_array.*))
 *(.init_array)
 .init_array    0x00002bbc        0x4 c:/program files (x86)/cypress/psoc creator/4.1/psoc creator/import/gnu/arm/5.4.1/bin/../lib/gcc/arm-none-eabi/5.4.1/armv6-m/crtbegin.o
 .init_array    0x00002bc0        0x4 .\CortexM0\ARM_GCC_541\Debug\Cm0Start.o
                0x00002bc4                __init_array_end = .
                0x00002bc4                . = ALIGN (0x4)
 *(.fini)
 .fini          0x00002bc4        0x4 c:/program files (x86)/cypress/psoc creator/4.1/psoc creator/import/gnu/arm/5.4.1/bin/../lib/gcc/arm-none-eabi/5.4.1/armv6-m/crti.o
                0x00002bc4                _fini
 .fini          0x00002bc8        0x8 c:/program files (x86)/cypress/psoc creator/4.1/psoc creator/import/gnu/arm/5.4.1/bin/../lib/gcc/arm-none-eabi/5.4.1/armv6-m/crtn.o
                0x00002bd0                . = ALIGN (0x4)
                0x00002bd0                __fini_array_start = .
 *(.fini_array)
 .fini_array    0x00002bd0        0x4 c:/program files (x86)/cypress/psoc creator/4.1/psoc creator/import/gnu/arm/5.4.1/bin/../lib/gcc/arm-none-eabi/5.4.1/armv6-m/crtbegin.o
 *(SORT(.fini_array.*))
                0x00002bd4                __fini_array_end = .
                0x00002bd4                . = ALIGN (0x4)
 *crtbegin.o(.ctors)
 *(EXCLUDE_FILE(*crtend.o) .ctors)
 *(SORT(.ctors.*))
 *crtend.o(.ctors)
                0x00002bd4                . = ALIGN (0x4)
 *crtbegin.o(.dtors)
 *(EXCLUDE_FILE(*crtend.o) .dtors)
 *(SORT(.dtors.*))
 *crtend.o(.dtors)
                0x00002bd4                . = ALIGN (0x4)
                0x00002bd4                __cy_regions = .
                0x00002bd4        0x4 LONG 0x2be8 __cy_region_init_ram
                0x00002bd8        0x4 LONG 0x200000c0 __cy_region_start_data
                0x00002bdc        0x4 LONG 0x88 __cy_region_init_size_ram
                0x00002be0        0x4 LONG 0x178 __cy_region_zero_size_ram
                0x00002be4                __cy_regions_end = .
                0x00002be8                . = ALIGN (0x8)
 *fill*         0x00002be4        0x4 
                0x00002be8                _etext = .

.cy_checksum_exclude
                0x00002be8        0x0
 *(.cy_checksum_exclude)

.ramvectors     0x20000000       0xc0
                0x20000000                __cy_region_start_ram = .
 *(.ramvectors)
 .ramvectors    0x20000000       0xc0 .\CortexM0\ARM_GCC_541\Debug\Cm0Start.o
                0x20000000                CyRamVectors

.noinit
 *(.noinit)

.data           0x200000c0       0x88 load address 0x00002be8
                0x200000c0                __cy_region_start_data = .
 *(.jcr)
 .jcr           0x200000c0        0x0 c:/program files (x86)/cypress/psoc creator/4.1/psoc creator/import/gnu/arm/5.4.1/bin/../lib/gcc/arm-none-eabi/5.4.1/armv6-m/crtbegin.o
 .jcr           0x200000c0        0x4 c:/program files (x86)/cypress/psoc creator/4.1/psoc creator/import/gnu/arm/5.4.1/bin/../lib/gcc/arm-none-eabi/5.4.1/armv6-m/crtend.o
 *(.got.plt)
 *(.got)
 *(.shdata)
 *(.data .data.* .gnu.linkonce.d.*)
 .data          0x200000c4        0x4 .\CortexM0\ARM_GCC_541\Debug\Cm0Start.o
 .data          0x200000c8       0x14 .\CortexM0\ARM_GCC_541\Debug\SECURITY_MODULE.a(CyLib.o)
                0x200000c8                CySysClkPumpConfig
                0x200000cc                cydelay32kMs
                0x200000d0                cydelayFreqKhz
                0x200000d4                cydelayFreqMhz
                0x200000d8                cydelayFreqHz
 .data          0x200000dc        0x4 .\CortexM0\ARM_GCC_541\Debug\SECURITY_MODULE.a(CyLFClk.o)
 .data.impure_data
                0x200000e0       0x60 c:/program files (x86)/cypress/psoc creator/4.1/psoc creator/import/gnu/arm/5.4.1/bin/../lib/gcc/arm-none-eabi/5.4.1/../../../../arm-none-eabi/lib/armv6-m\libg_nano.a(lib_a-impure.o)
 .data._impure_ptr
                0x20000140        0x4 c:/program files (x86)/cypress/psoc creator/4.1/psoc creator/import/gnu/arm/5.4.1/bin/../lib/gcc/arm-none-eabi/5.4.1/../../../../arm-none-eabi/lib/armv6-m\libg_nano.a(lib_a-impure.o)
                0x20000140                _impure_ptr
 .data.__ctype_ptr__
                0x20000144        0x4 c:/program files (x86)/cypress/psoc creator/4.1/psoc creator/import/gnu/arm/5.4.1/bin/../lib/gcc/arm-none-eabi/5.4.1/../../../../arm-none-eabi/lib/armv6-m\libg_nano.a(lib_a-ctype_.o)
                0x20000144                __ctype_ptr__
                0x20000148                . = ALIGN (0x8)
 *(.ram)
                0x20000148                _edata = .

.igot.plt       0x20000148        0x0 load address 0x00002c70
 .igot.plt      0x20000148        0x0 c:/program files (x86)/cypress/psoc creator/4.1/psoc creator/import/gnu/arm/5.4.1/bin/../lib/gcc/arm-none-eabi/5.4.1/armv6-m/crtbegin.o

.bss            0x20000148      0x178 load address 0x00002c70
                0x20000148                PROVIDE (__bss_start__, .)
 *(.shbss)
 *(.bss .bss.* .gnu.linkonce.b.*)
 .bss           0x20000148       0x1c c:/program files (x86)/cypress/psoc creator/4.1/psoc creator/import/gnu/arm/5.4.1/bin/../lib/gcc/arm-none-eabi/5.4.1/armv6-m/crtbegin.o
 .bss           0x20000164        0x1 .\CortexM0\ARM_GCC_541\Debug\main.o
 *fill*         0x20000165        0x3 
 .bss           0x20000168        0xa .\CortexM0\ARM_GCC_541\Debug\SECURITY_MODULE.a(DB_UART.o)
                0x20000168                DB_UART_initVar
                0x2000016c                DB_UART_customIntrHandler
                0x20000170                DB_UART_IntrTxMask
 *fill*         0x20000172        0x2 
 .bss           0x20000174        0x4 .\CortexM0\ARM_GCC_541\Debug\SECURITY_MODULE.a(CyFlash.o)
 .bss           0x20000178       0x20 .\CortexM0\ARM_GCC_541\Debug\SECURITY_MODULE.a(CyLFClk.o)
 .bss.__malloc_sbrk_start
                0x20000198        0x4 c:/program files (x86)/cypress/psoc creator/4.1/psoc creator/import/gnu/arm/5.4.1/bin/../lib/gcc/arm-none-eabi/5.4.1/../../../../arm-none-eabi/lib/armv6-m\libg_nano.a(lib_a-nano-mallocr.o)
                0x20000198                __malloc_sbrk_start
 .bss.__malloc_free_list
                0x2000019c        0x4 c:/program files (x86)/cypress/psoc creator/4.1/psoc creator/import/gnu/arm/5.4.1/bin/../lib/gcc/arm-none-eabi/5.4.1/../../../../arm-none-eabi/lib/armv6-m\libg_nano.a(lib_a-nano-mallocr.o)
                0x2000019c                __malloc_free_list
 *(COMMON)
 COMMON         0x200001a0      0x118 .\CortexM0\ARM_GCC_541\Debug\SECURITY_MODULE.a(DB_UART_SPI_UART.o)
                0x200001a0                DB_UART_txBufferTail
                0x200001a4                DB_UART_rxBufferInternal
                0x20000228                DB_UART_rxBufferTail
                0x2000022c                DB_UART_txBufferHead
                0x20000230                DB_UART_rxBufferHead
                0x20000234                DB_UART_rxBufferOverflow
                0x20000238                DB_UART_txBufferInternal
 COMMON         0x200002b8        0x4 c:/program files (x86)/cypress/psoc creator/4.1/psoc creator/import/gnu/arm/5.4.1/bin/../lib/gcc/arm-none-eabi/5.4.1/../../../../arm-none-eabi/lib/armv6-m\libg_nano.a(lib_a-reent.o)
                0x200002b8                errno
                0x200002c0                . = ALIGN (0x8)
 *fill*         0x200002bc        0x4 
 *(.ram.b)
                0x200002c0                _end = .
                0x200002c0                __end = .
                0x200002c0                PROVIDE (end, .)
                0x200002c0                PROVIDE (__bss_end__, .)
                0x00002be8                __cy_region_init_ram = LOADADDR (.data)
                0x00000088                __cy_region_init_size_ram = (_edata - ADDR (.data))
                0x00000178                __cy_region_zero_size_ram = (_end - _edata)

.heap           0x200002c0      0x1f0 load address 0x00002c70
                0x200002c0                . = _end
                0x200004b0                . = (. + 0x1f0)
 *fill*         0x200002c0      0x1f0 
                0x200004b0                __cy_heap_limit = .

.stack          0x20000c00      0x400
                0x20000c00                __cy_stack_limit = .
                0x20001000                . = (. + 0x400)
 *fill*         0x20000c00      0x400 
                0x00000001                ASSERT ((__cy_stack_limit >= __cy_heap_limit), region RAM overflowed with stack)
                0x00000000                cy_checksum_exclude_size = (CY_APPL_LOADABLE == 0x1)?SIZEOF (.cy_checksum_exclude):0x0
                0x00000001                ASSERT ((cy_checksum_exclude_size <= CY_CHECKSUM_EXCLUDE_SIZE), CY_BOOT: Section .cy_checksum_exclude size exceedes specified limit.)
                0x00007fc0                cyloadermeta_start = (cy_project_type_bootloader || cy_project_type_app_for_stack_and_copier)?(LENGTH (rom) - CY_METADATA_SIZE):0xf0000000

.cyloadermeta
 *(.cyloadermeta)
                0x00007fc0                cyloadablemeta_start = cy_project_type_app_for_stack_and_copier?((LENGTH (rom) - CY_FLASH_ROW_SIZE) - CY_METADATA_SIZE):((LENGTH (rom) - (CY_FLASH_ROW_SIZE * (CY_APPL_NUM - 0x1))) - CY_METADATA_SIZE)

.cyloadablemeta
 *(.cyloadablemeta)

.cyflashprotect
                0x90400000       0x20
 *(.cyflashprotect)
 .cyflashprotect
                0x90400000       0x20 .\CortexM0\ARM_GCC_541\Debug\cymetadata.o
                0x90400000                cy_meta_flashprotect

.cymeta         0x90500000        0xc
 *(.cymeta)
 .cymeta        0x90500000        0xc .\CortexM0\ARM_GCC_541\Debug\cymetadata.o
                0x90500000                cy_metadata

.cychipprotect  0x90600000        0x1
 *(.cychipprotect)
 .cychipprotect
                0x90600000        0x1 .\CortexM0\ARM_GCC_541\Debug\cymetadata.o
                0x90600000                cy_meta_chipprotect

.rel.dyn        0x00002c70        0x0 load address 0x90600004
 .rel.iplt      0x00002c70        0x0 c:/program files (x86)/cypress/psoc creator/4.1/psoc creator/import/gnu/arm/5.4.1/bin/../lib/gcc/arm-none-eabi/5.4.1/armv6-m/crtbegin.o

.stab
 *(.stab)

.stabstr
 *(.stabstr)

.debug
 *(.debug)

.line
 *(.line)

.debug_srcinfo
 *(.debug_srcinfo)

.debug_sfnames
 *(.debug_sfnames)

.debug_aranges  0x00000000      0x720
 *(.debug_aranges)
 .debug_aranges
                0x00000000       0x48 .\CortexM0\ARM_GCC_541\Debug\main.o
 .debug_aranges
                0x00000048       0x38 .\CortexM0\ARM_GCC_541\Debug\usbserialprotocol.o
 .debug_aranges
                0x00000080       0x88 .\CortexM0\ARM_GCC_541\Debug\aes.o
 .debug_aranges
                0x00000108       0x28 .\CortexM0\ARM_GCC_541\Debug\SuperFastHash.o
 .debug_aranges
                0x00000130       0x38 .\CortexM0\ARM_GCC_541\Debug\cyfitter_cfg.o
 .debug_aranges
                0x00000168       0x18 .\CortexM0\ARM_GCC_541\Debug\cymetadata.o
 .debug_aranges
                0x00000180       0x48 .\CortexM0\ARM_GCC_541\Debug\Cm0Start.o
 .debug_aranges
                0x000001c8       0x70 .\CortexM0\ARM_GCC_541\Debug\SECURITY_MODULE.a(DB_UART.o)
 .debug_aranges
                0x00000238       0x60 .\CortexM0\ARM_GCC_541\Debug\SECURITY_MODULE.a(DB_UART_SPI_UART.o)
 .debug_aranges
                0x00000298       0x60 .\CortexM0\ARM_GCC_541\Debug\SECURITY_MODULE.a(DB_UART_UART.o)
 .debug_aranges
                0x000002f8       0x30 .\CortexM0\ARM_GCC_541\Debug\SECURITY_MODULE.a(PIGGY_BANK.o)
 .debug_aranges
                0x00000328       0x80 .\CortexM0\ARM_GCC_541\Debug\SECURITY_MODULE.a(Reset_isr.o)
 .debug_aranges
                0x000003a8       0x48 .\CortexM0\ARM_GCC_541\Debug\SECURITY_MODULE.a(SW1.o)
 .debug_aranges
                0x000003f0       0x38 .\CortexM0\ARM_GCC_541\Debug\SECURITY_MODULE.a(CyFlash.o)
 .debug_aranges
                0x00000428      0x180 .\CortexM0\ARM_GCC_541\Debug\SECURITY_MODULE.a(CyLib.o)
 .debug_aranges
                0x000005a8      0x138 .\CortexM0\ARM_GCC_541\Debug\SECURITY_MODULE.a(CyLFClk.o)
 .debug_aranges
                0x000006e0       0x20 .\CortexM0\ARM_GCC_541\Debug\SECURITY_MODULE.a(CyBootAsmGnu.o)
 .debug_aranges
                0x00000700       0x20 .\CortexM0\ARM_GCC_541\Debug\SECURITY_MODULE.a(DB_UART_SPI_UART_INT.o)

.debug_pubnames
 *(.debug_pubnames)

.debug_info     0x00000000     0x4eef
 *(.debug_info .gnu.linkonce.wi.*)
 .debug_info    0x00000000      0xc20 .\CortexM0\ARM_GCC_541\Debug\main.o
 .debug_info    0x00000c20      0x2f9 .\CortexM0\ARM_GCC_541\Debug\usbserialprotocol.o
 .debug_info    0x00000f19      0x82b .\CortexM0\ARM_GCC_541\Debug\aes.o
 .debug_info    0x00001744      0x170 .\CortexM0\ARM_GCC_541\Debug\SuperFastHash.o
 .debug_info    0x000018b4      0x3b2 .\CortexM0\ARM_GCC_541\Debug\cyfitter_cfg.o
 .debug_info    0x00001c66       0xf8 .\CortexM0\ARM_GCC_541\Debug\cymetadata.o
 .debug_info    0x00001d5e      0x39c .\CortexM0\ARM_GCC_541\Debug\Cm0Start.o
 .debug_info    0x000020fa      0x2fb .\CortexM0\ARM_GCC_541\Debug\SECURITY_MODULE.a(DB_UART.o)
 .debug_info    0x000023f5      0x372 .\CortexM0\ARM_GCC_541\Debug\SECURITY_MODULE.a(DB_UART_SPI_UART.o)
 .debug_info    0x00002767      0x3b1 .\CortexM0\ARM_GCC_541\Debug\SECURITY_MODULE.a(DB_UART_UART.o)
 .debug_info    0x00002b18      0x1e0 .\CortexM0\ARM_GCC_541\Debug\SECURITY_MODULE.a(PIGGY_BANK.o)
 .debug_info    0x00002cf8      0x305 .\CortexM0\ARM_GCC_541\Debug\SECURITY_MODULE.a(Reset_isr.o)
 .debug_info    0x00002ffd      0x19d .\CortexM0\ARM_GCC_541\Debug\SECURITY_MODULE.a(SW1.o)
 .debug_info    0x0000319a      0x33d .\CortexM0\ARM_GCC_541\Debug\SECURITY_MODULE.a(CyFlash.o)
 .debug_info    0x000034d7      0xb0b .\CortexM0\ARM_GCC_541\Debug\SECURITY_MODULE.a(CyLib.o)
 .debug_info    0x00003fe2      0xcfe .\CortexM0\ARM_GCC_541\Debug\SECURITY_MODULE.a(CyLFClk.o)
 .debug_info    0x00004ce0       0x89 .\CortexM0\ARM_GCC_541\Debug\SECURITY_MODULE.a(CyBootAsmGnu.o)
 .debug_info    0x00004d69      0x186 .\CortexM0\ARM_GCC_541\Debug\SECURITY_MODULE.a(DB_UART_SPI_UART_INT.o)

.debug_abbrev   0x00000000     0x1687
 *(.debug_abbrev)
 .debug_abbrev  0x00000000      0x1ad .\CortexM0\ARM_GCC_541\Debug\main.o
 .debug_abbrev  0x000001ad      0x127 .\CortexM0\ARM_GCC_541\Debug\usbserialprotocol.o
 .debug_abbrev  0x000002d4      0x1ba .\CortexM0\ARM_GCC_541\Debug\aes.o
 .debug_abbrev  0x0000048e       0xc1 .\CortexM0\ARM_GCC_541\Debug\SuperFastHash.o
 .debug_abbrev  0x0000054f      0x1a2 .\CortexM0\ARM_GCC_541\Debug\cyfitter_cfg.o
 .debug_abbrev  0x000006f1       0x5d .\CortexM0\ARM_GCC_541\Debug\cymetadata.o
 .debug_abbrev  0x0000074e      0x1d7 .\CortexM0\ARM_GCC_541\Debug\Cm0Start.o
 .debug_abbrev  0x00000925      0x130 .\CortexM0\ARM_GCC_541\Debug\SECURITY_MODULE.a(DB_UART.o)
 .debug_abbrev  0x00000a55      0x168 .\CortexM0\ARM_GCC_541\Debug\SECURITY_MODULE.a(DB_UART_SPI_UART.o)
 .debug_abbrev  0x00000bbd      0x136 .\CortexM0\ARM_GCC_541\Debug\SECURITY_MODULE.a(DB_UART_UART.o)
 .debug_abbrev  0x00000cf3       0xf8 .\CortexM0\ARM_GCC_541\Debug\SECURITY_MODULE.a(PIGGY_BANK.o)
 .debug_abbrev  0x00000deb      0x19a .\CortexM0\ARM_GCC_541\Debug\SECURITY_MODULE.a(Reset_isr.o)
 .debug_abbrev  0x00000f85       0xc8 .\CortexM0\ARM_GCC_541\Debug\SECURITY_MODULE.a(SW1.o)
 .debug_abbrev  0x0000104d      0x19c .\CortexM0\ARM_GCC_541\Debug\SECURITY_MODULE.a(CyFlash.o)
 .debug_abbrev  0x000011e9      0x1e0 .\CortexM0\ARM_GCC_541\Debug\SECURITY_MODULE.a(CyLib.o)
 .debug_abbrev  0x000013c9      0x210 .\CortexM0\ARM_GCC_541\Debug\SECURITY_MODULE.a(CyLFClk.o)
 .debug_abbrev  0x000015d9       0x14 .\CortexM0\ARM_GCC_541\Debug\SECURITY_MODULE.a(CyBootAsmGnu.o)
 .debug_abbrev  0x000015ed       0x9a .\CortexM0\ARM_GCC_541\Debug\SECURITY_MODULE.a(DB_UART_SPI_UART_INT.o)

.debug_line     0x00000000     0x2217
 *(.debug_line)
 .debug_line    0x00000000      0x40f .\CortexM0\ARM_GCC_541\Debug\main.o
 .debug_line    0x0000040f      0x159 .\CortexM0\ARM_GCC_541\Debug\usbserialprotocol.o
 .debug_line    0x00000568      0x3b1 .\CortexM0\ARM_GCC_541\Debug\aes.o
 .debug_line    0x00000919      0x199 .\CortexM0\ARM_GCC_541\Debug\SuperFastHash.o
 .debug_line    0x00000ab2      0x16c .\CortexM0\ARM_GCC_541\Debug\cyfitter_cfg.o
 .debug_line    0x00000c1e      0x141 .\CortexM0\ARM_GCC_541\Debug\cymetadata.o
 .debug_line    0x00000d5f      0x235 .\CortexM0\ARM_GCC_541\Debug\Cm0Start.o
 .debug_line    0x00000f94      0x161 .\CortexM0\ARM_GCC_541\Debug\SECURITY_MODULE.a(DB_UART.o)
 .debug_line    0x000010f5      0x155 .\CortexM0\ARM_GCC_541\Debug\SECURITY_MODULE.a(DB_UART_SPI_UART.o)
 .debug_line    0x0000124a      0x180 .\CortexM0\ARM_GCC_541\Debug\SECURITY_MODULE.a(DB_UART_UART.o)
 .debug_line    0x000013ca       0xce .\CortexM0\ARM_GCC_541\Debug\SECURITY_MODULE.a(PIGGY_BANK.o)
 .debug_line    0x00001498      0x151 .\CortexM0\ARM_GCC_541\Debug\SECURITY_MODULE.a(Reset_isr.o)
 .debug_line    0x000015e9       0xbb .\CortexM0\ARM_GCC_541\Debug\SECURITY_MODULE.a(SW1.o)
 .debug_line    0x000016a4      0x18d .\CortexM0\ARM_GCC_541\Debug\SECURITY_MODULE.a(CyFlash.o)
 .debug_line    0x00001831      0x460 .\CortexM0\ARM_GCC_541\Debug\SECURITY_MODULE.a(CyLib.o)
 .debug_line    0x00001c91      0x466 .\CortexM0\ARM_GCC_541\Debug\SECURITY_MODULE.a(CyLFClk.o)
 .debug_line    0x000020f7       0x69 .\CortexM0\ARM_GCC_541\Debug\SECURITY_MODULE.a(CyBootAsmGnu.o)
 .debug_line    0x00002160       0xb7 .\CortexM0\ARM_GCC_541\Debug\SECURITY_MODULE.a(DB_UART_SPI_UART_INT.o)

.debug_frame    0x00000000     0x14f0
 *(.debug_frame)
 .debug_frame   0x00000000       0xf0 .\CortexM0\ARM_GCC_541\Debug\main.o
 .debug_frame   0x000000f0       0x90 .\CortexM0\ARM_GCC_541\Debug\usbserialprotocol.o
 .debug_frame   0x00000180      0x1bc .\CortexM0\ARM_GCC_541\Debug\aes.o
 .debug_frame   0x0000033c       0x48 .\CortexM0\ARM_GCC_541\Debug\SuperFastHash.o
 .debug_frame   0x00000384       0x8c .\CortexM0\ARM_GCC_541\Debug\cyfitter_cfg.o
 .debug_frame   0x00000410       0xbc .\CortexM0\ARM_GCC_541\Debug\Cm0Start.o
 .debug_frame   0x000004cc      0x114 .\CortexM0\ARM_GCC_541\Debug\SECURITY_MODULE.a(DB_UART.o)
 .debug_frame   0x000005e0       0xc8 .\CortexM0\ARM_GCC_541\Debug\SECURITY_MODULE.a(DB_UART_SPI_UART.o)
 .debug_frame   0x000006a8       0xe0 .\CortexM0\ARM_GCC_541\Debug\SECURITY_MODULE.a(DB_UART_UART.o)
 .debug_frame   0x00000788       0x60 .\CortexM0\ARM_GCC_541\Debug\SECURITY_MODULE.a(PIGGY_BANK.o)
 .debug_frame   0x000007e8      0x110 .\CortexM0\ARM_GCC_541\Debug\SECURITY_MODULE.a(Reset_isr.o)
 .debug_frame   0x000008f8       0x70 .\CortexM0\ARM_GCC_541\Debug\SECURITY_MODULE.a(SW1.o)
 .debug_frame   0x00000968       0x74 .\CortexM0\ARM_GCC_541\Debug\SECURITY_MODULE.a(CyFlash.o)
 .debug_frame   0x000009dc      0x3e0 .\CortexM0\ARM_GCC_541\Debug\SECURITY_MODULE.a(CyLib.o)
 .debug_frame   0x00000dbc      0x3a8 .\CortexM0\ARM_GCC_541\Debug\SECURITY_MODULE.a(CyLFClk.o)
 .debug_frame   0x00001164       0x2c .\CortexM0\ARM_GCC_541\Debug\SECURITY_MODULE.a(DB_UART_SPI_UART_INT.o)
 .debug_frame   0x00001190       0x20 c:/program files (x86)/cypress/psoc creator/4.1/psoc creator/import/gnu/arm/5.4.1/bin/../lib/gcc/arm-none-eabi/5.4.1/armv6-m\libgcc.a(_udivsi3.o)
 .debug_frame   0x000011b0       0x40 c:/program files (x86)/cypress/psoc creator/4.1/psoc creator/import/gnu/arm/5.4.1/bin/../lib/gcc/arm-none-eabi/5.4.1/../../../../arm-none-eabi/lib/armv6-m\libg_nano.a(lib_a-atoi.o)
 .debug_frame   0x000011f0       0x20 c:/program files (x86)/cypress/psoc creator/4.1/psoc creator/import/gnu/arm/5.4.1/bin/../lib/gcc/arm-none-eabi/5.4.1/../../../../arm-none-eabi/lib/armv6-m\libg_nano.a(lib_a-errno.o)
 .debug_frame   0x00001210       0x28 c:/program files (x86)/cypress/psoc creator/4.1/psoc creator/import/gnu/arm/5.4.1/bin/../lib/gcc/arm-none-eabi/5.4.1/../../../../arm-none-eabi/lib/armv6-m\libg_nano.a(lib_a-exit.o)
 .debug_frame   0x00001238       0x2c c:/program files (x86)/cypress/psoc creator/4.1/psoc creator/import/gnu/arm/5.4.1/bin/../lib/gcc/arm-none-eabi/5.4.1/../../../../arm-none-eabi/lib/armv6-m\libg_nano.a(lib_a-init.o)
 .debug_frame   0x00001264       0x28 c:/program files (x86)/cypress/psoc creator/4.1/psoc creator/import/gnu/arm/5.4.1/bin/../lib/gcc/arm-none-eabi/5.4.1/../../../../arm-none-eabi/lib/armv6-m\libg_nano.a(lib_a-memcpy-stub.o)
 .debug_frame   0x0000128c       0x20 c:/program files (x86)/cypress/psoc creator/4.1/psoc creator/import/gnu/arm/5.4.1/bin/../lib/gcc/arm-none-eabi/5.4.1/../../../../arm-none-eabi/lib/armv6-m\libg_nano.a(lib_a-memset.o)
 .debug_frame   0x000012ac       0x20 c:/program files (x86)/cypress/psoc creator/4.1/psoc creator/import/gnu/arm/5.4.1/bin/../lib/gcc/arm-none-eabi/5.4.1/../../../../arm-none-eabi/lib/armv6-m\libg_nano.a(lib_a-strcmp.o)
 .debug_frame   0x000012cc       0x28 c:/program files (x86)/cypress/psoc creator/4.1/psoc creator/import/gnu/arm/5.4.1/bin/../lib/gcc/arm-none-eabi/5.4.1/../../../../arm-none-eabi/lib/armv6-m\libg_nano.a(lib_a-strncat.o)
 .debug_frame   0x000012f4       0x30 c:/program files (x86)/cypress/psoc creator/4.1/psoc creator/import/gnu/arm/5.4.1/bin/../lib/gcc/arm-none-eabi/5.4.1/../../../../arm-none-eabi/lib/armv6-m\libg_nano.a(lib_a-strtok.o)
 .debug_frame   0x00001324       0x48 c:/program files (x86)/cypress/psoc creator/4.1/psoc creator/import/gnu/arm/5.4.1/bin/../lib/gcc/arm-none-eabi/5.4.1/../../../../arm-none-eabi/lib/armv6-m\libg_nano.a(lib_a-strtok_r.o)
 .debug_frame   0x0000136c       0x48 c:/program files (x86)/cypress/psoc creator/4.1/psoc creator/import/gnu/arm/5.4.1/bin/../lib/gcc/arm-none-eabi/5.4.1/../../../../arm-none-eabi/lib/armv6-m\libg_nano.a(lib_a-strtol.o)
 .debug_frame   0x000013b4       0x40 c:/program files (x86)/cypress/psoc creator/4.1/psoc creator/import/gnu/arm/5.4.1/bin/../lib/gcc/arm-none-eabi/5.4.1/../../../../arm-none-eabi/lib/armv6-m\libg_nano.a(lib_a-malloc.o)
 .debug_frame   0x000013f4       0x2c c:/program files (x86)/cypress/psoc creator/4.1/psoc creator/import/gnu/arm/5.4.1/bin/../lib/gcc/arm-none-eabi/5.4.1/../../../../arm-none-eabi/lib/armv6-m\libg_nano.a(lib_a-nano-freer.o)
 .debug_frame   0x00001420       0x2c c:/program files (x86)/cypress/psoc creator/4.1/psoc creator/import/gnu/arm/5.4.1/bin/../lib/gcc/arm-none-eabi/5.4.1/../../../../arm-none-eabi/lib/armv6-m\libg_nano.a(lib_a-nano-mallocr.o)
 .debug_frame   0x0000144c       0x2c c:/program files (x86)/cypress/psoc creator/4.1/psoc creator/import/gnu/arm/5.4.1/bin/../lib/gcc/arm-none-eabi/5.4.1/../../../../arm-none-eabi/lib/armv6-m\libg_nano.a(lib_a-sbrkr.o)
 .debug_frame   0x00001478       0x30 c:/program files (x86)/cypress/psoc creator/4.1/psoc creator/import/gnu/arm/5.4.1/bin/../lib/gcc/arm-none-eabi/5.4.1/../../../../arm-none-eabi/lib/armv6-m\libg_nano.a(lib_a-mlock.o)
 .debug_frame   0x000014a8       0x48 c:/program files (x86)/cypress/psoc creator/4.1/psoc creator/import/gnu/arm/5.4.1/bin/../lib/gcc/arm-none-eabi/5.4.1/../../../../arm-none-eabi/lib/armv6-m\libg_nano.a(lib_a-reent.o)

.debug_str      0x00000000     0x18bd
 *(.debug_str)
 .debug_str     0x00000000      0x313 .\CortexM0\ARM_GCC_541\Debug\main.o
                                0x377 (size before relaxing)
 .debug_str     0x00000313       0x89 .\CortexM0\ARM_GCC_541\Debug\usbserialprotocol.o
                                0x243 (size before relaxing)
 .debug_str     0x0000039c       0x75 .\CortexM0\ARM_GCC_541\Debug\aes.o
                                0x261 (size before relaxing)
 .debug_str     0x00000411       0x24 .\CortexM0\ARM_GCC_541\Debug\SuperFastHash.o
                                0x1b0 (size before relaxing)
 .debug_str     0x00000435      0x114 .\CortexM0\ARM_GCC_541\Debug\cyfitter_cfg.o
                                0x2c4 (size before relaxing)
 .debug_str     0x00000549       0x59 .\CortexM0\ARM_GCC_541\Debug\cymetadata.o
                                0x1c1 (size before relaxing)
 .debug_str     0x000005a2      0x13a .\CortexM0\ARM_GCC_541\Debug\Cm0Start.o
                                0x2fa (size before relaxing)
 .debug_str     0x000006dc      0x1b3 .\CortexM0\ARM_GCC_541\Debug\SECURITY_MODULE.a(DB_UART.o)
                                0x35b (size before relaxing)
 .debug_str     0x0000088f      0x1c8 .\CortexM0\ARM_GCC_541\Debug\SECURITY_MODULE.a(DB_UART_SPI_UART.o)
                                0x3ad (size before relaxing)
 .debug_str     0x00000a57       0xeb .\CortexM0\ARM_GCC_541\Debug\SECURITY_MODULE.a(DB_UART_UART.o)
                                0x3d1 (size before relaxing)
 .debug_str     0x00000b42       0xab .\CortexM0\ARM_GCC_541\Debug\SECURITY_MODULE.a(PIGGY_BANK.o)
                                0x253 (size before relaxing)
 .debug_str     0x00000bed      0x160 .\CortexM0\ARM_GCC_541\Debug\SECURITY_MODULE.a(Reset_isr.o)
                                0x31b (size before relaxing)
 .debug_str     0x00000d4d       0x8f .\CortexM0\ARM_GCC_541\Debug\SECURITY_MODULE.a(SW1.o)
                                0x221 (size before relaxing)
 .debug_str     0x00000ddc      0x133 .\CortexM0\ARM_GCC_541\Debug\SECURITY_MODULE.a(CyFlash.o)
                                0x327 (size before relaxing)
 .debug_str     0x00000f0f      0x44e .\CortexM0\ARM_GCC_541\Debug\SECURITY_MODULE.a(CyLib.o)
                                0x6bd (size before relaxing)
 .debug_str     0x0000135d      0x51d .\CortexM0\ARM_GCC_541\Debug\SECURITY_MODULE.a(CyLFClk.o)
                                0x736 (size before relaxing)
 .debug_str     0x0000187a       0x43 .\CortexM0\ARM_GCC_541\Debug\SECURITY_MODULE.a(DB_UART_SPI_UART_INT.o)
                                0x2a0 (size before relaxing)

.debug_loc      0x00000000     0x2532
 *(.debug_loc)
 .debug_loc     0x00000000      0x283 .\CortexM0\ARM_GCC_541\Debug\main.o
 .debug_loc     0x00000283      0x10d .\CortexM0\ARM_GCC_541\Debug\usbserialprotocol.o
 .debug_loc     0x00000390      0x5c9 .\CortexM0\ARM_GCC_541\Debug\aes.o
 .debug_loc     0x00000959      0x13e .\CortexM0\ARM_GCC_541\Debug\SuperFastHash.o
 .debug_loc     0x00000a97      0x118 .\CortexM0\ARM_GCC_541\Debug\cyfitter_cfg.o
 .debug_loc     0x00000baf      0x14f .\CortexM0\ARM_GCC_541\Debug\Cm0Start.o
 .debug_loc     0x00000cfe       0x7e .\CortexM0\ARM_GCC_541\Debug\SECURITY_MODULE.a(DB_UART.o)
 .debug_loc     0x00000d7c      0x170 .\CortexM0\ARM_GCC_541\Debug\SECURITY_MODULE.a(DB_UART_SPI_UART.o)
 .debug_loc     0x00000eec      0x184 .\CortexM0\ARM_GCC_541\Debug\SECURITY_MODULE.a(DB_UART_UART.o)
 .debug_loc     0x00001070      0x1c2 .\CortexM0\ARM_GCC_541\Debug\SECURITY_MODULE.a(PIGGY_BANK.o)
 .debug_loc     0x00001232       0x82 .\CortexM0\ARM_GCC_541\Debug\SECURITY_MODULE.a(Reset_isr.o)
 .debug_loc     0x000012b4       0xa2 .\CortexM0\ARM_GCC_541\Debug\SECURITY_MODULE.a(SW1.o)
 .debug_loc     0x00001356      0x21f .\CortexM0\ARM_GCC_541\Debug\SECURITY_MODULE.a(CyFlash.o)
 .debug_loc     0x00001575      0x5cb .\CortexM0\ARM_GCC_541\Debug\SECURITY_MODULE.a(CyLib.o)
 .debug_loc     0x00001b40      0x9b5 .\CortexM0\ARM_GCC_541\Debug\SECURITY_MODULE.a(CyLFClk.o)
 .debug_loc     0x000024f5       0x3d .\CortexM0\ARM_GCC_541\Debug\SECURITY_MODULE.a(DB_UART_SPI_UART_INT.o)

.debug_macinfo
 *(.debug_macinfo)

.debug_ranges   0x00000000      0x678
 *(.debug_ranges)
 .debug_ranges  0x00000000       0xc8 .\CortexM0\ARM_GCC_541\Debug\main.o
 .debug_ranges  0x000000c8       0x28 .\CortexM0\ARM_GCC_541\Debug\usbserialprotocol.o
 .debug_ranges  0x000000f0       0x78 .\CortexM0\ARM_GCC_541\Debug\aes.o
 .debug_ranges  0x00000168       0x18 .\CortexM0\ARM_GCC_541\Debug\SuperFastHash.o
 .debug_ranges  0x00000180       0x28 .\CortexM0\ARM_GCC_541\Debug\cyfitter_cfg.o
 .debug_ranges  0x000001a8       0x38 .\CortexM0\ARM_GCC_541\Debug\Cm0Start.o
 .debug_ranges  0x000001e0       0x60 .\CortexM0\ARM_GCC_541\Debug\SECURITY_MODULE.a(DB_UART.o)
 .debug_ranges  0x00000240       0x50 .\CortexM0\ARM_GCC_541\Debug\SECURITY_MODULE.a(DB_UART_SPI_UART.o)
 .debug_ranges  0x00000290       0x50 .\CortexM0\ARM_GCC_541\Debug\SECURITY_MODULE.a(DB_UART_UART.o)
 .debug_ranges  0x000002e0       0x20 .\CortexM0\ARM_GCC_541\Debug\SECURITY_MODULE.a(PIGGY_BANK.o)
 .debug_ranges  0x00000300       0x70 .\CortexM0\ARM_GCC_541\Debug\SECURITY_MODULE.a(Reset_isr.o)
 .debug_ranges  0x00000370       0x38 .\CortexM0\ARM_GCC_541\Debug\SECURITY_MODULE.a(SW1.o)
 .debug_ranges  0x000003a8       0x28 .\CortexM0\ARM_GCC_541\Debug\SECURITY_MODULE.a(CyFlash.o)
 .debug_ranges  0x000003d0      0x170 .\CortexM0\ARM_GCC_541\Debug\SECURITY_MODULE.a(CyLib.o)
 .debug_ranges  0x00000540      0x128 .\CortexM0\ARM_GCC_541\Debug\SECURITY_MODULE.a(CyLFClk.o)
 .debug_ranges  0x00000668       0x10 .\CortexM0\ARM_GCC_541\Debug\SECURITY_MODULE.a(DB_UART_SPI_UART_INT.o)

.comment        0x00000000       0x6e
 .comment       0x00000000       0x6e .\CortexM0\ARM_GCC_541\Debug\main.o
                                 0x6f (size before relaxing)
 .comment       0x0000006e       0x6f .\CortexM0\ARM_GCC_541\Debug\usbserialprotocol.o
 .comment       0x0000006e       0x6f .\CortexM0\ARM_GCC_541\Debug\aes.o
 .comment       0x0000006e       0x6f .\CortexM0\ARM_GCC_541\Debug\SuperFastHash.o
 .comment       0x0000006e       0x6f .\CortexM0\ARM_GCC_541\Debug\cyfitter_cfg.o
 .comment       0x0000006e       0x6f .\CortexM0\ARM_GCC_541\Debug\cymetadata.o
 .comment       0x0000006e       0x6f .\CortexM0\ARM_GCC_541\Debug\Cm0Start.o
 .comment       0x0000006e       0x6f .\CortexM0\ARM_GCC_541\Debug\SECURITY_MODULE.a(DB_UART.o)
 .comment       0x0000006e       0x6f .\CortexM0\ARM_GCC_541\Debug\SECURITY_MODULE.a(DB_UART_SPI_UART.o)
 .comment       0x0000006e       0x6f .\CortexM0\ARM_GCC_541\Debug\SECURITY_MODULE.a(DB_UART_UART.o)
 .comment       0x0000006e       0x6f .\CortexM0\ARM_GCC_541\Debug\SECURITY_MODULE.a(PIGGY_BANK.o)
 .comment       0x0000006e       0x6f .\CortexM0\ARM_GCC_541\Debug\SECURITY_MODULE.a(Reset_isr.o)
 .comment       0x0000006e       0x6f .\CortexM0\ARM_GCC_541\Debug\SECURITY_MODULE.a(SW1.o)
 .comment       0x0000006e       0x6f .\CortexM0\ARM_GCC_541\Debug\SECURITY_MODULE.a(CyFlash.o)
 .comment       0x0000006e       0x6f .\CortexM0\ARM_GCC_541\Debug\SECURITY_MODULE.a(CyLib.o)
 .comment       0x0000006e       0x6f .\CortexM0\ARM_GCC_541\Debug\SECURITY_MODULE.a(CyLFClk.o)
 .comment       0x0000006e       0x6f .\CortexM0\ARM_GCC_541\Debug\SECURITY_MODULE.a(DB_UART_SPI_UART_INT.o)

.debug_weaknames
 *(.debug_weaknames)

.debug_funcnames
 *(.debug_funcnames)

.debug_typenames
 *(.debug_typenames)

.debug_varnames
 *(.debug_varnames)

.note.gnu.arm.ident
 *(.note.gnu.arm.ident)

.ARM.attributes
                0x00000000       0x28
 *(.ARM.attributes)
 .ARM.attributes
                0x00000000       0x1e c:/program files (x86)/cypress/psoc creator/4.1/psoc creator/import/gnu/arm/5.4.1/bin/../lib/gcc/arm-none-eabi/5.4.1/armv6-m/crti.o
 .ARM.attributes
                0x0000001e       0x2c c:/program files (x86)/cypress/psoc creator/4.1/psoc creator/import/gnu/arm/5.4.1/bin/../lib/gcc/arm-none-eabi/5.4.1/armv6-m/crtbegin.o
 .ARM.attributes
                0x0000004a       0x1b c:/program files (x86)/cypress/psoc creator/4.1/psoc creator/import/gnu/arm/5.4.1/bin/../lib/gcc/arm-none-eabi/5.4.1/../../../../arm-none-eabi/lib/armv6-m/crt0.o
 .ARM.attributes
                0x00000065       0x31 .\CortexM0\ARM_GCC_541\Debug\main.o
 .ARM.attributes
                0x00000096       0x31 .\CortexM0\ARM_GCC_541\Debug\usbserialprotocol.o
 .ARM.attributes
                0x000000c7       0x31 .\CortexM0\ARM_GCC_541\Debug\aes.o
 .ARM.attributes
                0x000000f8       0x31 .\CortexM0\ARM_GCC_541\Debug\SuperFastHash.o
 .ARM.attributes
                0x00000129       0x31 .\CortexM0\ARM_GCC_541\Debug\cyfitter_cfg.o
 .ARM.attributes
                0x0000015a       0x31 .\CortexM0\ARM_GCC_541\Debug\cymetadata.o
 .ARM.attributes
                0x0000018b       0x31 .\CortexM0\ARM_GCC_541\Debug\Cm0Start.o
 .ARM.attributes
                0x000001bc       0x31 .\CortexM0\ARM_GCC_541\Debug\SECURITY_MODULE.a(DB_UART.o)
 .ARM.attributes
                0x000001ed       0x31 .\CortexM0\ARM_GCC_541\Debug\SECURITY_MODULE.a(DB_UART_SPI_UART.o)
 .ARM.attributes
                0x0000021e       0x31 .\CortexM0\ARM_GCC_541\Debug\SECURITY_MODULE.a(DB_UART_UART.o)
 .ARM.attributes
                0x0000024f       0x31 .\CortexM0\ARM_GCC_541\Debug\SECURITY_MODULE.a(PIGGY_BANK.o)
 .ARM.attributes
                0x00000280       0x31 .\CortexM0\ARM_GCC_541\Debug\SECURITY_MODULE.a(Reset_isr.o)
 .ARM.attributes
                0x000002b1       0x31 .\CortexM0\ARM_GCC_541\Debug\SECURITY_MODULE.a(SW1.o)
 .ARM.attributes
                0x000002e2       0x31 .\CortexM0\ARM_GCC_541\Debug\SECURITY_MODULE.a(CyFlash.o)
 .ARM.attributes
                0x00000313       0x31 .\CortexM0\ARM_GCC_541\Debug\SECURITY_MODULE.a(CyLib.o)
 .ARM.attributes
                0x00000344       0x31 .\CortexM0\ARM_GCC_541\Debug\SECURITY_MODULE.a(CyLFClk.o)
 .ARM.attributes
                0x00000375       0x21 .\CortexM0\ARM_GCC_541\Debug\SECURITY_MODULE.a(CyBootAsmGnu.o)
 .ARM.attributes
                0x00000396       0x31 .\CortexM0\ARM_GCC_541\Debug\SECURITY_MODULE.a(DB_UART_SPI_UART_INT.o)
 .ARM.attributes
                0x000003c7       0x1e c:/program files (x86)/cypress/psoc creator/4.1/psoc creator/import/gnu/arm/5.4.1/bin/../lib/gcc/arm-none-eabi/5.4.1/armv6-m\libgcc.a(_udivsi3.o)
 .ARM.attributes
                0x000003e5       0x1e c:/program files (x86)/cypress/psoc creator/4.1/psoc creator/import/gnu/arm/5.4.1/bin/../lib/gcc/arm-none-eabi/5.4.1/armv6-m\libgcc.a(_dvmd_tls.o)
 .ARM.attributes
                0x00000403       0x2c c:/program files (x86)/cypress/psoc creator/4.1/psoc creator/import/gnu/arm/5.4.1/bin/../lib/gcc/arm-none-eabi/5.4.1/../../../../arm-none-eabi/lib/armv6-m\libg_nano.a(lib_a-atoi.o)
 .ARM.attributes
                0x0000042f       0x2c c:/program files (x86)/cypress/psoc creator/4.1/psoc creator/import/gnu/arm/5.4.1/bin/../lib/gcc/arm-none-eabi/5.4.1/../../../../arm-none-eabi/lib/armv6-m\libg_nano.a(lib_a-errno.o)
 .ARM.attributes
                0x0000045b       0x2c c:/program files (x86)/cypress/psoc creator/4.1/psoc creator/import/gnu/arm/5.4.1/bin/../lib/gcc/arm-none-eabi/5.4.1/../../../../arm-none-eabi/lib/armv6-m\libg_nano.a(lib_a-exit.o)
 .ARM.attributes
                0x00000487       0x2c c:/program files (x86)/cypress/psoc creator/4.1/psoc creator/import/gnu/arm/5.4.1/bin/../lib/gcc/arm-none-eabi/5.4.1/../../../../arm-none-eabi/lib/armv6-m\libg_nano.a(lib_a-impure.o)
 .ARM.attributes
                0x000004b3       0x2c c:/program files (x86)/cypress/psoc creator/4.1/psoc creator/import/gnu/arm/5.4.1/bin/../lib/gcc/arm-none-eabi/5.4.1/../../../../arm-none-eabi/lib/armv6-m\libg_nano.a(lib_a-init.o)
 .ARM.attributes
                0x000004df       0x2c c:/program files (x86)/cypress/psoc creator/4.1/psoc creator/import/gnu/arm/5.4.1/bin/../lib/gcc/arm-none-eabi/5.4.1/../../../../arm-none-eabi/lib/armv6-m\libg_nano.a(lib_a-memcpy-stub.o)
 .ARM.attributes
                0x0000050b       0x2c c:/program files (x86)/cypress/psoc creator/4.1/psoc creator/import/gnu/arm/5.4.1/bin/../lib/gcc/arm-none-eabi/5.4.1/../../../../arm-none-eabi/lib/armv6-m\libg_nano.a(lib_a-memset.o)
 .ARM.attributes
                0x00000537       0x1c c:/program files (x86)/cypress/psoc creator/4.1/psoc creator/import/gnu/arm/5.4.1/bin/../lib/gcc/arm-none-eabi/5.4.1/../../../../arm-none-eabi/lib/armv6-m\libg_nano.a(lib_a-strcmp.o)
 .ARM.attributes
                0x00000553       0x1c c:/program files (x86)/cypress/psoc creator/4.1/psoc creator/import/gnu/arm/5.4.1/bin/../lib/gcc/arm-none-eabi/5.4.1/../../../../arm-none-eabi/lib/armv6-m\libg_nano.a(lib_a-strlen.o)
 .ARM.attributes
                0x0000056f       0x2c c:/program files (x86)/cypress/psoc creator/4.1/psoc creator/import/gnu/arm/5.4.1/bin/../lib/gcc/arm-none-eabi/5.4.1/../../../../arm-none-eabi/lib/armv6-m\libg_nano.a(lib_a-strncat.o)
 .ARM.attributes
                0x0000059b       0x2c c:/program files (x86)/cypress/psoc creator/4.1/psoc creator/import/gnu/arm/5.4.1/bin/../lib/gcc/arm-none-eabi/5.4.1/../../../../arm-none-eabi/lib/armv6-m\libg_nano.a(lib_a-strtok.o)
 .ARM.attributes
                0x000005c7       0x2c c:/program files (x86)/cypress/psoc creator/4.1/psoc creator/import/gnu/arm/5.4.1/bin/../lib/gcc/arm-none-eabi/5.4.1/../../../../arm-none-eabi/lib/armv6-m\libg_nano.a(lib_a-strtok_r.o)
 .ARM.attributes
                0x000005f3       0x2c c:/program files (x86)/cypress/psoc creator/4.1/psoc creator/import/gnu/arm/5.4.1/bin/../lib/gcc/arm-none-eabi/5.4.1/../../../../arm-none-eabi/lib/armv6-m\libg_nano.a(lib_a-strtol.o)
 .ARM.attributes
                0x0000061f       0x2c c:/program files (x86)/cypress/psoc creator/4.1/psoc creator/import/gnu/arm/5.4.1/bin/../lib/gcc/arm-none-eabi/5.4.1/../../../../arm-none-eabi/lib/armv6-m\libg_nano.a(lib_a-ctype_.o)
 .ARM.attributes
                0x0000064b       0x2c c:/program files (x86)/cypress/psoc creator/4.1/psoc creator/import/gnu/arm/5.4.1/bin/../lib/gcc/arm-none-eabi/5.4.1/../../../../arm-none-eabi/lib/armv6-m\libg_nano.a(lib_a-malloc.o)
 .ARM.attributes
                0x00000677       0x2c c:/program files (x86)/cypress/psoc creator/4.1/psoc creator/import/gnu/arm/5.4.1/bin/../lib/gcc/arm-none-eabi/5.4.1/../../../../arm-none-eabi/lib/armv6-m\libg_nano.a(lib_a-nano-freer.o)
 .ARM.attributes
                0x000006a3       0x2c c:/program files (x86)/cypress/psoc creator/4.1/psoc creator/import/gnu/arm/5.4.1/bin/../lib/gcc/arm-none-eabi/5.4.1/../../../../arm-none-eabi/lib/armv6-m\libg_nano.a(lib_a-nano-mallocr.o)
 .ARM.attributes
                0x000006cf       0x2c c:/program files (x86)/cypress/psoc creator/4.1/psoc creator/import/gnu/arm/5.4.1/bin/../lib/gcc/arm-none-eabi/5.4.1/../../../../arm-none-eabi/lib/armv6-m\libg_nano.a(lib_a-sbrkr.o)
 .ARM.attributes
                0x000006fb       0x2c c:/program files (x86)/cypress/psoc creator/4.1/psoc creator/import/gnu/arm/5.4.1/bin/../lib/gcc/arm-none-eabi/5.4.1/../../../../arm-none-eabi/lib/armv6-m\libg_nano.a(lib_a-mlock.o)
 .ARM.attributes
                0x00000727       0x2c c:/program files (x86)/cypress/psoc creator/4.1/psoc creator/import/gnu/arm/5.4.1/bin/../lib/gcc/arm-none-eabi/5.4.1/../../../../arm-none-eabi/lib/armv6-m\libg_nano.a(lib_a-reent.o)
 .ARM.attributes
                0x00000753       0x2c c:/program files (x86)/cypress/psoc creator/4.1/psoc creator/import/gnu/arm/5.4.1/bin/../lib/gcc/arm-none-eabi/5.4.1/armv6-m/crtend.o
 .ARM.attributes
                0x0000077f       0x1e c:/program files (x86)/cypress/psoc creator/4.1/psoc creator/import/gnu/arm/5.4.1/bin/../lib/gcc/arm-none-eabi/5.4.1/armv6-m/crtn.o

/DISCARD/
 *(.note.GNU-stack)
OUTPUT(C:\Users\Admin\Documents\GitHub\ectf\SECURITY_MODULE.cydsn\CortexM0\ARM_GCC_541\Debug\SECURITY_MODULE.elf elf32-littlearm)
