Archive member included to satisfy reference by file (symbol)

.\CortexM0\ARM_GCC_541\Debug\CARD.a(USER_INFO.o)
                              .\CortexM0\ARM_GCC_541\Debug\main.o (USER_INFO_Start)
.\CortexM0\ARM_GCC_541\Debug\CARD.a(USB_UART.o)
                              .\CortexM0\ARM_GCC_541\Debug\main.o (USB_UART_Start)
.\CortexM0\ARM_GCC_541\Debug\CARD.a(USB_UART_SPI_UART.o)
                              .\CortexM0\ARM_GCC_541\Debug\usbserialprotocol.o (USB_UART_SpiUartGetRxBufferSize)
.\CortexM0\ARM_GCC_541\Debug\CARD.a(USB_UART_UART.o)
                              .\CortexM0\ARM_GCC_541\Debug\CARD.a(USB_UART.o) (USB_UART_UartInit)
.\CortexM0\ARM_GCC_541\Debug\CARD.a(Reset_isr.o)
                              .\CortexM0\ARM_GCC_541\Debug\main.o (Reset_isr_StartEx)
.\CortexM0\ARM_GCC_541\Debug\CARD.a(SW1.o)
                              .\CortexM0\ARM_GCC_541\Debug\main.o (SW1_ClearInterrupt)
.\CortexM0\ARM_GCC_541\Debug\CARD.a(CyFlash.o)
                              .\CortexM0\ARM_GCC_541\Debug\CARD.a(USER_INFO.o) (CySysFlashWriteRow)
.\CortexM0\ARM_GCC_541\Debug\CARD.a(CyLib.o)
                              .\CortexM0\ARM_GCC_541\Debug\cyfitter_cfg.o (CyIntEnable)
.\CortexM0\ARM_GCC_541\Debug\CARD.a(CyLFClk.o)
                              .\CortexM0\ARM_GCC_541\Debug\cyfitter_cfg.o (CySysWdtIsr)
.\CortexM0\ARM_GCC_541\Debug\CARD.a(CyBootAsmGnu.o)
                              .\CortexM0\ARM_GCC_541\Debug\CARD.a(CyLib.o) (CyDelayCycles)
.\CortexM0\ARM_GCC_541\Debug\CARD.a(USB_UART_SPI_UART_INT.o)
                              .\CortexM0\ARM_GCC_541\Debug\CARD.a(USB_UART_UART.o) (USB_UART_SPI_UART_ISR)
c:/program files (x86)/cypress/psoc creator/4.1/psoc creator/import/gnu/arm/5.4.1/bin/../lib/gcc/arm-none-eabi/5.4.1/armv6-m\libgcc.a(_udivsi3.o)
                              .\CortexM0\ARM_GCC_541\Debug\CARD.a(CyLib.o) (__aeabi_uidiv)
c:/program files (x86)/cypress/psoc creator/4.1/psoc creator/import/gnu/arm/5.4.1/bin/../lib/gcc/arm-none-eabi/5.4.1/armv6-m\libgcc.a(_dvmd_tls.o)
                              c:/program files (x86)/cypress/psoc creator/4.1/psoc creator/import/gnu/arm/5.4.1/bin/../lib/gcc/arm-none-eabi/5.4.1/armv6-m\libgcc.a(_udivsi3.o) (__aeabi_idiv0)
c:/program files (x86)/cypress/psoc creator/4.1/psoc creator/import/gnu/arm/5.4.1/bin/../lib/gcc/arm-none-eabi/5.4.1/../../../../arm-none-eabi/lib/armv6-m\libg_nano.a(lib_a-errno.o)
                              .\CortexM0\ARM_GCC_541\Debug\Cm0Start.o (__errno)
c:/program files (x86)/cypress/psoc creator/4.1/psoc creator/import/gnu/arm/5.4.1/bin/../lib/gcc/arm-none-eabi/5.4.1/../../../../arm-none-eabi/lib/armv6-m\libg_nano.a(lib_a-exit.o)
                              c:/program files (x86)/cypress/psoc creator/4.1/psoc creator/import/gnu/arm/5.4.1/bin/../lib/gcc/arm-none-eabi/5.4.1/../../../../arm-none-eabi/lib/armv6-m/crt0.o (exit)
c:/program files (x86)/cypress/psoc creator/4.1/psoc creator/import/gnu/arm/5.4.1/bin/../lib/gcc/arm-none-eabi/5.4.1/../../../../arm-none-eabi/lib/armv6-m\libg_nano.a(lib_a-impure.o)
                              c:/program files (x86)/cypress/psoc creator/4.1/psoc creator/import/gnu/arm/5.4.1/bin/../lib/gcc/arm-none-eabi/5.4.1/../../../../arm-none-eabi/lib/armv6-m\libg_nano.a(lib_a-exit.o) (_global_impure_ptr)
c:/program files (x86)/cypress/psoc creator/4.1/psoc creator/import/gnu/arm/5.4.1/bin/../lib/gcc/arm-none-eabi/5.4.1/../../../../arm-none-eabi/lib/armv6-m\libg_nano.a(lib_a-init.o)
                              c:/program files (x86)/cypress/psoc creator/4.1/psoc creator/import/gnu/arm/5.4.1/bin/../lib/gcc/arm-none-eabi/5.4.1/../../../../arm-none-eabi/lib/armv6-m/crt0.o (__libc_init_array)
c:/program files (x86)/cypress/psoc creator/4.1/psoc creator/import/gnu/arm/5.4.1/bin/../lib/gcc/arm-none-eabi/5.4.1/../../../../arm-none-eabi/lib/armv6-m\libg_nano.a(lib_a-malloc.o)
                              .\CortexM0\ARM_GCC_541\Debug\main.o (malloc)
c:/program files (x86)/cypress/psoc creator/4.1/psoc creator/import/gnu/arm/5.4.1/bin/../lib/gcc/arm-none-eabi/5.4.1/../../../../arm-none-eabi/lib/armv6-m\libg_nano.a(lib_a-memcpy-stub.o)
                              .\CortexM0\ARM_GCC_541\Debug\main.o (memcpy)
c:/program files (x86)/cypress/psoc creator/4.1/psoc creator/import/gnu/arm/5.4.1/bin/../lib/gcc/arm-none-eabi/5.4.1/../../../../arm-none-eabi/lib/armv6-m\libg_nano.a(lib_a-memset.o)
                              c:/program files (x86)/cypress/psoc creator/4.1/psoc creator/import/gnu/arm/5.4.1/bin/../lib/gcc/arm-none-eabi/5.4.1/../../../../arm-none-eabi/lib/armv6-m/crt0.o (memset)
c:/program files (x86)/cypress/psoc creator/4.1/psoc creator/import/gnu/arm/5.4.1/bin/../lib/gcc/arm-none-eabi/5.4.1/../../../../arm-none-eabi/lib/armv6-m\libg_nano.a(lib_a-nano-freer.o)
                              c:/program files (x86)/cypress/psoc creator/4.1/psoc creator/import/gnu/arm/5.4.1/bin/../lib/gcc/arm-none-eabi/5.4.1/../../../../arm-none-eabi/lib/armv6-m\libg_nano.a(lib_a-malloc.o) (_free_r)
c:/program files (x86)/cypress/psoc creator/4.1/psoc creator/import/gnu/arm/5.4.1/bin/../lib/gcc/arm-none-eabi/5.4.1/../../../../arm-none-eabi/lib/armv6-m\libg_nano.a(lib_a-nano-mallocr.o)
                              c:/program files (x86)/cypress/psoc creator/4.1/psoc creator/import/gnu/arm/5.4.1/bin/../lib/gcc/arm-none-eabi/5.4.1/../../../../arm-none-eabi/lib/armv6-m\libg_nano.a(lib_a-malloc.o) (_malloc_r)
c:/program files (x86)/cypress/psoc creator/4.1/psoc creator/import/gnu/arm/5.4.1/bin/../lib/gcc/arm-none-eabi/5.4.1/../../../../arm-none-eabi/lib/armv6-m\libg_nano.a(lib_a-sbrkr.o)
                              c:/program files (x86)/cypress/psoc creator/4.1/psoc creator/import/gnu/arm/5.4.1/bin/../lib/gcc/arm-none-eabi/5.4.1/../../../../arm-none-eabi/lib/armv6-m\libg_nano.a(lib_a-nano-mallocr.o) (_sbrk_r)
c:/program files (x86)/cypress/psoc creator/4.1/psoc creator/import/gnu/arm/5.4.1/bin/../lib/gcc/arm-none-eabi/5.4.1/../../../../arm-none-eabi/lib/armv6-m\libg_nano.a(lib_a-strcmp.o)
                              .\CortexM0\ARM_GCC_541\Debug\usbserialprotocol.o (strcmp)
c:/program files (x86)/cypress/psoc creator/4.1/psoc creator/import/gnu/arm/5.4.1/bin/../lib/gcc/arm-none-eabi/5.4.1/../../../../arm-none-eabi/lib/armv6-m\libg_nano.a(lib_a-strlen.o)
                              .\CortexM0\ARM_GCC_541\Debug\main.o (strlen)
c:/program files (x86)/cypress/psoc creator/4.1/psoc creator/import/gnu/arm/5.4.1/bin/../lib/gcc/arm-none-eabi/5.4.1/../../../../arm-none-eabi/lib/armv6-m\libg_nano.a(lib_a-strncat.o)
                              .\CortexM0\ARM_GCC_541\Debug\main.o (strncat)
c:/program files (x86)/cypress/psoc creator/4.1/psoc creator/import/gnu/arm/5.4.1/bin/../lib/gcc/arm-none-eabi/5.4.1/../../../../arm-none-eabi/lib/armv6-m\libg_nano.a(lib_a-mlock.o)
                              c:/program files (x86)/cypress/psoc creator/4.1/psoc creator/import/gnu/arm/5.4.1/bin/../lib/gcc/arm-none-eabi/5.4.1/../../../../arm-none-eabi/lib/armv6-m\libg_nano.a(lib_a-nano-freer.o) (__malloc_lock)
c:/program files (x86)/cypress/psoc creator/4.1/psoc creator/import/gnu/arm/5.4.1/bin/../lib/gcc/arm-none-eabi/5.4.1/../../../../arm-none-eabi/lib/armv6-m\libg_nano.a(lib_a-reent.o)
                              c:/program files (x86)/cypress/psoc creator/4.1/psoc creator/import/gnu/arm/5.4.1/bin/../lib/gcc/arm-none-eabi/5.4.1/../../../../arm-none-eabi/lib/armv6-m\libg_nano.a(lib_a-sbrkr.o) (errno)

Allocating common symbols
Common symbol       size              file

USB_UART_txBufferTail
                    0x4               .\CortexM0\ARM_GCC_541\Debug\CARD.a(USB_UART_SPI_UART.o)
errno               0x4               c:/program files (x86)/cypress/psoc creator/4.1/psoc creator/import/gnu/arm/5.4.1/bin/../lib/gcc/arm-none-eabi/5.4.1/../../../../arm-none-eabi/lib/armv6-m\libg_nano.a(lib_a-reent.o)
USB_UART_rxBufferTail
                    0x4               .\CortexM0\ARM_GCC_541\Debug\CARD.a(USB_UART_SPI_UART.o)
USB_UART_txBufferInternal
                    0x80              .\CortexM0\ARM_GCC_541\Debug\CARD.a(USB_UART_SPI_UART.o)
USB_UART_rxBufferHead
                    0x4               .\CortexM0\ARM_GCC_541\Debug\CARD.a(USB_UART_SPI_UART.o)
USB_UART_txBufferHead
                    0x4               .\CortexM0\ARM_GCC_541\Debug\CARD.a(USB_UART_SPI_UART.o)
USB_UART_rxBufferInternal
                    0x81              .\CortexM0\ARM_GCC_541\Debug\CARD.a(USB_UART_SPI_UART.o)
USB_UART_rxBufferOverflow
                    0x1               .\CortexM0\ARM_GCC_541\Debug\CARD.a(USB_UART_SPI_UART.o)

Discarded input sections

 .text          0x00000000        0x0 c:/program files (x86)/cypress/psoc creator/4.1/psoc creator/import/gnu/arm/5.4.1/bin/../lib/gcc/arm-none-eabi/5.4.1/armv6-m/crti.o
 .data          0x00000000        0x0 c:/program files (x86)/cypress/psoc creator/4.1/psoc creator/import/gnu/arm/5.4.1/bin/../lib/gcc/arm-none-eabi/5.4.1/armv6-m/crti.o
 .bss           0x00000000        0x0 c:/program files (x86)/cypress/psoc creator/4.1/psoc creator/import/gnu/arm/5.4.1/bin/../lib/gcc/arm-none-eabi/5.4.1/armv6-m/crti.o
 .data          0x00000000        0x4 c:/program files (x86)/cypress/psoc creator/4.1/psoc creator/import/gnu/arm/5.4.1/bin/../lib/gcc/arm-none-eabi/5.4.1/armv6-m/crtbegin.o
 .text          0x00000000       0x78 c:/program files (x86)/cypress/psoc creator/4.1/psoc creator/import/gnu/arm/5.4.1/bin/../lib/gcc/arm-none-eabi/5.4.1/../../../../arm-none-eabi/lib/armv6-m/crt0.o
 .data          0x00000000        0x0 c:/program files (x86)/cypress/psoc creator/4.1/psoc creator/import/gnu/arm/5.4.1/bin/../lib/gcc/arm-none-eabi/5.4.1/../../../../arm-none-eabi/lib/armv6-m/crt0.o
 .bss           0x00000000        0x0 c:/program files (x86)/cypress/psoc creator/4.1/psoc creator/import/gnu/arm/5.4.1/bin/../lib/gcc/arm-none-eabi/5.4.1/../../../../arm-none-eabi/lib/armv6-m/crt0.o
 .ARM.extab     0x00000000        0x0 c:/program files (x86)/cypress/psoc creator/4.1/psoc creator/import/gnu/arm/5.4.1/bin/../lib/gcc/arm-none-eabi/5.4.1/../../../../arm-none-eabi/lib/armv6-m/crt0.o
 .ARM.exidx     0x00000000        0x8 c:/program files (x86)/cypress/psoc creator/4.1/psoc creator/import/gnu/arm/5.4.1/bin/../lib/gcc/arm-none-eabi/5.4.1/../../../../arm-none-eabi/lib/armv6-m/crt0.o
 .text          0x00000000        0x0 .\CortexM0\ARM_GCC_541\Debug\main.o
 .data          0x00000000        0x0 .\CortexM0\ARM_GCC_541\Debug\main.o
 .bss           0x00000000        0x0 .\CortexM0\ARM_GCC_541\Debug\main.o
 .text          0x00000000        0x0 .\CortexM0\ARM_GCC_541\Debug\usbserialprotocol.o
 .data          0x00000000        0x0 .\CortexM0\ARM_GCC_541\Debug\usbserialprotocol.o
 .bss           0x00000000        0x0 .\CortexM0\ARM_GCC_541\Debug\usbserialprotocol.o
 .text          0x00000000        0x0 .\CortexM0\ARM_GCC_541\Debug\aes.o
 .data          0x00000000        0x0 .\CortexM0\ARM_GCC_541\Debug\aes.o
 .bss           0x00000000        0x0 .\CortexM0\ARM_GCC_541\Debug\aes.o
 .text.InvMixColumns
                0x00000000      0x184 .\CortexM0\ARM_GCC_541\Debug\aes.o
 .text.InvSubBytes
                0x00000000       0x30 .\CortexM0\ARM_GCC_541\Debug\aes.o
 .text.InvShiftRows
                0x00000000       0x34 .\CortexM0\ARM_GCC_541\Debug\aes.o
 .text.InvCipher
                0x00000000       0x50 .\CortexM0\ARM_GCC_541\Debug\aes.o
 .text.AES_init_ctx_iv
                0x00000000       0x18 .\CortexM0\ARM_GCC_541\Debug\aes.o
 .text.AES_CBC_decrypt_buffer
                0x00000000       0x4c .\CortexM0\ARM_GCC_541\Debug\aes.o
 .text          0x00000000        0x0 .\CortexM0\ARM_GCC_541\Debug\SuperFastHash.o
 .data          0x00000000        0x0 .\CortexM0\ARM_GCC_541\Debug\SuperFastHash.o
 .bss           0x00000000        0x0 .\CortexM0\ARM_GCC_541\Debug\SuperFastHash.o
 .text          0x00000000        0x0 .\CortexM0\ARM_GCC_541\Debug\cyfitter_cfg.o
 .data          0x00000000        0x0 .\CortexM0\ARM_GCC_541\Debug\cyfitter_cfg.o
 .bss           0x00000000        0x0 .\CortexM0\ARM_GCC_541\Debug\cyfitter_cfg.o
 .text          0x00000000        0x0 .\CortexM0\ARM_GCC_541\Debug\cymetadata.o
 .data          0x00000000        0x0 .\CortexM0\ARM_GCC_541\Debug\cymetadata.o
 .bss           0x00000000        0x0 .\CortexM0\ARM_GCC_541\Debug\cymetadata.o
 .text          0x00000000        0x0 .\CortexM0\ARM_GCC_541\Debug\Cm0Start.o
 .bss           0x00000000        0x0 .\CortexM0\ARM_GCC_541\Debug\Cm0Start.o
 .text._exit    0x00000000        0xc .\CortexM0\ARM_GCC_541\Debug\Cm0Start.o
 .text          0x00000000        0x0 .\CortexM0\ARM_GCC_541\Debug\CARD.a(USER_INFO.o)
 .data          0x00000000        0x0 .\CortexM0\ARM_GCC_541\Debug\CARD.a(USER_INFO.o)
 .bss           0x00000000        0x0 .\CortexM0\ARM_GCC_541\Debug\CARD.a(USER_INFO.o)
 .text.USER_INFO_Stop
                0x00000000        0x4 .\CortexM0\ARM_GCC_541\Debug\CARD.a(USER_INFO.o)
 .text          0x00000000        0x0 .\CortexM0\ARM_GCC_541\Debug\CARD.a(USB_UART.o)
 .data          0x00000000        0x0 .\CortexM0\ARM_GCC_541\Debug\CARD.a(USB_UART.o)
 .text.USB_UART_ScbModeStop
                0x00000000        0x8 .\CortexM0\ARM_GCC_541\Debug\CARD.a(USB_UART.o)
 .text.USB_UART_Stop
                0x00000000       0x2c .\CortexM0\ARM_GCC_541\Debug\CARD.a(USB_UART.o)
 .text.USB_UART_SetRxFifoLevel
                0x00000000       0x14 .\CortexM0\ARM_GCC_541\Debug\CARD.a(USB_UART.o)
 .text.USB_UART_SetTxFifoLevel
                0x00000000       0x14 .\CortexM0\ARM_GCC_541\Debug\CARD.a(USB_UART.o)
 .text.USB_UART_SetCustomInterruptHandler
                0x00000000        0xc .\CortexM0\ARM_GCC_541\Debug\CARD.a(USB_UART.o)
 .text.USB_UART_I2CSlaveNackGeneration
                0x00000000       0x3c .\CortexM0\ARM_GCC_541\Debug\CARD.a(USB_UART.o)
 .text          0x00000000        0x0 .\CortexM0\ARM_GCC_541\Debug\CARD.a(USB_UART_SPI_UART.o)
 .data          0x00000000        0x0 .\CortexM0\ARM_GCC_541\Debug\CARD.a(USB_UART_SPI_UART.o)
 .bss           0x00000000        0x0 .\CortexM0\ARM_GCC_541\Debug\CARD.a(USB_UART_SPI_UART.o)
 .text.USB_UART_SpiUartClearRxBuffer
                0x00000000       0x54 .\CortexM0\ARM_GCC_541\Debug\CARD.a(USB_UART_SPI_UART.o)
 .text.USB_UART_SpiUartPutArray
                0x00000000       0x18 .\CortexM0\ARM_GCC_541\Debug\CARD.a(USB_UART_SPI_UART.o)
 .text.USB_UART_SpiUartGetTxBufferSize
                0x00000000       0x28 .\CortexM0\ARM_GCC_541\Debug\CARD.a(USB_UART_SPI_UART.o)
 .text.USB_UART_SpiUartClearTxBuffer
                0x00000000       0x58 .\CortexM0\ARM_GCC_541\Debug\CARD.a(USB_UART_SPI_UART.o)
 .text.USB_UART_SpiUartDisableIntRx
                0x00000000       0x10 .\CortexM0\ARM_GCC_541\Debug\CARD.a(USB_UART_SPI_UART.o)
 .text.USB_UART_SpiUartDisableIntTx
                0x00000000       0x10 .\CortexM0\ARM_GCC_541\Debug\CARD.a(USB_UART_SPI_UART.o)
 .text          0x00000000        0x0 .\CortexM0\ARM_GCC_541\Debug\CARD.a(USB_UART_UART.o)
 .data          0x00000000        0x0 .\CortexM0\ARM_GCC_541\Debug\CARD.a(USB_UART_UART.o)
 .bss           0x00000000        0x0 .\CortexM0\ARM_GCC_541\Debug\CARD.a(USB_UART_UART.o)
 .text.USB_UART_UartStop
                0x00000000       0x28 .\CortexM0\ARM_GCC_541\Debug\CARD.a(USB_UART_UART.o)
 .text.USB_UART_UartSetRxAddress
                0x00000000       0x14 .\CortexM0\ARM_GCC_541\Debug\CARD.a(USB_UART_UART.o)
 .text.USB_UART_UartSetRxAddressMask
                0x00000000       0x18 .\CortexM0\ARM_GCC_541\Debug\CARD.a(USB_UART_UART.o)
 .text.USB_UART_UartGetChar
                0x00000000       0x2c .\CortexM0\ARM_GCC_541\Debug\CARD.a(USB_UART_UART.o)
 .text.USB_UART_UartPutString
                0x00000000       0x18 .\CortexM0\ARM_GCC_541\Debug\CARD.a(USB_UART_UART.o)
 .text.USB_UART_UartPutCRLF
                0x00000000       0x14 .\CortexM0\ARM_GCC_541\Debug\CARD.a(USB_UART_UART.o)
 .text          0x00000000        0x0 .\CortexM0\ARM_GCC_541\Debug\CARD.a(Reset_isr.o)
 .data          0x00000000        0x0 .\CortexM0\ARM_GCC_541\Debug\CARD.a(Reset_isr.o)
 .bss           0x00000000        0x0 .\CortexM0\ARM_GCC_541\Debug\CARD.a(Reset_isr.o)
 .text.Reset_isr_Interrupt
                0x00000000        0x4 .\CortexM0\ARM_GCC_541\Debug\CARD.a(Reset_isr.o)
 .text.Reset_isr_GetVector
                0x00000000        0xc .\CortexM0\ARM_GCC_541\Debug\CARD.a(Reset_isr.o)
 .text.Reset_isr_GetPriority
                0x00000000       0x10 .\CortexM0\ARM_GCC_541\Debug\CARD.a(Reset_isr.o)
 .text.Reset_isr_GetState
                0x00000000       0x10 .\CortexM0\ARM_GCC_541\Debug\CARD.a(Reset_isr.o)
 .text.Reset_isr_Start
                0x00000000       0x1c .\CortexM0\ARM_GCC_541\Debug\CARD.a(Reset_isr.o)
 .text.Reset_isr_Stop
                0x00000000       0x14 .\CortexM0\ARM_GCC_541\Debug\CARD.a(Reset_isr.o)
 .text.Reset_isr_SetPending
                0x00000000        0xc .\CortexM0\ARM_GCC_541\Debug\CARD.a(Reset_isr.o)
 .text.Reset_isr_ClearPending
                0x00000000        0xc .\CortexM0\ARM_GCC_541\Debug\CARD.a(Reset_isr.o)
 .text          0x00000000        0x0 .\CortexM0\ARM_GCC_541\Debug\CARD.a(SW1.o)
 .data          0x00000000        0x0 .\CortexM0\ARM_GCC_541\Debug\CARD.a(SW1.o)
 .bss           0x00000000        0x0 .\CortexM0\ARM_GCC_541\Debug\CARD.a(SW1.o)
 .text.SW1_SetDriveMode
                0x00000000       0x18 .\CortexM0\ARM_GCC_541\Debug\CARD.a(SW1.o)
 .text.SW1_Write
                0x00000000       0x18 .\CortexM0\ARM_GCC_541\Debug\CARD.a(SW1.o)
 .text.SW1_Read
                0x00000000       0x10 .\CortexM0\ARM_GCC_541\Debug\CARD.a(SW1.o)
 .text.SW1_ReadDataReg
                0x00000000       0x10 .\CortexM0\ARM_GCC_541\Debug\CARD.a(SW1.o)
 .text.SW1_SetInterruptMode
                0x00000000       0x14 .\CortexM0\ARM_GCC_541\Debug\CARD.a(SW1.o)
 .text          0x00000000        0x0 .\CortexM0\ARM_GCC_541\Debug\CARD.a(CyFlash.o)
 .data          0x00000000        0x0 .\CortexM0\ARM_GCC_541\Debug\CARD.a(CyFlash.o)
 .text.CySysFlashSetWaitCycles
                0x00000000       0x34 .\CortexM0\ARM_GCC_541\Debug\CARD.a(CyFlash.o)
 .text          0x00000000        0x0 .\CortexM0\ARM_GCC_541\Debug\CARD.a(CyLib.o)
 .bss           0x00000000       0x18 .\CortexM0\ARM_GCC_541\Debug\CARD.a(CyLib.o)
 .text.CySysClkImoStart
                0x00000000       0x14 .\CortexM0\ARM_GCC_541\Debug\CARD.a(CyLib.o)
 .text.CySysClkImoStop
                0x00000000       0x10 .\CortexM0\ARM_GCC_541\Debug\CARD.a(CyLib.o)
 .text.CySysClkWriteHfclkDirect
                0x00000000       0x20 .\CortexM0\ARM_GCC_541\Debug\CARD.a(CyLib.o)
 .text.CySysEnablePumpClock
                0x00000000       0x38 .\CortexM0\ARM_GCC_541\Debug\CARD.a(CyLib.o)
 .text.CySysClkGetSysclkSource
                0x00000000       0x1c .\CortexM0\ARM_GCC_541\Debug\CARD.a(CyLib.o)
 .text.CySysClkWriteSysclkDiv
                0x00000000       0x30 .\CortexM0\ARM_GCC_541\Debug\CARD.a(CyLib.o)
 .text.CySysLvdDisable
                0x00000000       0x20 .\CortexM0\ARM_GCC_541\Debug\CARD.a(CyLib.o)
 .text.CySysLvdGetInterruptSource
                0x00000000       0x10 .\CortexM0\ARM_GCC_541\Debug\CARD.a(CyLib.o)
 .text.CySysLvdClearInterrupt
                0x00000000        0xc .\CortexM0\ARM_GCC_541\Debug\CARD.a(CyLib.o)
 .text.CySysGetResetReason
                0x00000000       0x14 .\CortexM0\ARM_GCC_541\Debug\CARD.a(CyLib.o)
 .text.CyDisableInts
                0x00000000       0x10 .\CortexM0\ARM_GCC_541\Debug\CARD.a(CyLib.o)
 .text.CyEnableInts
                0x00000000        0xc .\CortexM0\ARM_GCC_541\Debug\CARD.a(CyLib.o)
 .text.CyIntGetState
                0x00000000       0x18 .\CortexM0\ARM_GCC_541\Debug\CARD.a(CyLib.o)
 .text.CyIntSetPending
                0x00000000       0x14 .\CortexM0\ARM_GCC_541\Debug\CARD.a(CyLib.o)
 .text.CyIntClearPending
                0x00000000       0x14 .\CortexM0\ARM_GCC_541\Debug\CARD.a(CyLib.o)
 .text.CyIntSetSysVector
                0x00000000       0x20 .\CortexM0\ARM_GCC_541\Debug\CARD.a(CyLib.o)
 .text.CyIntGetSysVector
                0x00000000       0x1c .\CortexM0\ARM_GCC_541\Debug\CARD.a(CyLib.o)
 .text.CyIntGetVector
                0x00000000       0x20 .\CortexM0\ARM_GCC_541\Debug\CARD.a(CyLib.o)
 .text.CyIntGetPriority
                0x00000000       0x2c .\CortexM0\ARM_GCC_541\Debug\CARD.a(CyLib.o)
 .text.CyDelay  0x00000000       0x30 .\CortexM0\ARM_GCC_541\Debug\CARD.a(CyLib.o)
 .text.CySysLvdEnable
                0x00000000       0x44 .\CortexM0\ARM_GCC_541\Debug\CARD.a(CyLib.o)
 .text.CyDelayFreq
                0x00000000       0x4c .\CortexM0\ARM_GCC_541\Debug\CARD.a(CyLib.o)
 .text.CySysTickStop
                0x00000000       0x10 .\CortexM0\ARM_GCC_541\Debug\CARD.a(CyLib.o)
 .text.CySysTickEnableInterrupt
                0x00000000       0x10 .\CortexM0\ARM_GCC_541\Debug\CARD.a(CyLib.o)
 .text.CySysTickEnable
                0x00000000       0x18 .\CortexM0\ARM_GCC_541\Debug\CARD.a(CyLib.o)
 .text.CySysTickDisableInterrupt
                0x00000000       0x10 .\CortexM0\ARM_GCC_541\Debug\CARD.a(CyLib.o)
 .text.CySysTickSetReload
                0x00000000       0x10 .\CortexM0\ARM_GCC_541\Debug\CARD.a(CyLib.o)
 .text.CySysTickGetReload
                0x00000000       0x10 .\CortexM0\ARM_GCC_541\Debug\CARD.a(CyLib.o)
 .text.CySysTickGetValue
                0x00000000       0x10 .\CortexM0\ARM_GCC_541\Debug\CARD.a(CyLib.o)
 .text.CySysTickGetCountFlag
                0x00000000       0x10 .\CortexM0\ARM_GCC_541\Debug\CARD.a(CyLib.o)
 .text.CySysTickServiceCallbacks
                0x00000000       0x28 .\CortexM0\ARM_GCC_541\Debug\CARD.a(CyLib.o)
 .text.CySysTickClear
                0x00000000        0xc .\CortexM0\ARM_GCC_541\Debug\CARD.a(CyLib.o)
 .text.CySysTickInit
                0x00000000       0x44 .\CortexM0\ARM_GCC_541\Debug\CARD.a(CyLib.o)
 .text.CySysTickStart
                0x00000000       0x20 .\CortexM0\ARM_GCC_541\Debug\CARD.a(CyLib.o)
 .text.CySysTickSetCallback
                0x00000000       0x10 .\CortexM0\ARM_GCC_541\Debug\CARD.a(CyLib.o)
 .text.CySysTickGetCallback
                0x00000000        0xc .\CortexM0\ARM_GCC_541\Debug\CARD.a(CyLib.o)
 .text.CyGetUniqueId
                0x00000000       0x70 .\CortexM0\ARM_GCC_541\Debug\CARD.a(CyLib.o)
 .text          0x00000000        0x0 .\CortexM0\ARM_GCC_541\Debug\CARD.a(CyLFClk.o)
 .text.CySysClkIloEnabled
                0x00000000       0x14 .\CortexM0\ARM_GCC_541\Debug\CARD.a(CyLFClk.o)
 .text.CySysClkIloStart
                0x00000000       0x14 .\CortexM0\ARM_GCC_541\Debug\CARD.a(CyLFClk.o)
 .text.CySysClkIloStartMeasurement
                0x00000000       0x34 .\CortexM0\ARM_GCC_541\Debug\CARD.a(CyLFClk.o)
 .text.CySysClkIloStopMeasurement
                0x00000000       0x14 .\CortexM0\ARM_GCC_541\Debug\CARD.a(CyLFClk.o)
 .text.CySysClkIloCompensate
                0x00000000      0x104 .\CortexM0\ARM_GCC_541\Debug\CARD.a(CyLFClk.o)
 .text.CySysWdtGetEnabledStatus
                0x00000000       0x24 .\CortexM0\ARM_GCC_541\Debug\CARD.a(CyLFClk.o)
 .text.CySysWdtSetMode
                0x00000000       0x38 .\CortexM0\ARM_GCC_541\Debug\CARD.a(CyLFClk.o)
 .text.CySysClkLfclkPosedgeRestore
                0x00000000       0x2c .\CortexM0\ARM_GCC_541\Debug\CARD.a(CyLFClk.o)
 .text.CySysWdtGetMode
                0x00000000       0x14 .\CortexM0\ARM_GCC_541\Debug\CARD.a(CyLFClk.o)
 .text.CySysWdtSetClearOnMatch
                0x00000000       0x34 .\CortexM0\ARM_GCC_541\Debug\CARD.a(CyLFClk.o)
 .text.CySysWdtGetClearOnMatch
                0x00000000       0x24 .\CortexM0\ARM_GCC_541\Debug\CARD.a(CyLFClk.o)
 .text.CySysWdtEnable
                0x00000000       0x40 .\CortexM0\ARM_GCC_541\Debug\CARD.a(CyLFClk.o)
 .text.CySysWdtDisable
                0x00000000       0x44 .\CortexM0\ARM_GCC_541\Debug\CARD.a(CyLFClk.o)
 .text.CySysWdtSetCascade
                0x00000000       0x34 .\CortexM0\ARM_GCC_541\Debug\CARD.a(CyLFClk.o)
 .text.CySysWdtGetCascade
                0x00000000       0x14 .\CortexM0\ARM_GCC_541\Debug\CARD.a(CyLFClk.o)
 .text.CySysWdtSetMatch
                0x00000000       0x38 .\CortexM0\ARM_GCC_541\Debug\CARD.a(CyLFClk.o)
 .text.CySysWdtSetToggleBit
                0x00000000       0x30 .\CortexM0\ARM_GCC_541\Debug\CARD.a(CyLFClk.o)
 .text.CySysWdtGetToggleBit
                0x00000000       0x10 .\CortexM0\ARM_GCC_541\Debug\CARD.a(CyLFClk.o)
 .text.CySysWdtGetMatch
                0x00000000       0x20 .\CortexM0\ARM_GCC_541\Debug\CARD.a(CyLFClk.o)
 .text.CySysWdtGetCount
                0x00000000       0x3c .\CortexM0\ARM_GCC_541\Debug\CARD.a(CyLFClk.o)
 .text.CySysClkLfclkPosedgeCatch
                0x00000000       0x74 .\CortexM0\ARM_GCC_541\Debug\CARD.a(CyLFClk.o)
 .text.CySysClkIloStop
                0x00000000       0x38 .\CortexM0\ARM_GCC_541\Debug\CARD.a(CyLFClk.o)
 .text.CySysWdtGetInterruptSource
                0x00000000       0x14 .\CortexM0\ARM_GCC_541\Debug\CARD.a(CyLFClk.o)
 .text.CySysWdtResetCounters
                0x00000000       0x20 .\CortexM0\ARM_GCC_541\Debug\CARD.a(CyLFClk.o)
 .text.CySysWdtSetInterruptCallback
                0x00000000       0x20 .\CortexM0\ARM_GCC_541\Debug\CARD.a(CyLFClk.o)
 .text.CySysWdtGetInterruptCallback
                0x00000000       0x20 .\CortexM0\ARM_GCC_541\Debug\CARD.a(CyLFClk.o)
 .text.CySysWdtEnableCounterIsr
                0x00000000       0x34 .\CortexM0\ARM_GCC_541\Debug\CARD.a(CyLFClk.o)
 .text.CySysWdtDisableCounterIsr
                0x00000000       0x28 .\CortexM0\ARM_GCC_541\Debug\CARD.a(CyLFClk.o)
 .text.CySysWatchdogFeed
                0x00000000       0x60 .\CortexM0\ARM_GCC_541\Debug\CARD.a(CyLFClk.o)
 .text.CySysTimerDelayUntilMatch
                0x00000000       0x6c .\CortexM0\ARM_GCC_541\Debug\CARD.a(CyLFClk.o)
 .text.CySysTimerDelay
                0x00000000       0x3c .\CortexM0\ARM_GCC_541\Debug\CARD.a(CyLFClk.o)
 .rodata        0x00000000        0xc .\CortexM0\ARM_GCC_541\Debug\CARD.a(CyLFClk.o)
 .data          0x00000000        0x0 .\CortexM0\ARM_GCC_541\Debug\CARD.a(CyBootAsmGnu.o)
 .bss           0x00000000        0x0 .\CortexM0\ARM_GCC_541\Debug\CARD.a(CyBootAsmGnu.o)
 .text          0x00000000        0x0 .\CortexM0\ARM_GCC_541\Debug\CARD.a(USB_UART_SPI_UART_INT.o)
 .data          0x00000000        0x0 .\CortexM0\ARM_GCC_541\Debug\CARD.a(USB_UART_SPI_UART_INT.o)
 .bss           0x00000000        0x0 .\CortexM0\ARM_GCC_541\Debug\CARD.a(USB_UART_SPI_UART_INT.o)
 .text          0x00000000      0x114 c:/program files (x86)/cypress/psoc creator/4.1/psoc creator/import/gnu/arm/5.4.1/bin/../lib/gcc/arm-none-eabi/5.4.1/armv6-m\libgcc.a(_udivsi3.o)
 .data          0x00000000        0x0 c:/program files (x86)/cypress/psoc creator/4.1/psoc creator/import/gnu/arm/5.4.1/bin/../lib/gcc/arm-none-eabi/5.4.1/armv6-m\libgcc.a(_udivsi3.o)
 .bss           0x00000000        0x0 c:/program files (x86)/cypress/psoc creator/4.1/psoc creator/import/gnu/arm/5.4.1/bin/../lib/gcc/arm-none-eabi/5.4.1/armv6-m\libgcc.a(_udivsi3.o)
 .text          0x00000000        0x4 c:/program files (x86)/cypress/psoc creator/4.1/psoc creator/import/gnu/arm/5.4.1/bin/../lib/gcc/arm-none-eabi/5.4.1/armv6-m\libgcc.a(_dvmd_tls.o)
 .data          0x00000000        0x0 c:/program files (x86)/cypress/psoc creator/4.1/psoc creator/import/gnu/arm/5.4.1/bin/../lib/gcc/arm-none-eabi/5.4.1/armv6-m\libgcc.a(_dvmd_tls.o)
 .bss           0x00000000        0x0 c:/program files (x86)/cypress/psoc creator/4.1/psoc creator/import/gnu/arm/5.4.1/bin/../lib/gcc/arm-none-eabi/5.4.1/armv6-m\libgcc.a(_dvmd_tls.o)
 .text          0x00000000        0x0 c:/program files (x86)/cypress/psoc creator/4.1/psoc creator/import/gnu/arm/5.4.1/bin/../lib/gcc/arm-none-eabi/5.4.1/../../../../arm-none-eabi/lib/armv6-m\libg_nano.a(lib_a-errno.o)
 .data          0x00000000        0x0 c:/program files (x86)/cypress/psoc creator/4.1/psoc creator/import/gnu/arm/5.4.1/bin/../lib/gcc/arm-none-eabi/5.4.1/../../../../arm-none-eabi/lib/armv6-m\libg_nano.a(lib_a-errno.o)
 .bss           0x00000000        0x0 c:/program files (x86)/cypress/psoc creator/4.1/psoc creator/import/gnu/arm/5.4.1/bin/../lib/gcc/arm-none-eabi/5.4.1/../../../../arm-none-eabi/lib/armv6-m\libg_nano.a(lib_a-errno.o)
 .text          0x00000000        0x0 c:/program files (x86)/cypress/psoc creator/4.1/psoc creator/import/gnu/arm/5.4.1/bin/../lib/gcc/arm-none-eabi/5.4.1/../../../../arm-none-eabi/lib/armv6-m\libg_nano.a(lib_a-exit.o)
 .data          0x00000000        0x0 c:/program files (x86)/cypress/psoc creator/4.1/psoc creator/import/gnu/arm/5.4.1/bin/../lib/gcc/arm-none-eabi/5.4.1/../../../../arm-none-eabi/lib/armv6-m\libg_nano.a(lib_a-exit.o)
 .bss           0x00000000        0x0 c:/program files (x86)/cypress/psoc creator/4.1/psoc creator/import/gnu/arm/5.4.1/bin/../lib/gcc/arm-none-eabi/5.4.1/../../../../arm-none-eabi/lib/armv6-m\libg_nano.a(lib_a-exit.o)
 .text.exit     0x00000000       0x2c c:/program files (x86)/cypress/psoc creator/4.1/psoc creator/import/gnu/arm/5.4.1/bin/../lib/gcc/arm-none-eabi/5.4.1/../../../../arm-none-eabi/lib/armv6-m\libg_nano.a(lib_a-exit.o)
 .text          0x00000000        0x0 c:/program files (x86)/cypress/psoc creator/4.1/psoc creator/import/gnu/arm/5.4.1/bin/../lib/gcc/arm-none-eabi/5.4.1/../../../../arm-none-eabi/lib/armv6-m\libg_nano.a(lib_a-impure.o)
 .data          0x00000000        0x0 c:/program files (x86)/cypress/psoc creator/4.1/psoc creator/import/gnu/arm/5.4.1/bin/../lib/gcc/arm-none-eabi/5.4.1/../../../../arm-none-eabi/lib/armv6-m\libg_nano.a(lib_a-impure.o)
 .bss           0x00000000        0x0 c:/program files (x86)/cypress/psoc creator/4.1/psoc creator/import/gnu/arm/5.4.1/bin/../lib/gcc/arm-none-eabi/5.4.1/../../../../arm-none-eabi/lib/armv6-m\libg_nano.a(lib_a-impure.o)
 .rodata._global_impure_ptr
                0x00000000        0x4 c:/program files (x86)/cypress/psoc creator/4.1/psoc creator/import/gnu/arm/5.4.1/bin/../lib/gcc/arm-none-eabi/5.4.1/../../../../arm-none-eabi/lib/armv6-m\libg_nano.a(lib_a-impure.o)
 .text          0x00000000        0x0 c:/program files (x86)/cypress/psoc creator/4.1/psoc creator/import/gnu/arm/5.4.1/bin/../lib/gcc/arm-none-eabi/5.4.1/../../../../arm-none-eabi/lib/armv6-m\libg_nano.a(lib_a-init.o)
 .data          0x00000000        0x0 c:/program files (x86)/cypress/psoc creator/4.1/psoc creator/import/gnu/arm/5.4.1/bin/../lib/gcc/arm-none-eabi/5.4.1/../../../../arm-none-eabi/lib/armv6-m\libg_nano.a(lib_a-init.o)
 .bss           0x00000000        0x0 c:/program files (x86)/cypress/psoc creator/4.1/psoc creator/import/gnu/arm/5.4.1/bin/../lib/gcc/arm-none-eabi/5.4.1/../../../../arm-none-eabi/lib/armv6-m\libg_nano.a(lib_a-init.o)
 .text          0x00000000        0x0 c:/program files (x86)/cypress/psoc creator/4.1/psoc creator/import/gnu/arm/5.4.1/bin/../lib/gcc/arm-none-eabi/5.4.1/../../../../arm-none-eabi/lib/armv6-m\libg_nano.a(lib_a-malloc.o)
 .data          0x00000000        0x0 c:/program files (x86)/cypress/psoc creator/4.1/psoc creator/import/gnu/arm/5.4.1/bin/../lib/gcc/arm-none-eabi/5.4.1/../../../../arm-none-eabi/lib/armv6-m\libg_nano.a(lib_a-malloc.o)
 .bss           0x00000000        0x0 c:/program files (x86)/cypress/psoc creator/4.1/psoc creator/import/gnu/arm/5.4.1/bin/../lib/gcc/arm-none-eabi/5.4.1/../../../../arm-none-eabi/lib/armv6-m\libg_nano.a(lib_a-malloc.o)
 .text.free     0x00000000       0x14 c:/program files (x86)/cypress/psoc creator/4.1/psoc creator/import/gnu/arm/5.4.1/bin/../lib/gcc/arm-none-eabi/5.4.1/../../../../arm-none-eabi/lib/armv6-m\libg_nano.a(lib_a-malloc.o)
 .text          0x00000000        0x0 c:/program files (x86)/cypress/psoc creator/4.1/psoc creator/import/gnu/arm/5.4.1/bin/../lib/gcc/arm-none-eabi/5.4.1/../../../../arm-none-eabi/lib/armv6-m\libg_nano.a(lib_a-memcpy-stub.o)
 .data          0x00000000        0x0 c:/program files (x86)/cypress/psoc creator/4.1/psoc creator/import/gnu/arm/5.4.1/bin/../lib/gcc/arm-none-eabi/5.4.1/../../../../arm-none-eabi/lib/armv6-m\libg_nano.a(lib_a-memcpy-stub.o)
 .bss           0x00000000        0x0 c:/program files (x86)/cypress/psoc creator/4.1/psoc creator/import/gnu/arm/5.4.1/bin/../lib/gcc/arm-none-eabi/5.4.1/../../../../arm-none-eabi/lib/armv6-m\libg_nano.a(lib_a-memcpy-stub.o)
 .text          0x00000000        0x0 c:/program files (x86)/cypress/psoc creator/4.1/psoc creator/import/gnu/arm/5.4.1/bin/../lib/gcc/arm-none-eabi/5.4.1/../../../../arm-none-eabi/lib/armv6-m\libg_nano.a(lib_a-memset.o)
 .data          0x00000000        0x0 c:/program files (x86)/cypress/psoc creator/4.1/psoc creator/import/gnu/arm/5.4.1/bin/../lib/gcc/arm-none-eabi/5.4.1/../../../../arm-none-eabi/lib/armv6-m\libg_nano.a(lib_a-memset.o)
 .bss           0x00000000        0x0 c:/program files (x86)/cypress/psoc creator/4.1/psoc creator/import/gnu/arm/5.4.1/bin/../lib/gcc/arm-none-eabi/5.4.1/../../../../arm-none-eabi/lib/armv6-m\libg_nano.a(lib_a-memset.o)
 .text          0x00000000        0x0 c:/program files (x86)/cypress/psoc creator/4.1/psoc creator/import/gnu/arm/5.4.1/bin/../lib/gcc/arm-none-eabi/5.4.1/../../../../arm-none-eabi/lib/armv6-m\libg_nano.a(lib_a-nano-freer.o)
 .data          0x00000000        0x0 c:/program files (x86)/cypress/psoc creator/4.1/psoc creator/import/gnu/arm/5.4.1/bin/../lib/gcc/arm-none-eabi/5.4.1/../../../../arm-none-eabi/lib/armv6-m\libg_nano.a(lib_a-nano-freer.o)
 .bss           0x00000000        0x0 c:/program files (x86)/cypress/psoc creator/4.1/psoc creator/import/gnu/arm/5.4.1/bin/../lib/gcc/arm-none-eabi/5.4.1/../../../../arm-none-eabi/lib/armv6-m\libg_nano.a(lib_a-nano-freer.o)
 .text._free_r  0x00000000       0x98 c:/program files (x86)/cypress/psoc creator/4.1/psoc creator/import/gnu/arm/5.4.1/bin/../lib/gcc/arm-none-eabi/5.4.1/../../../../arm-none-eabi/lib/armv6-m\libg_nano.a(lib_a-nano-freer.o)
 .text          0x00000000        0x0 c:/program files (x86)/cypress/psoc creator/4.1/psoc creator/import/gnu/arm/5.4.1/bin/../lib/gcc/arm-none-eabi/5.4.1/../../../../arm-none-eabi/lib/armv6-m\libg_nano.a(lib_a-nano-mallocr.o)
 .data          0x00000000        0x0 c:/program files (x86)/cypress/psoc creator/4.1/psoc creator/import/gnu/arm/5.4.1/bin/../lib/gcc/arm-none-eabi/5.4.1/../../../../arm-none-eabi/lib/armv6-m\libg_nano.a(lib_a-nano-mallocr.o)
 .bss           0x00000000        0x0 c:/program files (x86)/cypress/psoc creator/4.1/psoc creator/import/gnu/arm/5.4.1/bin/../lib/gcc/arm-none-eabi/5.4.1/../../../../arm-none-eabi/lib/armv6-m\libg_nano.a(lib_a-nano-mallocr.o)
 .text          0x00000000        0x0 c:/program files (x86)/cypress/psoc creator/4.1/psoc creator/import/gnu/arm/5.4.1/bin/../lib/gcc/arm-none-eabi/5.4.1/../../../../arm-none-eabi/lib/armv6-m\libg_nano.a(lib_a-sbrkr.o)
 .data          0x00000000        0x0 c:/program files (x86)/cypress/psoc creator/4.1/psoc creator/import/gnu/arm/5.4.1/bin/../lib/gcc/arm-none-eabi/5.4.1/../../../../arm-none-eabi/lib/armv6-m\libg_nano.a(lib_a-sbrkr.o)
 .bss           0x00000000        0x0 c:/program files (x86)/cypress/psoc creator/4.1/psoc creator/import/gnu/arm/5.4.1/bin/../lib/gcc/arm-none-eabi/5.4.1/../../../../arm-none-eabi/lib/armv6-m\libg_nano.a(lib_a-sbrkr.o)
 .data          0x00000000        0x0 c:/program files (x86)/cypress/psoc creator/4.1/psoc creator/import/gnu/arm/5.4.1/bin/../lib/gcc/arm-none-eabi/5.4.1/../../../../arm-none-eabi/lib/armv6-m\libg_nano.a(lib_a-strcmp.o)
 .bss           0x00000000        0x0 c:/program files (x86)/cypress/psoc creator/4.1/psoc creator/import/gnu/arm/5.4.1/bin/../lib/gcc/arm-none-eabi/5.4.1/../../../../arm-none-eabi/lib/armv6-m\libg_nano.a(lib_a-strcmp.o)
 .data          0x00000000        0x0 c:/program files (x86)/cypress/psoc creator/4.1/psoc creator/import/gnu/arm/5.4.1/bin/../lib/gcc/arm-none-eabi/5.4.1/../../../../arm-none-eabi/lib/armv6-m\libg_nano.a(lib_a-strlen.o)
 .bss           0x00000000        0x0 c:/program files (x86)/cypress/psoc creator/4.1/psoc creator/import/gnu/arm/5.4.1/bin/../lib/gcc/arm-none-eabi/5.4.1/../../../../arm-none-eabi/lib/armv6-m\libg_nano.a(lib_a-strlen.o)
 .text          0x00000000        0x0 c:/program files (x86)/cypress/psoc creator/4.1/psoc creator/import/gnu/arm/5.4.1/bin/../lib/gcc/arm-none-eabi/5.4.1/../../../../arm-none-eabi/lib/armv6-m\libg_nano.a(lib_a-strncat.o)
 .data          0x00000000        0x0 c:/program files (x86)/cypress/psoc creator/4.1/psoc creator/import/gnu/arm/5.4.1/bin/../lib/gcc/arm-none-eabi/5.4.1/../../../../arm-none-eabi/lib/armv6-m\libg_nano.a(lib_a-strncat.o)
 .bss           0x00000000        0x0 c:/program files (x86)/cypress/psoc creator/4.1/psoc creator/import/gnu/arm/5.4.1/bin/../lib/gcc/arm-none-eabi/5.4.1/../../../../arm-none-eabi/lib/armv6-m\libg_nano.a(lib_a-strncat.o)
 .text          0x00000000        0x0 c:/program files (x86)/cypress/psoc creator/4.1/psoc creator/import/gnu/arm/5.4.1/bin/../lib/gcc/arm-none-eabi/5.4.1/../../../../arm-none-eabi/lib/armv6-m\libg_nano.a(lib_a-mlock.o)
 .data          0x00000000        0x0 c:/program files (x86)/cypress/psoc creator/4.1/psoc creator/import/gnu/arm/5.4.1/bin/../lib/gcc/arm-none-eabi/5.4.1/../../../../arm-none-eabi/lib/armv6-m\libg_nano.a(lib_a-mlock.o)
 .bss           0x00000000        0x0 c:/program files (x86)/cypress/psoc creator/4.1/psoc creator/import/gnu/arm/5.4.1/bin/../lib/gcc/arm-none-eabi/5.4.1/../../../../arm-none-eabi/lib/armv6-m\libg_nano.a(lib_a-mlock.o)
 .text          0x00000000        0x0 c:/program files (x86)/cypress/psoc creator/4.1/psoc creator/import/gnu/arm/5.4.1/bin/../lib/gcc/arm-none-eabi/5.4.1/../../../../arm-none-eabi/lib/armv6-m\libg_nano.a(lib_a-reent.o)
 .data          0x00000000        0x0 c:/program files (x86)/cypress/psoc creator/4.1/psoc creator/import/gnu/arm/5.4.1/bin/../lib/gcc/arm-none-eabi/5.4.1/../../../../arm-none-eabi/lib/armv6-m\libg_nano.a(lib_a-reent.o)
 .bss           0x00000000        0x0 c:/program files (x86)/cypress/psoc creator/4.1/psoc creator/import/gnu/arm/5.4.1/bin/../lib/gcc/arm-none-eabi/5.4.1/../../../../arm-none-eabi/lib/armv6-m\libg_nano.a(lib_a-reent.o)
 .text.cleanup_glue
                0x00000000       0x1a c:/program files (x86)/cypress/psoc creator/4.1/psoc creator/import/gnu/arm/5.4.1/bin/../lib/gcc/arm-none-eabi/5.4.1/../../../../arm-none-eabi/lib/armv6-m\libg_nano.a(lib_a-reent.o)
 .text._reclaim_reent
                0x00000000       0xcc c:/program files (x86)/cypress/psoc creator/4.1/psoc creator/import/gnu/arm/5.4.1/bin/../lib/gcc/arm-none-eabi/5.4.1/../../../../arm-none-eabi/lib/armv6-m\libg_nano.a(lib_a-reent.o)
 .text          0x00000000        0x0 c:/program files (x86)/cypress/psoc creator/4.1/psoc creator/import/gnu/arm/5.4.1/bin/../lib/gcc/arm-none-eabi/5.4.1/armv6-m/crtend.o
 .data          0x00000000        0x0 c:/program files (x86)/cypress/psoc creator/4.1/psoc creator/import/gnu/arm/5.4.1/bin/../lib/gcc/arm-none-eabi/5.4.1/armv6-m/crtend.o
 .bss           0x00000000        0x0 c:/program files (x86)/cypress/psoc creator/4.1/psoc creator/import/gnu/arm/5.4.1/bin/../lib/gcc/arm-none-eabi/5.4.1/armv6-m/crtend.o
 .text          0x00000000        0x0 c:/program files (x86)/cypress/psoc creator/4.1/psoc creator/import/gnu/arm/5.4.1/bin/../lib/gcc/arm-none-eabi/5.4.1/armv6-m/crtn.o
 .data          0x00000000        0x0 c:/program files (x86)/cypress/psoc creator/4.1/psoc creator/import/gnu/arm/5.4.1/bin/../lib/gcc/arm-none-eabi/5.4.1/armv6-m/crtn.o
 .bss           0x00000000        0x0 c:/program files (x86)/cypress/psoc creator/4.1/psoc creator/import/gnu/arm/5.4.1/bin/../lib/gcc/arm-none-eabi/5.4.1/armv6-m/crtn.o

Memory Configuration

Name             Origin             Length             Attributes
rom              0x00000000         0x00008000         xr
ram              0x20000000         0x00001000         xrw
*default*        0x00000000         0xffffffff

Linker script and memory map

LOAD c:/program files (x86)/cypress/psoc creator/4.1/psoc creator/import/gnu/arm/5.4.1/bin/../lib/gcc/arm-none-eabi/5.4.1/armv6-m/crti.o
LOAD c:/program files (x86)/cypress/psoc creator/4.1/psoc creator/import/gnu/arm/5.4.1/bin/../lib/gcc/arm-none-eabi/5.4.1/armv6-m/crtbegin.o
LOAD c:/program files (x86)/cypress/psoc creator/4.1/psoc creator/import/gnu/arm/5.4.1/bin/../lib/gcc/arm-none-eabi/5.4.1/../../../../arm-none-eabi/lib/armv6-m/crt0.o
START GROUP
LOAD .\CortexM0\ARM_GCC_541\Debug\main.o
LOAD .\CortexM0\ARM_GCC_541\Debug\usbserialprotocol.o
LOAD .\CortexM0\ARM_GCC_541\Debug\aes.o
LOAD .\CortexM0\ARM_GCC_541\Debug\SuperFastHash.o
LOAD .\CortexM0\ARM_GCC_541\Debug\cyfitter_cfg.o
LOAD .\CortexM0\ARM_GCC_541\Debug\cymetadata.o
LOAD .\CortexM0\ARM_GCC_541\Debug\Cm0Start.o
LOAD .\CortexM0\ARM_GCC_541\Debug\CARD.a
LOAD C:\Program Files (x86)\Cypress\PSoC Creator\4.1\PSoC Creator\psoc\content\cycomponentlibrary\CyComponentLibrary.cylib\CortexM0\ARM_GCC_541\Debug\CyComponentLibrary.a
END GROUP
START GROUP
LOAD c:/program files (x86)/cypress/psoc creator/4.1/psoc creator/import/gnu/arm/5.4.1/bin/../lib/gcc/arm-none-eabi/5.4.1/armv6-m\libgcc.a
LOAD c:/program files (x86)/cypress/psoc creator/4.1/psoc creator/import/gnu/arm/5.4.1/bin/../lib/gcc/arm-none-eabi/5.4.1/../../../../arm-none-eabi/lib/armv6-m\libg_nano.a
LOAD c:/program files (x86)/cypress/psoc creator/4.1/psoc creator/import/gnu/arm/5.4.1/bin/../lib/gcc/arm-none-eabi/5.4.1/../../../../arm-none-eabi/lib/armv6-m\libc_nano.a
END GROUP
START GROUP
LOAD c:/program files (x86)/cypress/psoc creator/4.1/psoc creator/import/gnu/arm/5.4.1/bin/../lib/gcc/arm-none-eabi/5.4.1/armv6-m\libgcc.a
LOAD c:/program files (x86)/cypress/psoc creator/4.1/psoc creator/import/gnu/arm/5.4.1/bin/../lib/gcc/arm-none-eabi/5.4.1/../../../../arm-none-eabi/lib/armv6-m\libc_nano.a
END GROUP
LOAD c:/program files (x86)/cypress/psoc creator/4.1/psoc creator/import/gnu/arm/5.4.1/bin/../lib/gcc/arm-none-eabi/5.4.1/armv6-m/crtend.o
LOAD c:/program files (x86)/cypress/psoc creator/4.1/psoc creator/import/gnu/arm/5.4.1/bin/../lib/gcc/arm-none-eabi/5.4.1/armv6-m/crtn.o
START GROUP
LOAD c:/program files (x86)/cypress/psoc creator/4.1/psoc creator/import/gnu/arm/5.4.1/bin/../lib/gcc/arm-none-eabi/5.4.1/armv6-m\libgcc.a
LOAD c:/program files (x86)/cypress/psoc creator/4.1/psoc creator/import/gnu/arm/5.4.1/bin/../lib/gcc/arm-none-eabi/5.4.1/../../../../arm-none-eabi/lib/armv6-m\libc.a
LOAD c:/program files (x86)/cypress/psoc creator/4.1/psoc creator/import/gnu/arm/5.4.1/bin/../lib/gcc/arm-none-eabi/5.4.1/../../../../arm-none-eabi/lib/armv6-m\libnosys.a
END GROUP
                0x00000000                CY_APPL_ORIGIN = 0x0
                0x00000080                CY_FLASH_ROW_SIZE = 0x80
                0x00000001                CY_APPL_NUM = 0x1
                0x00000001                CY_APPL_MAX = 0x1
                0x00000040                CY_METADATA_SIZE = 0x40
                0x00000000                CY_APPL_LOADABLE = 0x0
                0x00000000                CY_CHECKSUM_EXCLUDE_SIZE = ALIGN (0x0, CY_FLASH_ROW_SIZE)
                0x00000000                CY_APP_FOR_STACK_AND_COPIER = 0x0
                [!provide]                PROVIDE (__cy_heap_start, _end)
                0x00000001                PROVIDE (__cy_region_num, ((__cy_regions_end - __cy_regions) / 0x10))
                0x20001000                PROVIDE (__cy_stack, (ORIGIN (ram) + LENGTH (ram)))
                [!provide]                PROVIDE (__cy_heap_end, (__cy_stack - 0x400))

.cybootloader   0x00000000        0x0
 *(.cybootloader)
                0x00000000                appl1_start = CY_APPL_ORIGIN?CY_APPL_ORIGIN:ALIGN (CY_FLASH_ROW_SIZE)
                0x00003f80                appl2_start = (appl1_start + ALIGN ((((LENGTH (rom) - appl1_start) - (0x2 * CY_FLASH_ROW_SIZE)) / 0x2), CY_FLASH_ROW_SIZE))
                0x00000000                appl_start = (CY_APPL_NUM == 0x1)?appl1_start:appl2_start
                0x00000001                cy_project_type_bootloader = (appl_start == 0x0)?0x1:0x0
                0x00000000                cy_project_type_app_for_stack_and_copier = (CY_APP_FOR_STACK_AND_COPIER == 0x1)?0x1:0x0

.text           0x00000000     0x160a
 CREATE_OBJECT_SYMBOLS
                0x00000000                PROVIDE (__cy_interrupt_vector, RomVectors)
 *(.romvectors)
 .romvectors    0x00000000       0x10 .\CortexM0\ARM_GCC_541\Debug\Cm0Start.o
                0x00000000                RomVectors
                0x00000001                ASSERT ((. != __cy_interrupt_vector), No interrupt vector)
                0x00000001                ASSERT (CY_APPL_ORIGIN?(SIZEOF (.cybootloader) <= CY_APPL_ORIGIN):0x1, Wrong image location)
                0x00000010                PROVIDE (__cy_reset, Reset)
 *(.text.Reset)
 .text.Reset    0x00000010        0x8 .\CortexM0\ARM_GCC_541\Debug\Cm0Start.o
                0x00000010                Reset
                0x00000001                ASSERT ((. != __cy_reset), No reset code)
 *(.psocinit)
 .psocinit      0x00000018      0x200 .\CortexM0\ARM_GCC_541\Debug\cyfitter_cfg.o
                0x000000a8                cyfitter_cfg
                0x00000218                . = MAX (., 0x100)
 *(.text .text.* .gnu.linkonce.t.*)
 .text          0x00000218       0x60 c:/program files (x86)/cypress/psoc creator/4.1/psoc creator/import/gnu/arm/5.4.1/bin/../lib/gcc/arm-none-eabi/5.4.1/armv6-m/crtbegin.o
 .text.Reset_ISR
                0x00000278       0x18 .\CortexM0\ARM_GCC_541\Debug\main.o
                0x00000278                Reset_ISR
 .text.SALT_HAsaltH_SALT
                0x00000290       0x40 .\CortexM0\ARM_GCC_541\Debug\main.o
                0x00000290                SALT_HAsaltH_SALT
 .text.provision
                0x000002d0       0x5c .\CortexM0\ARM_GCC_541\Debug\main.o
                0x000002d0                provision
 .text.main     0x0000032c      0x1a8 .\CortexM0\ARM_GCC_541\Debug\main.o
                0x0000032c                main
 .text.getValidByte
                0x000004d4       0x14 .\CortexM0\ARM_GCC_541\Debug\usbserialprotocol.o
                0x000004d4                getValidByte
 .text.pushMessage
                0x000004e8       0x20 .\CortexM0\ARM_GCC_541\Debug\usbserialprotocol.o
                0x000004e8                pushMessage
 .text.pullMessage
                0x00000508       0x28 .\CortexM0\ARM_GCC_541\Debug\usbserialprotocol.o
                0x00000508                pullMessage
 .text.syncConnection
                0x00000530       0x74 .\CortexM0\ARM_GCC_541\Debug\usbserialprotocol.o
                0x00000530                syncConnection
 .text.KeyExpansion
                0x000005a4       0xd8 .\CortexM0\ARM_GCC_541\Debug\aes.o
 .text.AddRoundKey
                0x0000067c       0x30 .\CortexM0\ARM_GCC_541\Debug\aes.o
 .text.SubBytes
                0x000006ac       0x2c .\CortexM0\ARM_GCC_541\Debug\aes.o
 .text.ShiftRows
                0x000006d8       0x34 .\CortexM0\ARM_GCC_541\Debug\aes.o
 .text.xtime    0x0000070c       0x14 .\CortexM0\ARM_GCC_541\Debug\aes.o
 .text.MixColumns
                0x00000720       0x84 .\CortexM0\ARM_GCC_541\Debug\aes.o
 .text.Cipher   0x000007a4       0x50 .\CortexM0\ARM_GCC_541\Debug\aes.o
 .text.XorWithIv
                0x000007f4       0x1c .\CortexM0\ARM_GCC_541\Debug\aes.o
 .text.AES_init_ctx
                0x00000810        0x8 .\CortexM0\ARM_GCC_541\Debug\aes.o
                0x00000810                AES_init_ctx
 .text.AES_ctx_set_iv
                0x00000818        0xc .\CortexM0\ARM_GCC_541\Debug\aes.o
                0x00000818                AES_ctx_set_iv
 .text.AES_CBC_encrypt_buffer
                0x00000824       0x40 .\CortexM0\ARM_GCC_541\Debug\aes.o
                0x00000824                AES_CBC_encrypt_buffer
 .text.hash_inc
                0x00000864       0xa4 .\CortexM0\ARM_GCC_541\Debug\SuperFastHash.o
                0x00000864                hash_inc
 .text.hash     0x00000908        0xc .\CortexM0\ARM_GCC_541\Debug\SuperFastHash.o
                0x00000908                hash
 .text.cfg_write_bytes32
                0x00000914       0x34 .\CortexM0\ARM_GCC_541\Debug\cyfitter_cfg.o
 .text.CYMEMZERO
                0x00000948        0xc .\CortexM0\ARM_GCC_541\Debug\cyfitter_cfg.o
 .text.CYCONFIGCPYCODE
                0x00000954        0x8 .\CortexM0\ARM_GCC_541\Debug\cyfitter_cfg.o
 .text.IntDefaultHandler
                0x0000095c       0x10 .\CortexM0\ARM_GCC_541\Debug\Cm0Start.o
                0x0000095c                IntDefaultHandler
 .text._sbrk    0x0000096c       0x34 .\CortexM0\ARM_GCC_541\Debug\Cm0Start.o
                0x0000096c                _sbrk
 .text.Start_c  0x000009a0       0x48 .\CortexM0\ARM_GCC_541\Debug\Cm0Start.o
                0x000009a0                Start_c
 .text.initialize_psoc
                0x000009e8       0x40 .\CortexM0\ARM_GCC_541\Debug\Cm0Start.o
                0x000009e8                initialize_psoc
 .text.USER_INFO_Start
                0x00000a28        0x4 .\CortexM0\ARM_GCC_541\Debug\CARD.a(USER_INFO.o)
                0x00000a28                USER_INFO_Start
 .text.USER_INFO_Write
                0x00000a2c       0x84 .\CortexM0\ARM_GCC_541\Debug\CARD.a(USER_INFO.o)
                0x00000a2c                USER_INFO_Write
 .text.USB_UART_ScbEnableIntr
                0x00000ab0        0xc .\CortexM0\ARM_GCC_541\Debug\CARD.a(USB_UART.o)
 .text.USB_UART_ScbModePostEnable
                0x00000abc        0x8 .\CortexM0\ARM_GCC_541\Debug\CARD.a(USB_UART.o)
 .text.USB_UART_Init
                0x00000ac4        0x8 .\CortexM0\ARM_GCC_541\Debug\CARD.a(USB_UART.o)
                0x00000ac4                USB_UART_Init
 .text.USB_UART_Enable
                0x00000acc       0x1c .\CortexM0\ARM_GCC_541\Debug\CARD.a(USB_UART.o)
                0x00000acc                USB_UART_Enable
 .text.USB_UART_Start
                0x00000ae8       0x20 .\CortexM0\ARM_GCC_541\Debug\CARD.a(USB_UART.o)
                0x00000ae8                USB_UART_Start
 .text.USB_UART_SpiUartReadRxData
                0x00000b08       0x34 .\CortexM0\ARM_GCC_541\Debug\CARD.a(USB_UART_SPI_UART.o)
                0x00000b08                USB_UART_SpiUartReadRxData
 .text.USB_UART_SpiUartGetRxBufferSize
                0x00000b3c       0x28 .\CortexM0\ARM_GCC_541\Debug\CARD.a(USB_UART_SPI_UART.o)
                0x00000b3c                USB_UART_SpiUartGetRxBufferSize
 .text.USB_UART_SpiUartWriteTxData
                0x00000b64       0x70 .\CortexM0\ARM_GCC_541\Debug\CARD.a(USB_UART_SPI_UART.o)
                0x00000b64                USB_UART_SpiUartWriteTxData
 .text.USB_UART_UartInit
                0x00000bd4       0xdc .\CortexM0\ARM_GCC_541\Debug\CARD.a(USB_UART_UART.o)
                0x00000bd4                USB_UART_UartInit
 .text.USB_UART_UartPostEnable
                0x00000cb0       0x24 .\CortexM0\ARM_GCC_541\Debug\CARD.a(USB_UART_UART.o)
                0x00000cb0                USB_UART_UartPostEnable
 .text.USB_UART_UartGetByte
                0x00000cd4       0x4c .\CortexM0\ARM_GCC_541\Debug\CARD.a(USB_UART_UART.o)
                0x00000cd4                USB_UART_UartGetByte
 .text.Reset_isr_SetVector
                0x00000d20        0xc .\CortexM0\ARM_GCC_541\Debug\CARD.a(Reset_isr.o)
                0x00000d20                Reset_isr_SetVector
 .text.Reset_isr_SetPriority
                0x00000d2c       0x20 .\CortexM0\ARM_GCC_541\Debug\CARD.a(Reset_isr.o)
                0x00000d2c                Reset_isr_SetPriority
 .text.Reset_isr_Enable
                0x00000d4c        0xc .\CortexM0\ARM_GCC_541\Debug\CARD.a(Reset_isr.o)
                0x00000d4c                Reset_isr_Enable
 .text.Reset_isr_Disable
                0x00000d58        0xc .\CortexM0\ARM_GCC_541\Debug\CARD.a(Reset_isr.o)
                0x00000d58                Reset_isr_Disable
 .text.Reset_isr_StartEx
                0x00000d64       0x1c .\CortexM0\ARM_GCC_541\Debug\CARD.a(Reset_isr.o)
                0x00000d64                Reset_isr_StartEx
 .text.SW1_ClearInterrupt
                0x00000d80       0x14 .\CortexM0\ARM_GCC_541\Debug\CARD.a(SW1.o)
                0x00000d80                SW1_ClearInterrupt
 .text.CySysFlashClockBackup
                0x00000d94       0x14 .\CortexM0\ARM_GCC_541\Debug\CARD.a(CyFlash.o)
 .text.CySysFlashClockRestore
                0x00000da8       0x14 .\CortexM0\ARM_GCC_541\Debug\CARD.a(CyFlash.o)
 .text.CySysFlashWriteRow
                0x00000dbc      0x208 .\CortexM0\ARM_GCC_541\Debug\CARD.a(CyFlash.o)
                0x00000dbc                CySysFlashWriteRow
 .text.CyIntEnable
                0x00000fc4       0x14 .\CortexM0\ARM_GCC_541\Debug\CARD.a(CyLib.o)
                0x00000fc4                CyIntEnable
 .text.CyIntDisable
                0x00000fd8       0x14 .\CortexM0\ARM_GCC_541\Debug\CARD.a(CyLib.o)
                0x00000fd8                CyIntDisable
 .text.CyHalt   0x00000fec        0x4 .\CortexM0\ARM_GCC_541\Debug\CARD.a(CyLib.o)
                0x00000fec                CyHalt
 .text.CyIntSetVector
                0x00000ff0       0x24 .\CortexM0\ARM_GCC_541\Debug\CARD.a(CyLib.o)
                0x00000ff0                CyIntSetVector
 .text.CyIntSetPriority
                0x00001014       0x4c .\CortexM0\ARM_GCC_541\Debug\CARD.a(CyLib.o)
                0x00001014                CyIntSetPriority
 .text.CySoftwareReset
                0x00001060       0x18 .\CortexM0\ARM_GCC_541\Debug\CARD.a(CyLib.o)
                0x00001060                CySoftwareReset
 .text.CyDelayUs
                0x00001078       0x14 .\CortexM0\ARM_GCC_541\Debug\CARD.a(CyLib.o)
                0x00001078                CyDelayUs
 .text.CySysClkWriteImoFreq
                0x0000108c      0x164 .\CortexM0\ARM_GCC_541\Debug\CARD.a(CyLib.o)
                0x0000108c                CySysClkWriteImoFreq
 .text.CySysWdtLocked
                0x000011f0       0x14 .\CortexM0\ARM_GCC_541\Debug\CARD.a(CyLFClk.o)
 .text.CySysWdtLock
                0x00001204       0x1c .\CortexM0\ARM_GCC_541\Debug\CARD.a(CyLFClk.o)
                0x00001204                CySysWdtLock
 .text.CySysWdtUnlock
                0x00001220       0x30 .\CortexM0\ARM_GCC_541\Debug\CARD.a(CyLFClk.o)
                0x00001220                CySysWdtUnlock
 .text.CySysWdtClearInterrupt
                0x00001250       0x4c .\CortexM0\ARM_GCC_541\Debug\CARD.a(CyLFClk.o)
                0x00001250                CySysWdtClearInterrupt
 .text.CySysWdtIsr
                0x0000129c       0xa4 .\CortexM0\ARM_GCC_541\Debug\CARD.a(CyLFClk.o)
                0x0000129c                CySysWdtIsr
 .text          0x00001340       0x24 .\CortexM0\ARM_GCC_541\Debug\CARD.a(CyBootAsmGnu.o)
                0x00001340                CyDelayCycles
                0x00001354                CyEnterCriticalSection
                0x0000135c                CyExitCriticalSection
 .text.USB_UART_SPI_UART_ISR
                0x00001364       0xe4 .\CortexM0\ARM_GCC_541\Debug\CARD.a(USB_UART_SPI_UART_INT.o)
                0x00001364                USB_UART_SPI_UART_ISR
 .text.__errno  0x00001448        0xc c:/program files (x86)/cypress/psoc creator/4.1/psoc creator/import/gnu/arm/5.4.1/bin/../lib/gcc/arm-none-eabi/5.4.1/../../../../arm-none-eabi/lib/armv6-m\libg_nano.a(lib_a-errno.o)
                0x00001448                __errno
 .text.__libc_init_array
                0x00001454       0x4c c:/program files (x86)/cypress/psoc creator/4.1/psoc creator/import/gnu/arm/5.4.1/bin/../lib/gcc/arm-none-eabi/5.4.1/../../../../arm-none-eabi/lib/armv6-m\libg_nano.a(lib_a-init.o)
                0x00001454                __libc_init_array
 .text.malloc   0x000014a0       0x14 c:/program files (x86)/cypress/psoc creator/4.1/psoc creator/import/gnu/arm/5.4.1/bin/../lib/gcc/arm-none-eabi/5.4.1/../../../../arm-none-eabi/lib/armv6-m\libg_nano.a(lib_a-malloc.o)
                0x000014a0                malloc
 .text.memcpy   0x000014b4       0x12 c:/program files (x86)/cypress/psoc creator/4.1/psoc creator/import/gnu/arm/5.4.1/bin/../lib/gcc/arm-none-eabi/5.4.1/../../../../arm-none-eabi/lib/armv6-m\libg_nano.a(lib_a-memcpy-stub.o)
                0x000014b4                memcpy
 .text.memset   0x000014c6       0x10 c:/program files (x86)/cypress/psoc creator/4.1/psoc creator/import/gnu/arm/5.4.1/bin/../lib/gcc/arm-none-eabi/5.4.1/../../../../arm-none-eabi/lib/armv6-m\libg_nano.a(lib_a-memset.o)
                0x000014c6                memset
 *fill*         0x000014d6        0x2 
 .text._malloc_r
                0x000014d8       0xc0 c:/program files (x86)/cypress/psoc creator/4.1/psoc creator/import/gnu/arm/5.4.1/bin/../lib/gcc/arm-none-eabi/5.4.1/../../../../arm-none-eabi/lib/armv6-m\libg_nano.a(lib_a-nano-mallocr.o)
                0x000014d8                _malloc_r
 .text._sbrk_r  0x00001598       0x24 c:/program files (x86)/cypress/psoc creator/4.1/psoc creator/import/gnu/arm/5.4.1/bin/../lib/gcc/arm-none-eabi/5.4.1/../../../../arm-none-eabi/lib/armv6-m\libg_nano.a(lib_a-sbrkr.o)
                0x00001598                _sbrk_r
 .text          0x000015bc       0x14 c:/program files (x86)/cypress/psoc creator/4.1/psoc creator/import/gnu/arm/5.4.1/bin/../lib/gcc/arm-none-eabi/5.4.1/../../../../arm-none-eabi/lib/armv6-m\libg_nano.a(lib_a-strcmp.o)
                0x000015bc                strcmp
 .text          0x000015d0        0xe c:/program files (x86)/cypress/psoc creator/4.1/psoc creator/import/gnu/arm/5.4.1/bin/../lib/gcc/arm-none-eabi/5.4.1/../../../../arm-none-eabi/lib/armv6-m\libg_nano.a(lib_a-strlen.o)
                0x000015d0                strlen
 .text.strncat  0x000015de       0x28 c:/program files (x86)/cypress/psoc creator/4.1/psoc creator/import/gnu/arm/5.4.1/bin/../lib/gcc/arm-none-eabi/5.4.1/../../../../arm-none-eabi/lib/armv6-m\libg_nano.a(lib_a-strncat.o)
                0x000015de                strncat
 .text.__malloc_lock
                0x00001606        0x2 c:/program files (x86)/cypress/psoc creator/4.1/psoc creator/import/gnu/arm/5.4.1/bin/../lib/gcc/arm-none-eabi/5.4.1/../../../../arm-none-eabi/lib/armv6-m\libg_nano.a(lib_a-mlock.o)
                0x00001606                __malloc_lock
 .text.__malloc_unlock
                0x00001608        0x2 c:/program files (x86)/cypress/psoc creator/4.1/psoc creator/import/gnu/arm/5.4.1/bin/../lib/gcc/arm-none-eabi/5.4.1/../../../../arm-none-eabi/lib/armv6-m\libg_nano.a(lib_a-mlock.o)
                0x00001608                __malloc_unlock
 *(.plt)
 *(.gnu.warning)
 *(.glue_7t)
 .glue_7t       0x0000160a        0x0 linker stubs
 *(.glue_7)
 .glue_7        0x0000160a        0x0 linker stubs
 *(.vfp11_veneer)
 .vfp11_veneer  0x0000160a        0x0 linker stubs
 *(.bootloader)
 *(.ARM.extab* .gnu.linkonce.armextab.*)
 *(.gcc_except_table)

.v4_bx          0x0000160c        0x0
 .v4_bx         0x0000160c        0x0 linker stubs

.iplt           0x0000160c        0x0
 .iplt          0x0000160c        0x0 c:/program files (x86)/cypress/psoc creator/4.1/psoc creator/import/gnu/arm/5.4.1/bin/../lib/gcc/arm-none-eabi/5.4.1/armv6-m/crtbegin.o

.eh_frame_hdr
 *(.eh_frame_hdr)

.eh_frame       0x0000160c        0x4
 *(.eh_frame)
 .eh_frame      0x0000160c        0x0 c:/program files (x86)/cypress/psoc creator/4.1/psoc creator/import/gnu/arm/5.4.1/bin/../lib/gcc/arm-none-eabi/5.4.1/armv6-m/crtbegin.o
 .eh_frame      0x0000160c        0x4 c:/program files (x86)/cypress/psoc creator/4.1/psoc creator/import/gnu/arm/5.4.1/bin/../lib/gcc/arm-none-eabi/5.4.1/armv6-m/crtend.o
                [!provide]                PROVIDE (__exidx_start, .)

.ARM.exidx
 *(.ARM.exidx* .gnu.linkonce.armexidx.*)
                0x00001610                __exidx_end = .

.rodata         0x00001610      0x5c8
 *(.rodata .rodata.* .gnu.linkonce.r.*)
 .rodata        0x00001610       0x25 .\CortexM0\ARM_GCC_541\Debug\main.o
 *fill*         0x00001635        0x3 
 .rodata.str1.4
                0x00001638       0x16 .\CortexM0\ARM_GCC_541\Debug\main.o
 *fill*         0x0000164e        0x2 
 .rodata.str1.4
                0x00001650       0x1c .\CortexM0\ARM_GCC_541\Debug\usbserialprotocol.o
                                 0x1b (size before relaxing)
 .rodata        0x0000166c      0x20c .\CortexM0\ARM_GCC_541\Debug\aes.o
 .rodata        0x00001878      0x2f8 .\CortexM0\ARM_GCC_541\Debug\cyfitter_cfg.o
 .rodata        0x00001b70       0x2e .\CortexM0\ARM_GCC_541\Debug\CARD.a(CyLib.o)
                0x00001b70                cyImoFreqMhz2Reg
 .rodata.str1.1
                0x00001b9e        0x2 c:/program files (x86)/cypress/psoc creator/4.1/psoc creator/import/gnu/arm/5.4.1/bin/../lib/gcc/arm-none-eabi/5.4.1/../../../../arm-none-eabi/lib/armv6-m\libg_nano.a(lib_a-impure.o)
                0x00001ba0                . = ALIGN (0x4)
 *(.init)
 .init          0x00001ba0        0x4 c:/program files (x86)/cypress/psoc creator/4.1/psoc creator/import/gnu/arm/5.4.1/bin/../lib/gcc/arm-none-eabi/5.4.1/armv6-m/crti.o
                0x00001ba0                _init
 .init          0x00001ba4        0x8 c:/program files (x86)/cypress/psoc creator/4.1/psoc creator/import/gnu/arm/5.4.1/bin/../lib/gcc/arm-none-eabi/5.4.1/armv6-m/crtn.o
                0x00001bac                . = ALIGN (0x4)
                0x00001bac                __preinit_array_start = .
 *(.preinit_array)
                0x00001bac                __preinit_array_end = .
                0x00001bac                . = ALIGN (0x4)
                0x00001bac                __init_array_start = .
 *(SORT(.init_array.*))
 *(.init_array)
 .init_array    0x00001bac        0x4 c:/program files (x86)/cypress/psoc creator/4.1/psoc creator/import/gnu/arm/5.4.1/bin/../lib/gcc/arm-none-eabi/5.4.1/armv6-m/crtbegin.o
 .init_array    0x00001bb0        0x4 .\CortexM0\ARM_GCC_541\Debug\Cm0Start.o
                0x00001bb4                __init_array_end = .
                0x00001bb4                . = ALIGN (0x4)
 *(.fini)
 .fini          0x00001bb4        0x4 c:/program files (x86)/cypress/psoc creator/4.1/psoc creator/import/gnu/arm/5.4.1/bin/../lib/gcc/arm-none-eabi/5.4.1/armv6-m/crti.o
                0x00001bb4                _fini
 .fini          0x00001bb8        0x8 c:/program files (x86)/cypress/psoc creator/4.1/psoc creator/import/gnu/arm/5.4.1/bin/../lib/gcc/arm-none-eabi/5.4.1/armv6-m/crtn.o
                0x00001bc0                . = ALIGN (0x4)
                0x00001bc0                __fini_array_start = .
 *(.fini_array)
 .fini_array    0x00001bc0        0x4 c:/program files (x86)/cypress/psoc creator/4.1/psoc creator/import/gnu/arm/5.4.1/bin/../lib/gcc/arm-none-eabi/5.4.1/armv6-m/crtbegin.o
 *(SORT(.fini_array.*))
                0x00001bc4                __fini_array_end = .
                0x00001bc4                . = ALIGN (0x4)
 *crtbegin.o(.ctors)
 *(EXCLUDE_FILE(*crtend.o) .ctors)
 *(SORT(.ctors.*))
 *crtend.o(.ctors)
                0x00001bc4                . = ALIGN (0x4)
 *crtbegin.o(.dtors)
 *(EXCLUDE_FILE(*crtend.o) .dtors)
 *(SORT(.dtors.*))
 *crtend.o(.dtors)
                0x00001bc4                . = ALIGN (0x4)
                0x00001bc4                __cy_regions = .
                0x00001bc4        0x4 LONG 0x1bd8 __cy_region_init_ram
                0x00001bc8        0x4 LONG 0x200000c0 __cy_region_start_data
                0x00001bcc        0x4 LONG 0x88 __cy_region_init_size_ram
                0x00001bd0        0x4 LONG 0x170 __cy_region_zero_size_ram
                0x00001bd4                __cy_regions_end = .
                0x00001bd8                . = ALIGN (0x8)
 *fill*         0x00001bd4        0x4 
                0x00001bd8                _etext = .

.cy_checksum_exclude
                0x00001bd8        0x0
 *(.cy_checksum_exclude)

.ramvectors     0x20000000       0xc0
                0x20000000                __cy_region_start_ram = .
 *(.ramvectors)
 .ramvectors    0x20000000       0xc0 .\CortexM0\ARM_GCC_541\Debug\Cm0Start.o
                0x20000000                CyRamVectors

.noinit
 *(.noinit)

.data           0x200000c0       0x88 load address 0x00001bd8
                0x200000c0                __cy_region_start_data = .
 *(.jcr)
 .jcr           0x200000c0        0x0 c:/program files (x86)/cypress/psoc creator/4.1/psoc creator/import/gnu/arm/5.4.1/bin/../lib/gcc/arm-none-eabi/5.4.1/armv6-m/crtbegin.o
 .jcr           0x200000c0        0x4 c:/program files (x86)/cypress/psoc creator/4.1/psoc creator/import/gnu/arm/5.4.1/bin/../lib/gcc/arm-none-eabi/5.4.1/armv6-m/crtend.o
 *(.got.plt)
 *(.got)
 *(.shdata)
 *(.data .data.* .gnu.linkonce.d.*)
 .data          0x200000c4        0x4 .\CortexM0\ARM_GCC_541\Debug\Cm0Start.o
 .data          0x200000c8       0x14 .\CortexM0\ARM_GCC_541\Debug\CARD.a(CyLib.o)
                0x200000c8                CySysClkPumpConfig
                0x200000cc                cydelay32kMs
                0x200000d0                cydelayFreqKhz
                0x200000d4                cydelayFreqMhz
                0x200000d8                cydelayFreqHz
 .data          0x200000dc        0x4 .\CortexM0\ARM_GCC_541\Debug\CARD.a(CyLFClk.o)
 .data.impure_data
                0x200000e0       0x60 c:/program files (x86)/cypress/psoc creator/4.1/psoc creator/import/gnu/arm/5.4.1/bin/../lib/gcc/arm-none-eabi/5.4.1/../../../../arm-none-eabi/lib/armv6-m\libg_nano.a(lib_a-impure.o)
 .data._impure_ptr
                0x20000140        0x4 c:/program files (x86)/cypress/psoc creator/4.1/psoc creator/import/gnu/arm/5.4.1/bin/../lib/gcc/arm-none-eabi/5.4.1/../../../../arm-none-eabi/lib/armv6-m\libg_nano.a(lib_a-impure.o)
                0x20000140                _impure_ptr
                0x20000148                . = ALIGN (0x8)
 *fill*         0x20000144        0x4 
 *(.ram)
                0x20000148                _edata = .

.igot.plt       0x20000148        0x0 load address 0x00001c60
 .igot.plt      0x20000148        0x0 c:/program files (x86)/cypress/psoc creator/4.1/psoc creator/import/gnu/arm/5.4.1/bin/../lib/gcc/arm-none-eabi/5.4.1/armv6-m/crtbegin.o

.bss            0x20000148      0x170 load address 0x00001c60
                0x20000148                PROVIDE (__bss_start__, .)
 *(.shbss)
 *(.bss .bss.* .gnu.linkonce.b.*)
 .bss           0x20000148       0x1c c:/program files (x86)/cypress/psoc creator/4.1/psoc creator/import/gnu/arm/5.4.1/bin/../lib/gcc/arm-none-eabi/5.4.1/armv6-m/crtbegin.o
 .bss           0x20000164        0xa .\CortexM0\ARM_GCC_541\Debug\CARD.a(USB_UART.o)
                0x20000164                USB_UART_initVar
                0x20000168                USB_UART_customIntrHandler
                0x2000016c                USB_UART_IntrTxMask
 *fill*         0x2000016e        0x2 
 .bss           0x20000170        0x4 .\CortexM0\ARM_GCC_541\Debug\CARD.a(CyFlash.o)
 .bss           0x20000174       0x20 .\CortexM0\ARM_GCC_541\Debug\CARD.a(CyLFClk.o)
 .bss.__malloc_sbrk_start
                0x20000194        0x4 c:/program files (x86)/cypress/psoc creator/4.1/psoc creator/import/gnu/arm/5.4.1/bin/../lib/gcc/arm-none-eabi/5.4.1/../../../../arm-none-eabi/lib/armv6-m\libg_nano.a(lib_a-nano-mallocr.o)
                0x20000194                __malloc_sbrk_start
 .bss.__malloc_free_list
                0x20000198        0x4 c:/program files (x86)/cypress/psoc creator/4.1/psoc creator/import/gnu/arm/5.4.1/bin/../lib/gcc/arm-none-eabi/5.4.1/../../../../arm-none-eabi/lib/armv6-m\libg_nano.a(lib_a-nano-mallocr.o)
                0x20000198                __malloc_free_list
 *(COMMON)
 COMMON         0x2000019c      0x112 .\CortexM0\ARM_GCC_541\Debug\CARD.a(USB_UART_SPI_UART.o)
                0x2000019c                USB_UART_txBufferTail
                0x200001a0                USB_UART_rxBufferTail
                0x200001a4                USB_UART_txBufferInternal
                0x20000224                USB_UART_rxBufferHead
                0x20000228                USB_UART_txBufferHead
                0x2000022c                USB_UART_rxBufferInternal
                0x200002ad                USB_UART_rxBufferOverflow
 *fill*         0x200002ae        0x2 
 COMMON         0x200002b0        0x4 c:/program files (x86)/cypress/psoc creator/4.1/psoc creator/import/gnu/arm/5.4.1/bin/../lib/gcc/arm-none-eabi/5.4.1/../../../../arm-none-eabi/lib/armv6-m\libg_nano.a(lib_a-reent.o)
                0x200002b0                errno
                0x200002b8                . = ALIGN (0x8)
 *fill*         0x200002b4        0x4 
 *(.ram.b)
                0x200002b8                _end = .
                0x200002b8                __end = .
                0x200002b8                PROVIDE (end, .)
                0x200002b8                PROVIDE (__bss_end__, .)
                0x00001bd8                __cy_region_init_ram = LOADADDR (.data)
                0x00000088                __cy_region_init_size_ram = (_edata - ADDR (.data))
                0x00000170                __cy_region_zero_size_ram = (_end - _edata)

.heap           0x200002b8      0x1f0 load address 0x00001c60
                0x200002b8                . = _end
                0x200004a8                . = (. + 0x1f0)
 *fill*         0x200002b8      0x1f0 
                0x200004a8                __cy_heap_limit = .

.stack          0x20000c00      0x400
                0x20000c00                __cy_stack_limit = .
                0x20001000                . = (. + 0x400)
 *fill*         0x20000c00      0x400 
                0x00000001                ASSERT ((__cy_stack_limit >= __cy_heap_limit), region RAM overflowed with stack)
                0x00000000                cy_checksum_exclude_size = (CY_APPL_LOADABLE == 0x1)?SIZEOF (.cy_checksum_exclude):0x0
                0x00000001                ASSERT ((cy_checksum_exclude_size <= CY_CHECKSUM_EXCLUDE_SIZE), CY_BOOT: Section .cy_checksum_exclude size exceedes specified limit.)
                0x00007fc0                cyloadermeta_start = (cy_project_type_bootloader || cy_project_type_app_for_stack_and_copier)?(LENGTH (rom) - CY_METADATA_SIZE):0xf0000000

.cyloadermeta
 *(.cyloadermeta)
                0x00007fc0                cyloadablemeta_start = cy_project_type_app_for_stack_and_copier?((LENGTH (rom) - CY_FLASH_ROW_SIZE) - CY_METADATA_SIZE):((LENGTH (rom) - (CY_FLASH_ROW_SIZE * (CY_APPL_NUM - 0x1))) - CY_METADATA_SIZE)

.cyloadablemeta
 *(.cyloadablemeta)

.cyflashprotect
                0x90400000       0x20
 *(.cyflashprotect)
 .cyflashprotect
                0x90400000       0x20 .\CortexM0\ARM_GCC_541\Debug\cymetadata.o
                0x90400000                cy_meta_flashprotect

.cymeta         0x90500000        0xc
 *(.cymeta)
 .cymeta        0x90500000        0xc .\CortexM0\ARM_GCC_541\Debug\cymetadata.o
                0x90500000                cy_metadata

.cychipprotect  0x90600000        0x1
 *(.cychipprotect)
 .cychipprotect
                0x90600000        0x1 .\CortexM0\ARM_GCC_541\Debug\cymetadata.o
                0x90600000                cy_meta_chipprotect

.rel.dyn        0x00001c60        0x0 load address 0x90600004
 .rel.iplt      0x00001c60        0x0 c:/program files (x86)/cypress/psoc creator/4.1/psoc creator/import/gnu/arm/5.4.1/bin/../lib/gcc/arm-none-eabi/5.4.1/armv6-m/crtbegin.o

.stab
 *(.stab)

.stabstr
 *(.stabstr)

.debug
 *(.debug)

.line
 *(.line)

.debug_srcinfo
 *(.debug_srcinfo)

.debug_sfnames
 *(.debug_sfnames)

.debug_aranges  0x00000000      0x730
 *(.debug_aranges)
 .debug_aranges
                0x00000000       0x38 .\CortexM0\ARM_GCC_541\Debug\main.o
 .debug_aranges
                0x00000038       0x38 .\CortexM0\ARM_GCC_541\Debug\usbserialprotocol.o
 .debug_aranges
                0x00000070       0xa0 .\CortexM0\ARM_GCC_541\Debug\aes.o
 .debug_aranges
                0x00000110       0x28 .\CortexM0\ARM_GCC_541\Debug\SuperFastHash.o
 .debug_aranges
                0x00000138       0x40 .\CortexM0\ARM_GCC_541\Debug\cyfitter_cfg.o
 .debug_aranges
                0x00000178       0x18 .\CortexM0\ARM_GCC_541\Debug\cymetadata.o
 .debug_aranges
                0x00000190       0x48 .\CortexM0\ARM_GCC_541\Debug\Cm0Start.o
 .debug_aranges
                0x000001d8       0x30 .\CortexM0\ARM_GCC_541\Debug\CARD.a(USER_INFO.o)
 .debug_aranges
                0x00000208       0x70 .\CortexM0\ARM_GCC_541\Debug\CARD.a(USB_UART.o)
 .debug_aranges
                0x00000278       0x60 .\CortexM0\ARM_GCC_541\Debug\CARD.a(USB_UART_SPI_UART.o)
 .debug_aranges
                0x000002d8       0x60 .\CortexM0\ARM_GCC_541\Debug\CARD.a(USB_UART_UART.o)
 .debug_aranges
                0x00000338       0x80 .\CortexM0\ARM_GCC_541\Debug\CARD.a(Reset_isr.o)
 .debug_aranges
                0x000003b8       0x48 .\CortexM0\ARM_GCC_541\Debug\CARD.a(SW1.o)
 .debug_aranges
                0x00000400       0x38 .\CortexM0\ARM_GCC_541\Debug\CARD.a(CyFlash.o)
 .debug_aranges
                0x00000438      0x180 .\CortexM0\ARM_GCC_541\Debug\CARD.a(CyLib.o)
 .debug_aranges
                0x000005b8      0x138 .\CortexM0\ARM_GCC_541\Debug\CARD.a(CyLFClk.o)
 .debug_aranges
                0x000006f0       0x20 .\CortexM0\ARM_GCC_541\Debug\CARD.a(CyBootAsmGnu.o)
 .debug_aranges
                0x00000710       0x20 .\CortexM0\ARM_GCC_541\Debug\CARD.a(USB_UART_SPI_UART_INT.o)

.debug_pubnames
 *(.debug_pubnames)

.debug_info     0x00000000     0x4e4c
 *(.debug_info .gnu.linkonce.wi.*)
 .debug_info    0x00000000      0x7e7 .\CortexM0\ARM_GCC_541\Debug\main.o
 .debug_info    0x000007e7      0x2f9 .\CortexM0\ARM_GCC_541\Debug\usbserialprotocol.o
 .debug_info    0x00000ae0      0xa64 .\CortexM0\ARM_GCC_541\Debug\aes.o
 .debug_info    0x00001544      0x170 .\CortexM0\ARM_GCC_541\Debug\SuperFastHash.o
 .debug_info    0x000016b4      0x51a .\CortexM0\ARM_GCC_541\Debug\cyfitter_cfg.o
 .debug_info    0x00001bce       0xf8 .\CortexM0\ARM_GCC_541\Debug\cymetadata.o
 .debug_info    0x00001cc6      0x39c .\CortexM0\ARM_GCC_541\Debug\Cm0Start.o
 .debug_info    0x00002062      0x1e0 .\CortexM0\ARM_GCC_541\Debug\CARD.a(USER_INFO.o)
 .debug_info    0x00002242      0x2fb .\CortexM0\ARM_GCC_541\Debug\CARD.a(USB_UART.o)
 .debug_info    0x0000253d      0x372 .\CortexM0\ARM_GCC_541\Debug\CARD.a(USB_UART_SPI_UART.o)
 .debug_info    0x000028af      0x3b1 .\CortexM0\ARM_GCC_541\Debug\CARD.a(USB_UART_UART.o)
 .debug_info    0x00002c60      0x305 .\CortexM0\ARM_GCC_541\Debug\CARD.a(Reset_isr.o)
 .debug_info    0x00002f65      0x19d .\CortexM0\ARM_GCC_541\Debug\CARD.a(SW1.o)
 .debug_info    0x00003102      0x33d .\CortexM0\ARM_GCC_541\Debug\CARD.a(CyFlash.o)
 .debug_info    0x0000343f      0xb0b .\CortexM0\ARM_GCC_541\Debug\CARD.a(CyLib.o)
 .debug_info    0x00003f4a      0xcfe .\CortexM0\ARM_GCC_541\Debug\CARD.a(CyLFClk.o)
 .debug_info    0x00004c48       0x7e .\CortexM0\ARM_GCC_541\Debug\CARD.a(CyBootAsmGnu.o)
 .debug_info    0x00004cc6      0x186 .\CortexM0\ARM_GCC_541\Debug\CARD.a(USB_UART_SPI_UART_INT.o)

.debug_abbrev   0x00000000     0x16e4
 *(.debug_abbrev)
 .debug_abbrev  0x00000000      0x1ad .\CortexM0\ARM_GCC_541\Debug\main.o
 .debug_abbrev  0x000001ad      0x127 .\CortexM0\ARM_GCC_541\Debug\usbserialprotocol.o
 .debug_abbrev  0x000002d4      0x1e5 .\CortexM0\ARM_GCC_541\Debug\aes.o
 .debug_abbrev  0x000004b9       0xc1 .\CortexM0\ARM_GCC_541\Debug\SuperFastHash.o
 .debug_abbrev  0x0000057a      0x1d4 .\CortexM0\ARM_GCC_541\Debug\cyfitter_cfg.o
 .debug_abbrev  0x0000074e       0x5d .\CortexM0\ARM_GCC_541\Debug\cymetadata.o
 .debug_abbrev  0x000007ab      0x1d7 .\CortexM0\ARM_GCC_541\Debug\Cm0Start.o
 .debug_abbrev  0x00000982       0xf8 .\CortexM0\ARM_GCC_541\Debug\CARD.a(USER_INFO.o)
 .debug_abbrev  0x00000a7a      0x130 .\CortexM0\ARM_GCC_541\Debug\CARD.a(USB_UART.o)
 .debug_abbrev  0x00000baa      0x168 .\CortexM0\ARM_GCC_541\Debug\CARD.a(USB_UART_SPI_UART.o)
 .debug_abbrev  0x00000d12      0x136 .\CortexM0\ARM_GCC_541\Debug\CARD.a(USB_UART_UART.o)
 .debug_abbrev  0x00000e48      0x19a .\CortexM0\ARM_GCC_541\Debug\CARD.a(Reset_isr.o)
 .debug_abbrev  0x00000fe2       0xc8 .\CortexM0\ARM_GCC_541\Debug\CARD.a(SW1.o)
 .debug_abbrev  0x000010aa      0x19c .\CortexM0\ARM_GCC_541\Debug\CARD.a(CyFlash.o)
 .debug_abbrev  0x00001246      0x1e0 .\CortexM0\ARM_GCC_541\Debug\CARD.a(CyLib.o)
 .debug_abbrev  0x00001426      0x210 .\CortexM0\ARM_GCC_541\Debug\CARD.a(CyLFClk.o)
 .debug_abbrev  0x00001636       0x14 .\CortexM0\ARM_GCC_541\Debug\CARD.a(CyBootAsmGnu.o)
 .debug_abbrev  0x0000164a       0x9a .\CortexM0\ARM_GCC_541\Debug\CARD.a(USB_UART_SPI_UART_INT.o)

.debug_line     0x00000000     0x21f1
 *(.debug_line)
 .debug_line    0x00000000      0x319 .\CortexM0\ARM_GCC_541\Debug\main.o
 .debug_line    0x00000319      0x15a .\CortexM0\ARM_GCC_541\Debug\usbserialprotocol.o
 .debug_line    0x00000473      0x444 .\CortexM0\ARM_GCC_541\Debug\aes.o
 .debug_line    0x000008b7      0x199 .\CortexM0\ARM_GCC_541\Debug\SuperFastHash.o
 .debug_line    0x00000a50      0x19f .\CortexM0\ARM_GCC_541\Debug\cyfitter_cfg.o
 .debug_line    0x00000bef      0x141 .\CortexM0\ARM_GCC_541\Debug\cymetadata.o
 .debug_line    0x00000d30      0x235 .\CortexM0\ARM_GCC_541\Debug\Cm0Start.o
 .debug_line    0x00000f65       0xcd .\CortexM0\ARM_GCC_541\Debug\CARD.a(USER_INFO.o)
 .debug_line    0x00001032      0x163 .\CortexM0\ARM_GCC_541\Debug\CARD.a(USB_UART.o)
 .debug_line    0x00001195      0x156 .\CortexM0\ARM_GCC_541\Debug\CARD.a(USB_UART_SPI_UART.o)
 .debug_line    0x000012eb      0x184 .\CortexM0\ARM_GCC_541\Debug\CARD.a(USB_UART_UART.o)
 .debug_line    0x0000146f      0x151 .\CortexM0\ARM_GCC_541\Debug\CARD.a(Reset_isr.o)
 .debug_line    0x000015c0       0xbb .\CortexM0\ARM_GCC_541\Debug\CARD.a(SW1.o)
 .debug_line    0x0000167b      0x18d .\CortexM0\ARM_GCC_541\Debug\CARD.a(CyFlash.o)
 .debug_line    0x00001808      0x460 .\CortexM0\ARM_GCC_541\Debug\CARD.a(CyLib.o)
 .debug_line    0x00001c68      0x466 .\CortexM0\ARM_GCC_541\Debug\CARD.a(CyLFClk.o)
 .debug_line    0x000020ce       0x69 .\CortexM0\ARM_GCC_541\Debug\CARD.a(CyBootAsmGnu.o)
 .debug_line    0x00002137       0xba .\CortexM0\ARM_GCC_541\Debug\CARD.a(USB_UART_SPI_UART_INT.o)

.debug_frame    0x00000000     0x142c
 *(.debug_frame)
 .debug_frame   0x00000000       0x98 .\CortexM0\ARM_GCC_541\Debug\main.o
 .debug_frame   0x00000098       0x90 .\CortexM0\ARM_GCC_541\Debug\usbserialprotocol.o
 .debug_frame   0x00000128      0x230 .\CortexM0\ARM_GCC_541\Debug\aes.o
 .debug_frame   0x00000358       0x48 .\CortexM0\ARM_GCC_541\Debug\SuperFastHash.o
 .debug_frame   0x000003a0       0xac .\CortexM0\ARM_GCC_541\Debug\cyfitter_cfg.o
 .debug_frame   0x0000044c       0xbc .\CortexM0\ARM_GCC_541\Debug\Cm0Start.o
 .debug_frame   0x00000508       0x60 .\CortexM0\ARM_GCC_541\Debug\CARD.a(USER_INFO.o)
 .debug_frame   0x00000568      0x114 .\CortexM0\ARM_GCC_541\Debug\CARD.a(USB_UART.o)
 .debug_frame   0x0000067c       0xc8 .\CortexM0\ARM_GCC_541\Debug\CARD.a(USB_UART_SPI_UART.o)
 .debug_frame   0x00000744       0xe0 .\CortexM0\ARM_GCC_541\Debug\CARD.a(USB_UART_UART.o)
 .debug_frame   0x00000824      0x110 .\CortexM0\ARM_GCC_541\Debug\CARD.a(Reset_isr.o)
 .debug_frame   0x00000934       0x70 .\CortexM0\ARM_GCC_541\Debug\CARD.a(SW1.o)
 .debug_frame   0x000009a4       0x74 .\CortexM0\ARM_GCC_541\Debug\CARD.a(CyFlash.o)
 .debug_frame   0x00000a18      0x3e0 .\CortexM0\ARM_GCC_541\Debug\CARD.a(CyLib.o)
 .debug_frame   0x00000df8      0x3a8 .\CortexM0\ARM_GCC_541\Debug\CARD.a(CyLFClk.o)
 .debug_frame   0x000011a0       0x2c .\CortexM0\ARM_GCC_541\Debug\CARD.a(USB_UART_SPI_UART_INT.o)
 .debug_frame   0x000011cc       0x20 c:/program files (x86)/cypress/psoc creator/4.1/psoc creator/import/gnu/arm/5.4.1/bin/../lib/gcc/arm-none-eabi/5.4.1/armv6-m\libgcc.a(_udivsi3.o)
 .debug_frame   0x000011ec       0x20 c:/program files (x86)/cypress/psoc creator/4.1/psoc creator/import/gnu/arm/5.4.1/bin/../lib/gcc/arm-none-eabi/5.4.1/../../../../arm-none-eabi/lib/armv6-m\libg_nano.a(lib_a-errno.o)
 .debug_frame   0x0000120c       0x28 c:/program files (x86)/cypress/psoc creator/4.1/psoc creator/import/gnu/arm/5.4.1/bin/../lib/gcc/arm-none-eabi/5.4.1/../../../../arm-none-eabi/lib/armv6-m\libg_nano.a(lib_a-exit.o)
 .debug_frame   0x00001234       0x2c c:/program files (x86)/cypress/psoc creator/4.1/psoc creator/import/gnu/arm/5.4.1/bin/../lib/gcc/arm-none-eabi/5.4.1/../../../../arm-none-eabi/lib/armv6-m\libg_nano.a(lib_a-init.o)
 .debug_frame   0x00001260       0x40 c:/program files (x86)/cypress/psoc creator/4.1/psoc creator/import/gnu/arm/5.4.1/bin/../lib/gcc/arm-none-eabi/5.4.1/../../../../arm-none-eabi/lib/armv6-m\libg_nano.a(lib_a-malloc.o)
 .debug_frame   0x000012a0       0x28 c:/program files (x86)/cypress/psoc creator/4.1/psoc creator/import/gnu/arm/5.4.1/bin/../lib/gcc/arm-none-eabi/5.4.1/../../../../arm-none-eabi/lib/armv6-m\libg_nano.a(lib_a-memcpy-stub.o)
 .debug_frame   0x000012c8       0x20 c:/program files (x86)/cypress/psoc creator/4.1/psoc creator/import/gnu/arm/5.4.1/bin/../lib/gcc/arm-none-eabi/5.4.1/../../../../arm-none-eabi/lib/armv6-m\libg_nano.a(lib_a-memset.o)
 .debug_frame   0x000012e8       0x2c c:/program files (x86)/cypress/psoc creator/4.1/psoc creator/import/gnu/arm/5.4.1/bin/../lib/gcc/arm-none-eabi/5.4.1/../../../../arm-none-eabi/lib/armv6-m\libg_nano.a(lib_a-nano-freer.o)
 .debug_frame   0x00001314       0x2c c:/program files (x86)/cypress/psoc creator/4.1/psoc creator/import/gnu/arm/5.4.1/bin/../lib/gcc/arm-none-eabi/5.4.1/../../../../arm-none-eabi/lib/armv6-m\libg_nano.a(lib_a-nano-mallocr.o)
 .debug_frame   0x00001340       0x2c c:/program files (x86)/cypress/psoc creator/4.1/psoc creator/import/gnu/arm/5.4.1/bin/../lib/gcc/arm-none-eabi/5.4.1/../../../../arm-none-eabi/lib/armv6-m\libg_nano.a(lib_a-sbrkr.o)
 .debug_frame   0x0000136c       0x20 c:/program files (x86)/cypress/psoc creator/4.1/psoc creator/import/gnu/arm/5.4.1/bin/../lib/gcc/arm-none-eabi/5.4.1/../../../../arm-none-eabi/lib/armv6-m\libg_nano.a(lib_a-strcmp.o)
 .debug_frame   0x0000138c       0x28 c:/program files (x86)/cypress/psoc creator/4.1/psoc creator/import/gnu/arm/5.4.1/bin/../lib/gcc/arm-none-eabi/5.4.1/../../../../arm-none-eabi/lib/armv6-m\libg_nano.a(lib_a-strncat.o)
 .debug_frame   0x000013b4       0x30 c:/program files (x86)/cypress/psoc creator/4.1/psoc creator/import/gnu/arm/5.4.1/bin/../lib/gcc/arm-none-eabi/5.4.1/../../../../arm-none-eabi/lib/armv6-m\libg_nano.a(lib_a-mlock.o)
 .debug_frame   0x000013e4       0x48 c:/program files (x86)/cypress/psoc creator/4.1/psoc creator/import/gnu/arm/5.4.1/bin/../lib/gcc/arm-none-eabi/5.4.1/../../../../arm-none-eabi/lib/armv6-m\libg_nano.a(lib_a-reent.o)

.debug_str      0x00000000     0x193d
 *(.debug_str)
 .debug_str     0x00000000      0x2bf .\CortexM0\ARM_GCC_541\Debug\main.o
                                0x315 (size before relaxing)
 .debug_str     0x000002bf       0x85 .\CortexM0\ARM_GCC_541\Debug\usbserialprotocol.o
                                0x23b (size before relaxing)
 .debug_str     0x00000344       0xd0 .\CortexM0\ARM_GCC_541\Debug\aes.o
                                0x2d1 (size before relaxing)
 .debug_str     0x00000414       0x19 .\CortexM0\ARM_GCC_541\Debug\SuperFastHash.o
                                0x1a5 (size before relaxing)
 .debug_str     0x0000042d      0x176 .\CortexM0\ARM_GCC_541\Debug\cyfitter_cfg.o
                                0x322 (size before relaxing)
 .debug_str     0x000005a3       0x59 .\CortexM0\ARM_GCC_541\Debug\cymetadata.o
                                0x1b6 (size before relaxing)
 .debug_str     0x000005fc      0x13a .\CortexM0\ARM_GCC_541\Debug\Cm0Start.o
                                0x2ef (size before relaxing)
 .debug_str     0x00000736       0xa9 .\CortexM0\ARM_GCC_541\Debug\CARD.a(USER_INFO.o)
                                0x244 (size before relaxing)
 .debug_str     0x000007df      0x1c4 .\CortexM0\ARM_GCC_541\Debug\CARD.a(USB_UART.o)
                                0x362 (size before relaxing)
 .debug_str     0x000009a3      0x1d7 .\CortexM0\ARM_GCC_541\Debug\CARD.a(USB_UART_SPI_UART.o)
                                0x3b3 (size before relaxing)
 .debug_str     0x00000b7a       0xf1 .\CortexM0\ARM_GCC_541\Debug\CARD.a(USB_UART_UART.o)
                                0x3d9 (size before relaxing)
 .debug_str     0x00000c6b      0x160 .\CortexM0\ARM_GCC_541\Debug\CARD.a(Reset_isr.o)
                                0x310 (size before relaxing)
 .debug_str     0x00000dcb       0x8f .\CortexM0\ARM_GCC_541\Debug\CARD.a(SW1.o)
                                0x216 (size before relaxing)
 .debug_str     0x00000e5a      0x133 .\CortexM0\ARM_GCC_541\Debug\CARD.a(CyFlash.o)
                                0x31c (size before relaxing)
 .debug_str     0x00000f8d      0x44e .\CortexM0\ARM_GCC_541\Debug\CARD.a(CyLib.o)
                                0x6b2 (size before relaxing)
 .debug_str     0x000013db      0x51d .\CortexM0\ARM_GCC_541\Debug\CARD.a(CyLFClk.o)
                                0x72b (size before relaxing)
 .debug_str     0x000018f8       0x45 .\CortexM0\ARM_GCC_541\Debug\CARD.a(USB_UART_SPI_UART_INT.o)
                                0x29f (size before relaxing)

.debug_loc      0x00000000     0x26c0
 *(.debug_loc)
 .debug_loc     0x00000000      0x172 .\CortexM0\ARM_GCC_541\Debug\main.o
 .debug_loc     0x00000172      0x10d .\CortexM0\ARM_GCC_541\Debug\usbserialprotocol.o
 .debug_loc     0x0000027f      0x782 .\CortexM0\ARM_GCC_541\Debug\aes.o
 .debug_loc     0x00000a01      0x13e .\CortexM0\ARM_GCC_541\Debug\SuperFastHash.o
 .debug_loc     0x00000b3f      0x1fe .\CortexM0\ARM_GCC_541\Debug\cyfitter_cfg.o
 .debug_loc     0x00000d3d      0x14f .\CortexM0\ARM_GCC_541\Debug\Cm0Start.o
 .debug_loc     0x00000e8c      0x1c2 .\CortexM0\ARM_GCC_541\Debug\CARD.a(USER_INFO.o)
 .debug_loc     0x0000104e       0x7e .\CortexM0\ARM_GCC_541\Debug\CARD.a(USB_UART.o)
 .debug_loc     0x000010cc      0x170 .\CortexM0\ARM_GCC_541\Debug\CARD.a(USB_UART_SPI_UART.o)
 .debug_loc     0x0000123c      0x184 .\CortexM0\ARM_GCC_541\Debug\CARD.a(USB_UART_UART.o)
 .debug_loc     0x000013c0       0x82 .\CortexM0\ARM_GCC_541\Debug\CARD.a(Reset_isr.o)
 .debug_loc     0x00001442       0xa2 .\CortexM0\ARM_GCC_541\Debug\CARD.a(SW1.o)
 .debug_loc     0x000014e4      0x21f .\CortexM0\ARM_GCC_541\Debug\CARD.a(CyFlash.o)
 .debug_loc     0x00001703      0x5cb .\CortexM0\ARM_GCC_541\Debug\CARD.a(CyLib.o)
 .debug_loc     0x00001cce      0x9b5 .\CortexM0\ARM_GCC_541\Debug\CARD.a(CyLFClk.o)
 .debug_loc     0x00002683       0x3d .\CortexM0\ARM_GCC_541\Debug\CARD.a(USB_UART_SPI_UART_INT.o)

.debug_macinfo
 *(.debug_macinfo)

.debug_ranges   0x00000000      0x640
 *(.debug_ranges)
 .debug_ranges  0x00000000       0x70 .\CortexM0\ARM_GCC_541\Debug\main.o
 .debug_ranges  0x00000070       0x28 .\CortexM0\ARM_GCC_541\Debug\usbserialprotocol.o
 .debug_ranges  0x00000098       0x90 .\CortexM0\ARM_GCC_541\Debug\aes.o
 .debug_ranges  0x00000128       0x18 .\CortexM0\ARM_GCC_541\Debug\SuperFastHash.o
 .debug_ranges  0x00000140       0x30 .\CortexM0\ARM_GCC_541\Debug\cyfitter_cfg.o
 .debug_ranges  0x00000170       0x38 .\CortexM0\ARM_GCC_541\Debug\Cm0Start.o
 .debug_ranges  0x000001a8       0x20 .\CortexM0\ARM_GCC_541\Debug\CARD.a(USER_INFO.o)
 .debug_ranges  0x000001c8       0x60 .\CortexM0\ARM_GCC_541\Debug\CARD.a(USB_UART.o)
 .debug_ranges  0x00000228       0x50 .\CortexM0\ARM_GCC_541\Debug\CARD.a(USB_UART_SPI_UART.o)
 .debug_ranges  0x00000278       0x50 .\CortexM0\ARM_GCC_541\Debug\CARD.a(USB_UART_UART.o)
 .debug_ranges  0x000002c8       0x70 .\CortexM0\ARM_GCC_541\Debug\CARD.a(Reset_isr.o)
 .debug_ranges  0x00000338       0x38 .\CortexM0\ARM_GCC_541\Debug\CARD.a(SW1.o)
 .debug_ranges  0x00000370       0x28 .\CortexM0\ARM_GCC_541\Debug\CARD.a(CyFlash.o)
 .debug_ranges  0x00000398      0x170 .\CortexM0\ARM_GCC_541\Debug\CARD.a(CyLib.o)
 .debug_ranges  0x00000508      0x128 .\CortexM0\ARM_GCC_541\Debug\CARD.a(CyLFClk.o)
 .debug_ranges  0x00000630       0x10 .\CortexM0\ARM_GCC_541\Debug\CARD.a(USB_UART_SPI_UART_INT.o)

.comment        0x00000000       0x6e
 .comment       0x00000000       0x6e .\CortexM0\ARM_GCC_541\Debug\main.o
                                 0x6f (size before relaxing)
 .comment       0x0000006e       0x6f .\CortexM0\ARM_GCC_541\Debug\usbserialprotocol.o
 .comment       0x0000006e       0x6f .\CortexM0\ARM_GCC_541\Debug\aes.o
 .comment       0x0000006e       0x6f .\CortexM0\ARM_GCC_541\Debug\SuperFastHash.o
 .comment       0x0000006e       0x6f .\CortexM0\ARM_GCC_541\Debug\cyfitter_cfg.o
 .comment       0x0000006e       0x6f .\CortexM0\ARM_GCC_541\Debug\cymetadata.o
 .comment       0x0000006e       0x6f .\CortexM0\ARM_GCC_541\Debug\Cm0Start.o
 .comment       0x0000006e       0x6f .\CortexM0\ARM_GCC_541\Debug\CARD.a(USER_INFO.o)
 .comment       0x0000006e       0x6f .\CortexM0\ARM_GCC_541\Debug\CARD.a(USB_UART.o)
 .comment       0x0000006e       0x6f .\CortexM0\ARM_GCC_541\Debug\CARD.a(USB_UART_SPI_UART.o)
 .comment       0x0000006e       0x6f .\CortexM0\ARM_GCC_541\Debug\CARD.a(USB_UART_UART.o)
 .comment       0x0000006e       0x6f .\CortexM0\ARM_GCC_541\Debug\CARD.a(Reset_isr.o)
 .comment       0x0000006e       0x6f .\CortexM0\ARM_GCC_541\Debug\CARD.a(SW1.o)
 .comment       0x0000006e       0x6f .\CortexM0\ARM_GCC_541\Debug\CARD.a(CyFlash.o)
 .comment       0x0000006e       0x6f .\CortexM0\ARM_GCC_541\Debug\CARD.a(CyLib.o)
 .comment       0x0000006e       0x6f .\CortexM0\ARM_GCC_541\Debug\CARD.a(CyLFClk.o)
 .comment       0x0000006e       0x6f .\CortexM0\ARM_GCC_541\Debug\CARD.a(USB_UART_SPI_UART_INT.o)

.debug_weaknames
 *(.debug_weaknames)

.debug_funcnames
 *(.debug_funcnames)

.debug_typenames
 *(.debug_typenames)

.debug_varnames
 *(.debug_varnames)

.note.gnu.arm.ident
 *(.note.gnu.arm.ident)

.ARM.attributes
                0x00000000       0x28
 *(.ARM.attributes)
 .ARM.attributes
                0x00000000       0x1e c:/program files (x86)/cypress/psoc creator/4.1/psoc creator/import/gnu/arm/5.4.1/bin/../lib/gcc/arm-none-eabi/5.4.1/armv6-m/crti.o
 .ARM.attributes
                0x0000001e       0x2c c:/program files (x86)/cypress/psoc creator/4.1/psoc creator/import/gnu/arm/5.4.1/bin/../lib/gcc/arm-none-eabi/5.4.1/armv6-m/crtbegin.o
 .ARM.attributes
                0x0000004a       0x1b c:/program files (x86)/cypress/psoc creator/4.1/psoc creator/import/gnu/arm/5.4.1/bin/../lib/gcc/arm-none-eabi/5.4.1/../../../../arm-none-eabi/lib/armv6-m/crt0.o
 .ARM.attributes
                0x00000065       0x31 .\CortexM0\ARM_GCC_541\Debug\main.o
 .ARM.attributes
                0x00000096       0x31 .\CortexM0\ARM_GCC_541\Debug\usbserialprotocol.o
 .ARM.attributes
                0x000000c7       0x31 .\CortexM0\ARM_GCC_541\Debug\aes.o
 .ARM.attributes
                0x000000f8       0x31 .\CortexM0\ARM_GCC_541\Debug\SuperFastHash.o
 .ARM.attributes
                0x00000129       0x31 .\CortexM0\ARM_GCC_541\Debug\cyfitter_cfg.o
 .ARM.attributes
                0x0000015a       0x31 .\CortexM0\ARM_GCC_541\Debug\cymetadata.o
 .ARM.attributes
                0x0000018b       0x31 .\CortexM0\ARM_GCC_541\Debug\Cm0Start.o
 .ARM.attributes
                0x000001bc       0x31 .\CortexM0\ARM_GCC_541\Debug\CARD.a(USER_INFO.o)
 .ARM.attributes
                0x000001ed       0x31 .\CortexM0\ARM_GCC_541\Debug\CARD.a(USB_UART.o)
 .ARM.attributes
                0x0000021e       0x31 .\CortexM0\ARM_GCC_541\Debug\CARD.a(USB_UART_SPI_UART.o)
 .ARM.attributes
                0x0000024f       0x31 .\CortexM0\ARM_GCC_541\Debug\CARD.a(USB_UART_UART.o)
 .ARM.attributes
                0x00000280       0x31 .\CortexM0\ARM_GCC_541\Debug\CARD.a(Reset_isr.o)
 .ARM.attributes
                0x000002b1       0x31 .\CortexM0\ARM_GCC_541\Debug\CARD.a(SW1.o)
 .ARM.attributes
                0x000002e2       0x31 .\CortexM0\ARM_GCC_541\Debug\CARD.a(CyFlash.o)
 .ARM.attributes
                0x00000313       0x31 .\CortexM0\ARM_GCC_541\Debug\CARD.a(CyLib.o)
 .ARM.attributes
                0x00000344       0x31 .\CortexM0\ARM_GCC_541\Debug\CARD.a(CyLFClk.o)
 .ARM.attributes
                0x00000375       0x21 .\CortexM0\ARM_GCC_541\Debug\CARD.a(CyBootAsmGnu.o)
 .ARM.attributes
                0x00000396       0x31 .\CortexM0\ARM_GCC_541\Debug\CARD.a(USB_UART_SPI_UART_INT.o)
 .ARM.attributes
                0x000003c7       0x1e c:/program files (x86)/cypress/psoc creator/4.1/psoc creator/import/gnu/arm/5.4.1/bin/../lib/gcc/arm-none-eabi/5.4.1/armv6-m\libgcc.a(_udivsi3.o)
 .ARM.attributes
                0x000003e5       0x1e c:/program files (x86)/cypress/psoc creator/4.1/psoc creator/import/gnu/arm/5.4.1/bin/../lib/gcc/arm-none-eabi/5.4.1/armv6-m\libgcc.a(_dvmd_tls.o)
 .ARM.attributes
                0x00000403       0x2c c:/program files (x86)/cypress/psoc creator/4.1/psoc creator/import/gnu/arm/5.4.1/bin/../lib/gcc/arm-none-eabi/5.4.1/../../../../arm-none-eabi/lib/armv6-m\libg_nano.a(lib_a-errno.o)
 .ARM.attributes
                0x0000042f       0x2c c:/program files (x86)/cypress/psoc creator/4.1/psoc creator/import/gnu/arm/5.4.1/bin/../lib/gcc/arm-none-eabi/5.4.1/../../../../arm-none-eabi/lib/armv6-m\libg_nano.a(lib_a-exit.o)
 .ARM.attributes
                0x0000045b       0x2c c:/program files (x86)/cypress/psoc creator/4.1/psoc creator/import/gnu/arm/5.4.1/bin/../lib/gcc/arm-none-eabi/5.4.1/../../../../arm-none-eabi/lib/armv6-m\libg_nano.a(lib_a-impure.o)
 .ARM.attributes
                0x00000487       0x2c c:/program files (x86)/cypress/psoc creator/4.1/psoc creator/import/gnu/arm/5.4.1/bin/../lib/gcc/arm-none-eabi/5.4.1/../../../../arm-none-eabi/lib/armv6-m\libg_nano.a(lib_a-init.o)
 .ARM.attributes
                0x000004b3       0x2c c:/program files (x86)/cypress/psoc creator/4.1/psoc creator/import/gnu/arm/5.4.1/bin/../lib/gcc/arm-none-eabi/5.4.1/../../../../arm-none-eabi/lib/armv6-m\libg_nano.a(lib_a-malloc.o)
 .ARM.attributes
                0x000004df       0x2c c:/program files (x86)/cypress/psoc creator/4.1/psoc creator/import/gnu/arm/5.4.1/bin/../lib/gcc/arm-none-eabi/5.4.1/../../../../arm-none-eabi/lib/armv6-m\libg_nano.a(lib_a-memcpy-stub.o)
 .ARM.attributes
                0x0000050b       0x2c c:/program files (x86)/cypress/psoc creator/4.1/psoc creator/import/gnu/arm/5.4.1/bin/../lib/gcc/arm-none-eabi/5.4.1/../../../../arm-none-eabi/lib/armv6-m\libg_nano.a(lib_a-memset.o)
 .ARM.attributes
                0x00000537       0x2c c:/program files (x86)/cypress/psoc creator/4.1/psoc creator/import/gnu/arm/5.4.1/bin/../lib/gcc/arm-none-eabi/5.4.1/../../../../arm-none-eabi/lib/armv6-m\libg_nano.a(lib_a-nano-freer.o)
 .ARM.attributes
                0x00000563       0x2c c:/program files (x86)/cypress/psoc creator/4.1/psoc creator/import/gnu/arm/5.4.1/bin/../lib/gcc/arm-none-eabi/5.4.1/../../../../arm-none-eabi/lib/armv6-m\libg_nano.a(lib_a-nano-mallocr.o)
 .ARM.attributes
                0x0000058f       0x2c c:/program files (x86)/cypress/psoc creator/4.1/psoc creator/import/gnu/arm/5.4.1/bin/../lib/gcc/arm-none-eabi/5.4.1/../../../../arm-none-eabi/lib/armv6-m\libg_nano.a(lib_a-sbrkr.o)
 .ARM.attributes
                0x000005bb       0x1c c:/program files (x86)/cypress/psoc creator/4.1/psoc creator/import/gnu/arm/5.4.1/bin/../lib/gcc/arm-none-eabi/5.4.1/../../../../arm-none-eabi/lib/armv6-m\libg_nano.a(lib_a-strcmp.o)
 .ARM.attributes
                0x000005d7       0x1c c:/program files (x86)/cypress/psoc creator/4.1/psoc creator/import/gnu/arm/5.4.1/bin/../lib/gcc/arm-none-eabi/5.4.1/../../../../arm-none-eabi/lib/armv6-m\libg_nano.a(lib_a-strlen.o)
 .ARM.attributes
                0x000005f3       0x2c c:/program files (x86)/cypress/psoc creator/4.1/psoc creator/import/gnu/arm/5.4.1/bin/../lib/gcc/arm-none-eabi/5.4.1/../../../../arm-none-eabi/lib/armv6-m\libg_nano.a(lib_a-strncat.o)
 .ARM.attributes
                0x0000061f       0x2c c:/program files (x86)/cypress/psoc creator/4.1/psoc creator/import/gnu/arm/5.4.1/bin/../lib/gcc/arm-none-eabi/5.4.1/../../../../arm-none-eabi/lib/armv6-m\libg_nano.a(lib_a-mlock.o)
 .ARM.attributes
                0x0000064b       0x2c c:/program files (x86)/cypress/psoc creator/4.1/psoc creator/import/gnu/arm/5.4.1/bin/../lib/gcc/arm-none-eabi/5.4.1/../../../../arm-none-eabi/lib/armv6-m\libg_nano.a(lib_a-reent.o)
 .ARM.attributes
                0x00000677       0x2c c:/program files (x86)/cypress/psoc creator/4.1/psoc creator/import/gnu/arm/5.4.1/bin/../lib/gcc/arm-none-eabi/5.4.1/armv6-m/crtend.o
 .ARM.attributes
                0x000006a3       0x1e c:/program files (x86)/cypress/psoc creator/4.1/psoc creator/import/gnu/arm/5.4.1/bin/../lib/gcc/arm-none-eabi/5.4.1/armv6-m/crtn.o

/DISCARD/
 *(.note.GNU-stack)
OUTPUT(C:\Users\Admin\Documents\GitHub\ectf\CARD.cydsn\CortexM0\ARM_GCC_541\Debug\CARD.elf elf32-littlearm)
