Archive member included to satisfy reference by file (symbol)

.\CortexM0\ARM_GCC_541\Debug\CARD.a(USER_INFO.o)
                              .\CortexM0\ARM_GCC_541\Debug\main.o (USER_INFO_Start)
.\CortexM0\ARM_GCC_541\Debug\CARD.a(USB_UART.o)
                              .\CortexM0\ARM_GCC_541\Debug\main.o (USB_UART_Start)
.\CortexM0\ARM_GCC_541\Debug\CARD.a(USB_UART_SPI_UART.o)
                              .\CortexM0\ARM_GCC_541\Debug\usbserialprotocol.o (USB_UART_SpiUartGetRxBufferSize)
.\CortexM0\ARM_GCC_541\Debug\CARD.a(USB_UART_UART.o)
                              .\CortexM0\ARM_GCC_541\Debug\CARD.a(USB_UART.o) (USB_UART_UartInit)
.\CortexM0\ARM_GCC_541\Debug\CARD.a(Reset_isr.o)
                              .\CortexM0\ARM_GCC_541\Debug\main.o (Reset_isr_StartEx)
.\CortexM0\ARM_GCC_541\Debug\CARD.a(SW1.o)
                              .\CortexM0\ARM_GCC_541\Debug\main.o (SW1_ClearInterrupt)
.\CortexM0\ARM_GCC_541\Debug\CARD.a(CyFlash.o)
                              .\CortexM0\ARM_GCC_541\Debug\CARD.a(USER_INFO.o) (CySysFlashWriteRow)
.\CortexM0\ARM_GCC_541\Debug\CARD.a(CyLFClk.o)
                              .\CortexM0\ARM_GCC_541\Debug\cyfitter_cfg.o (CySysWdtIsr)
.\CortexM0\ARM_GCC_541\Debug\CARD.a(CyBootAsmGnu.o)
                              .\CortexM0\ARM_GCC_541\Debug\main.o (CyDelayCycles)
.\CortexM0\ARM_GCC_541\Debug\CARD.a(USB_UART_SPI_UART_INT.o)
                              .\CortexM0\ARM_GCC_541\Debug\CARD.a(USB_UART_UART.o) (USB_UART_SPI_UART_ISR)
c:/program files (x86)/cypress/psoc creator/4.1/psoc creator/import/gnu/arm/5.4.1/bin/../lib/gcc/arm-none-eabi/5.4.1/armv6-m\libgcc.a(_udivsi3.o)
                              .\CortexM0\ARM_GCC_541\Debug\main.o (__aeabi_uidiv)
c:/program files (x86)/cypress/psoc creator/4.1/psoc creator/import/gnu/arm/5.4.1/bin/../lib/gcc/arm-none-eabi/5.4.1/armv6-m\libgcc.a(_dvmd_tls.o)
                              c:/program files (x86)/cypress/psoc creator/4.1/psoc creator/import/gnu/arm/5.4.1/bin/../lib/gcc/arm-none-eabi/5.4.1/armv6-m\libgcc.a(_udivsi3.o) (__aeabi_idiv0)
c:/program files (x86)/cypress/psoc creator/4.1/psoc creator/import/gnu/arm/5.4.1/bin/../lib/gcc/arm-none-eabi/5.4.1/../../../../arm-none-eabi/lib/armv6-m\libg_nano.a(lib_a-errno.o)
                              .\CortexM0\ARM_GCC_541\Debug\Cm0Start.o (__errno)
c:/program files (x86)/cypress/psoc creator/4.1/psoc creator/import/gnu/arm/5.4.1/bin/../lib/gcc/arm-none-eabi/5.4.1/../../../../arm-none-eabi/lib/armv6-m\libg_nano.a(lib_a-exit.o)
                              c:/program files (x86)/cypress/psoc creator/4.1/psoc creator/import/gnu/arm/5.4.1/bin/../lib/gcc/arm-none-eabi/5.4.1/../../../../arm-none-eabi/lib/armv6-m/crt0.o (exit)
c:/program files (x86)/cypress/psoc creator/4.1/psoc creator/import/gnu/arm/5.4.1/bin/../lib/gcc/arm-none-eabi/5.4.1/../../../../arm-none-eabi/lib/armv6-m\libg_nano.a(lib_a-impure.o)
                              c:/program files (x86)/cypress/psoc creator/4.1/psoc creator/import/gnu/arm/5.4.1/bin/../lib/gcc/arm-none-eabi/5.4.1/../../../../arm-none-eabi/lib/armv6-m\libg_nano.a(lib_a-exit.o) (_global_impure_ptr)
c:/program files (x86)/cypress/psoc creator/4.1/psoc creator/import/gnu/arm/5.4.1/bin/../lib/gcc/arm-none-eabi/5.4.1/../../../../arm-none-eabi/lib/armv6-m\libg_nano.a(lib_a-init.o)
                              c:/program files (x86)/cypress/psoc creator/4.1/psoc creator/import/gnu/arm/5.4.1/bin/../lib/gcc/arm-none-eabi/5.4.1/../../../../arm-none-eabi/lib/armv6-m/crt0.o (__libc_init_array)
c:/program files (x86)/cypress/psoc creator/4.1/psoc creator/import/gnu/arm/5.4.1/bin/../lib/gcc/arm-none-eabi/5.4.1/../../../../arm-none-eabi/lib/armv6-m\libg_nano.a(lib_a-memcpy-stub.o)
                              .\CortexM0\ARM_GCC_541\Debug\aes.o (memcpy)
c:/program files (x86)/cypress/psoc creator/4.1/psoc creator/import/gnu/arm/5.4.1/bin/../lib/gcc/arm-none-eabi/5.4.1/../../../../arm-none-eabi/lib/armv6-m\libg_nano.a(lib_a-memset.o)
                              c:/program files (x86)/cypress/psoc creator/4.1/psoc creator/import/gnu/arm/5.4.1/bin/../lib/gcc/arm-none-eabi/5.4.1/../../../../arm-none-eabi/lib/armv6-m/crt0.o (memset)
c:/program files (x86)/cypress/psoc creator/4.1/psoc creator/import/gnu/arm/5.4.1/bin/../lib/gcc/arm-none-eabi/5.4.1/../../../../arm-none-eabi/lib/armv6-m\libg_nano.a(lib_a-strcmp.o)
                              .\CortexM0\ARM_GCC_541\Debug\usbserialprotocol.o (strcmp)
c:/program files (x86)/cypress/psoc creator/4.1/psoc creator/import/gnu/arm/5.4.1/bin/../lib/gcc/arm-none-eabi/5.4.1/../../../../arm-none-eabi/lib/armv6-m\libg_nano.a(lib_a-strlen.o)
                              .\CortexM0\ARM_GCC_541\Debug\main.o (strlen)

Allocating common symbols
Common symbol       size              file

USB_UART_txBufferTail
                    0x4               .\CortexM0\ARM_GCC_541\Debug\CARD.a(USB_UART_SPI_UART.o)
USB_UART_rxBufferTail
                    0x4               .\CortexM0\ARM_GCC_541\Debug\CARD.a(USB_UART_SPI_UART.o)
USB_UART_txBufferInternal
                    0x80              .\CortexM0\ARM_GCC_541\Debug\CARD.a(USB_UART_SPI_UART.o)
USB_UART_rxBufferHead
                    0x4               .\CortexM0\ARM_GCC_541\Debug\CARD.a(USB_UART_SPI_UART.o)
USB_UART_txBufferHead
                    0x4               .\CortexM0\ARM_GCC_541\Debug\CARD.a(USB_UART_SPI_UART.o)
USB_UART_rxBufferInternal
                    0x81              .\CortexM0\ARM_GCC_541\Debug\CARD.a(USB_UART_SPI_UART.o)
USB_UART_rxBufferOverflow
                    0x1               .\CortexM0\ARM_GCC_541\Debug\CARD.a(USB_UART_SPI_UART.o)

Discarded input sections

 .text          0x00000000        0x0 c:/program files (x86)/cypress/psoc creator/4.1/psoc creator/import/gnu/arm/5.4.1/bin/../lib/gcc/arm-none-eabi/5.4.1/armv6-m/crti.o
 .data          0x00000000        0x0 c:/program files (x86)/cypress/psoc creator/4.1/psoc creator/import/gnu/arm/5.4.1/bin/../lib/gcc/arm-none-eabi/5.4.1/armv6-m/crti.o
 .bss           0x00000000        0x0 c:/program files (x86)/cypress/psoc creator/4.1/psoc creator/import/gnu/arm/5.4.1/bin/../lib/gcc/arm-none-eabi/5.4.1/armv6-m/crti.o
 .data          0x00000000        0x4 c:/program files (x86)/cypress/psoc creator/4.1/psoc creator/import/gnu/arm/5.4.1/bin/../lib/gcc/arm-none-eabi/5.4.1/armv6-m/crtbegin.o
 .text          0x00000000       0x78 c:/program files (x86)/cypress/psoc creator/4.1/psoc creator/import/gnu/arm/5.4.1/bin/../lib/gcc/arm-none-eabi/5.4.1/../../../../arm-none-eabi/lib/armv6-m/crt0.o
 .data          0x00000000        0x0 c:/program files (x86)/cypress/psoc creator/4.1/psoc creator/import/gnu/arm/5.4.1/bin/../lib/gcc/arm-none-eabi/5.4.1/../../../../arm-none-eabi/lib/armv6-m/crt0.o
 .bss           0x00000000        0x0 c:/program files (x86)/cypress/psoc creator/4.1/psoc creator/import/gnu/arm/5.4.1/bin/../lib/gcc/arm-none-eabi/5.4.1/../../../../arm-none-eabi/lib/armv6-m/crt0.o
 .ARM.extab     0x00000000        0x0 c:/program files (x86)/cypress/psoc creator/4.1/psoc creator/import/gnu/arm/5.4.1/bin/../lib/gcc/arm-none-eabi/5.4.1/../../../../arm-none-eabi/lib/armv6-m/crt0.o
 .ARM.exidx     0x00000000        0x8 c:/program files (x86)/cypress/psoc creator/4.1/psoc creator/import/gnu/arm/5.4.1/bin/../lib/gcc/arm-none-eabi/5.4.1/../../../../arm-none-eabi/lib/armv6-m/crt0.o
 .text          0x00000000        0x0 .\CortexM0\ARM_GCC_541\Debug\main.o
 .bss           0x00000000       0x18 .\CortexM0\ARM_GCC_541\Debug\main.o
 .text.CySysClkImoStart
                0x00000000       0x14 .\CortexM0\ARM_GCC_541\Debug\main.o
 .text.CySysClkImoStop
                0x00000000       0x10 .\CortexM0\ARM_GCC_541\Debug\main.o
 .text.CySysClkWriteHfclkDirect
                0x00000000       0x20 .\CortexM0\ARM_GCC_541\Debug\main.o
 .text.CySysEnablePumpClock
                0x00000000       0x38 .\CortexM0\ARM_GCC_541\Debug\main.o
 .text.CySysClkGetSysclkSource
                0x00000000       0x1c .\CortexM0\ARM_GCC_541\Debug\main.o
 .text.CySysClkWriteSysclkDiv
                0x00000000       0x30 .\CortexM0\ARM_GCC_541\Debug\main.o
 .text.CySysLvdDisable
                0x00000000       0x20 .\CortexM0\ARM_GCC_541\Debug\main.o
 .text.CySysLvdGetInterruptSource
                0x00000000       0x10 .\CortexM0\ARM_GCC_541\Debug\main.o
 .text.CySysLvdClearInterrupt
                0x00000000        0xc .\CortexM0\ARM_GCC_541\Debug\main.o
 .text.CySysGetResetReason
                0x00000000       0x14 .\CortexM0\ARM_GCC_541\Debug\main.o
 .text.CyDisableInts
                0x00000000       0x10 .\CortexM0\ARM_GCC_541\Debug\main.o
 .text.CyEnableInts
                0x00000000        0xc .\CortexM0\ARM_GCC_541\Debug\main.o
 .text.CyIntGetState
                0x00000000       0x18 .\CortexM0\ARM_GCC_541\Debug\main.o
 .text.CyIntSetPending
                0x00000000       0x14 .\CortexM0\ARM_GCC_541\Debug\main.o
 .text.CyIntClearPending
                0x00000000       0x14 .\CortexM0\ARM_GCC_541\Debug\main.o
 .text.CyIntSetSysVector
                0x00000000       0x20 .\CortexM0\ARM_GCC_541\Debug\main.o
 .text.CyIntGetSysVector
                0x00000000       0x1c .\CortexM0\ARM_GCC_541\Debug\main.o
 .text.CyIntGetVector
                0x00000000       0x20 .\CortexM0\ARM_GCC_541\Debug\main.o
 .text.CyIntGetPriority
                0x00000000       0x2c .\CortexM0\ARM_GCC_541\Debug\main.o
 .text.CyDelay  0x00000000       0x30 .\CortexM0\ARM_GCC_541\Debug\main.o
 .text.CySysLvdEnable
                0x00000000       0x44 .\CortexM0\ARM_GCC_541\Debug\main.o
 .text.CyDelayFreq
                0x00000000       0x4c .\CortexM0\ARM_GCC_541\Debug\main.o
 .text.CySysTickStop
                0x00000000       0x10 .\CortexM0\ARM_GCC_541\Debug\main.o
 .text.CySysTickEnableInterrupt
                0x00000000       0x10 .\CortexM0\ARM_GCC_541\Debug\main.o
 .text.CySysTickEnable
                0x00000000       0x18 .\CortexM0\ARM_GCC_541\Debug\main.o
 .text.CySysTickDisableInterrupt
                0x00000000       0x10 .\CortexM0\ARM_GCC_541\Debug\main.o
 .text.CySysTickSetReload
                0x00000000       0x10 .\CortexM0\ARM_GCC_541\Debug\main.o
 .text.CySysTickGetReload
                0x00000000       0x10 .\CortexM0\ARM_GCC_541\Debug\main.o
 .text.CySysTickGetValue
                0x00000000       0x10 .\CortexM0\ARM_GCC_541\Debug\main.o
 .text.CySysTickGetCountFlag
                0x00000000       0x10 .\CortexM0\ARM_GCC_541\Debug\main.o
 .text.CySysTickServiceCallbacks
                0x00000000       0x28 .\CortexM0\ARM_GCC_541\Debug\main.o
 .text.CySysTickClear
                0x00000000        0xc .\CortexM0\ARM_GCC_541\Debug\main.o
 .text.CySysTickInit
                0x00000000       0x44 .\CortexM0\ARM_GCC_541\Debug\main.o
 .text.CySysTickStart
                0x00000000       0x20 .\CortexM0\ARM_GCC_541\Debug\main.o
 .text.CySysTickSetCallback
                0x00000000       0x10 .\CortexM0\ARM_GCC_541\Debug\main.o
 .text.CySysTickGetCallback
                0x00000000        0xc .\CortexM0\ARM_GCC_541\Debug\main.o
 .text          0x00000000        0x0 .\CortexM0\ARM_GCC_541\Debug\usbserialprotocol.o
 .data          0x00000000        0x0 .\CortexM0\ARM_GCC_541\Debug\usbserialprotocol.o
 .bss           0x00000000        0x0 .\CortexM0\ARM_GCC_541\Debug\usbserialprotocol.o
 .text          0x00000000        0x0 .\CortexM0\ARM_GCC_541\Debug\aes.o
 .data          0x00000000        0x0 .\CortexM0\ARM_GCC_541\Debug\aes.o
 .bss           0x00000000        0x0 .\CortexM0\ARM_GCC_541\Debug\aes.o
 .text.InvMixColumns
                0x00000000      0x184 .\CortexM0\ARM_GCC_541\Debug\aes.o
 .text.InvSubBytes
                0x00000000       0x30 .\CortexM0\ARM_GCC_541\Debug\aes.o
 .text.InvShiftRows
                0x00000000       0x34 .\CortexM0\ARM_GCC_541\Debug\aes.o
 .text.InvCipher
                0x00000000       0x50 .\CortexM0\ARM_GCC_541\Debug\aes.o
 .text.AES_init_ctx_iv
                0x00000000       0x18 .\CortexM0\ARM_GCC_541\Debug\aes.o
 .text.AES_CBC_decrypt_buffer
                0x00000000       0x4c .\CortexM0\ARM_GCC_541\Debug\aes.o
 .text          0x00000000        0x0 .\CortexM0\ARM_GCC_541\Debug\cyfitter_cfg.o
 .data          0x00000000        0x0 .\CortexM0\ARM_GCC_541\Debug\cyfitter_cfg.o
 .bss           0x00000000        0x0 .\CortexM0\ARM_GCC_541\Debug\cyfitter_cfg.o
 .text          0x00000000        0x0 .\CortexM0\ARM_GCC_541\Debug\cymetadata.o
 .data          0x00000000        0x0 .\CortexM0\ARM_GCC_541\Debug\cymetadata.o
 .bss           0x00000000        0x0 .\CortexM0\ARM_GCC_541\Debug\cymetadata.o
 .text          0x00000000        0x0 .\CortexM0\ARM_GCC_541\Debug\Cm0Start.o
 .data          0x00000000        0x4 .\CortexM0\ARM_GCC_541\Debug\Cm0Start.o
 .bss           0x00000000        0x0 .\CortexM0\ARM_GCC_541\Debug\Cm0Start.o
 .text._exit    0x00000000        0xc .\CortexM0\ARM_GCC_541\Debug\Cm0Start.o
 .text._sbrk    0x00000000       0x34 .\CortexM0\ARM_GCC_541\Debug\Cm0Start.o
 .text          0x00000000        0x0 .\CortexM0\ARM_GCC_541\Debug\CARD.a(USER_INFO.o)
 .data          0x00000000        0x0 .\CortexM0\ARM_GCC_541\Debug\CARD.a(USER_INFO.o)
 .bss           0x00000000        0x0 .\CortexM0\ARM_GCC_541\Debug\CARD.a(USER_INFO.o)
 .text.USER_INFO_Stop
                0x00000000        0x4 .\CortexM0\ARM_GCC_541\Debug\CARD.a(USER_INFO.o)
 .text          0x00000000        0x0 .\CortexM0\ARM_GCC_541\Debug\CARD.a(USB_UART.o)
 .data          0x00000000        0x0 .\CortexM0\ARM_GCC_541\Debug\CARD.a(USB_UART.o)
 .text.USB_UART_ScbModeStop
                0x00000000        0x8 .\CortexM0\ARM_GCC_541\Debug\CARD.a(USB_UART.o)
 .text.USB_UART_Stop
                0x00000000       0x2c .\CortexM0\ARM_GCC_541\Debug\CARD.a(USB_UART.o)
 .text.USB_UART_SetRxFifoLevel
                0x00000000       0x14 .\CortexM0\ARM_GCC_541\Debug\CARD.a(USB_UART.o)
 .text.USB_UART_SetTxFifoLevel
                0x00000000       0x14 .\CortexM0\ARM_GCC_541\Debug\CARD.a(USB_UART.o)
 .text.USB_UART_SetCustomInterruptHandler
                0x00000000        0xc .\CortexM0\ARM_GCC_541\Debug\CARD.a(USB_UART.o)
 .text.USB_UART_I2CSlaveNackGeneration
                0x00000000       0x3c .\CortexM0\ARM_GCC_541\Debug\CARD.a(USB_UART.o)
 .text          0x00000000        0x0 .\CortexM0\ARM_GCC_541\Debug\CARD.a(USB_UART_SPI_UART.o)
 .data          0x00000000        0x0 .\CortexM0\ARM_GCC_541\Debug\CARD.a(USB_UART_SPI_UART.o)
 .bss           0x00000000        0x0 .\CortexM0\ARM_GCC_541\Debug\CARD.a(USB_UART_SPI_UART.o)
 .text.USB_UART_SpiUartClearRxBuffer
                0x00000000       0x54 .\CortexM0\ARM_GCC_541\Debug\CARD.a(USB_UART_SPI_UART.o)
 .text.USB_UART_SpiUartPutArray
                0x00000000       0x18 .\CortexM0\ARM_GCC_541\Debug\CARD.a(USB_UART_SPI_UART.o)
 .text.USB_UART_SpiUartGetTxBufferSize
                0x00000000       0x28 .\CortexM0\ARM_GCC_541\Debug\CARD.a(USB_UART_SPI_UART.o)
 .text.USB_UART_SpiUartClearTxBuffer
                0x00000000       0x58 .\CortexM0\ARM_GCC_541\Debug\CARD.a(USB_UART_SPI_UART.o)
 .text.USB_UART_SpiUartDisableIntRx
                0x00000000       0x10 .\CortexM0\ARM_GCC_541\Debug\CARD.a(USB_UART_SPI_UART.o)
 .text.USB_UART_SpiUartDisableIntTx
                0x00000000       0x10 .\CortexM0\ARM_GCC_541\Debug\CARD.a(USB_UART_SPI_UART.o)
 .text          0x00000000        0x0 .\CortexM0\ARM_GCC_541\Debug\CARD.a(USB_UART_UART.o)
 .data          0x00000000        0x0 .\CortexM0\ARM_GCC_541\Debug\CARD.a(USB_UART_UART.o)
 .bss           0x00000000        0x0 .\CortexM0\ARM_GCC_541\Debug\CARD.a(USB_UART_UART.o)
 .text.USB_UART_UartStop
                0x00000000       0x28 .\CortexM0\ARM_GCC_541\Debug\CARD.a(USB_UART_UART.o)
 .text.USB_UART_UartSetRxAddress
                0x00000000       0x14 .\CortexM0\ARM_GCC_541\Debug\CARD.a(USB_UART_UART.o)
 .text.USB_UART_UartSetRxAddressMask
                0x00000000       0x18 .\CortexM0\ARM_GCC_541\Debug\CARD.a(USB_UART_UART.o)
 .text.USB_UART_UartGetChar
                0x00000000       0x2c .\CortexM0\ARM_GCC_541\Debug\CARD.a(USB_UART_UART.o)
 .text.USB_UART_UartPutString
                0x00000000       0x18 .\CortexM0\ARM_GCC_541\Debug\CARD.a(USB_UART_UART.o)
 .text.USB_UART_UartPutCRLF
                0x00000000       0x14 .\CortexM0\ARM_GCC_541\Debug\CARD.a(USB_UART_UART.o)
 .text          0x00000000        0x0 .\CortexM0\ARM_GCC_541\Debug\CARD.a(Reset_isr.o)
 .data          0x00000000        0x0 .\CortexM0\ARM_GCC_541\Debug\CARD.a(Reset_isr.o)
 .bss           0x00000000        0x0 .\CortexM0\ARM_GCC_541\Debug\CARD.a(Reset_isr.o)
 .text.Reset_isr_Interrupt
                0x00000000        0x4 .\CortexM0\ARM_GCC_541\Debug\CARD.a(Reset_isr.o)
 .text.Reset_isr_GetVector
                0x00000000        0xc .\CortexM0\ARM_GCC_541\Debug\CARD.a(Reset_isr.o)
 .text.Reset_isr_GetPriority
                0x00000000       0x10 .\CortexM0\ARM_GCC_541\Debug\CARD.a(Reset_isr.o)
 .text.Reset_isr_GetState
                0x00000000       0x10 .\CortexM0\ARM_GCC_541\Debug\CARD.a(Reset_isr.o)
 .text.Reset_isr_Start
                0x00000000       0x1c .\CortexM0\ARM_GCC_541\Debug\CARD.a(Reset_isr.o)
 .text.Reset_isr_Stop
                0x00000000       0x14 .\CortexM0\ARM_GCC_541\Debug\CARD.a(Reset_isr.o)
 .text.Reset_isr_SetPending
                0x00000000        0xc .\CortexM0\ARM_GCC_541\Debug\CARD.a(Reset_isr.o)
 .text.Reset_isr_ClearPending
                0x00000000        0xc .\CortexM0\ARM_GCC_541\Debug\CARD.a(Reset_isr.o)
 .text          0x00000000        0x0 .\CortexM0\ARM_GCC_541\Debug\CARD.a(SW1.o)
 .data          0x00000000        0x0 .\CortexM0\ARM_GCC_541\Debug\CARD.a(SW1.o)
 .bss           0x00000000        0x0 .\CortexM0\ARM_GCC_541\Debug\CARD.a(SW1.o)
 .text.SW1_SetDriveMode
                0x00000000       0x18 .\CortexM0\ARM_GCC_541\Debug\CARD.a(SW1.o)
 .text.SW1_Write
                0x00000000       0x18 .\CortexM0\ARM_GCC_541\Debug\CARD.a(SW1.o)
 .text.SW1_Read
                0x00000000       0x10 .\CortexM0\ARM_GCC_541\Debug\CARD.a(SW1.o)
 .text.SW1_ReadDataReg
                0x00000000       0x10 .\CortexM0\ARM_GCC_541\Debug\CARD.a(SW1.o)
 .text.SW1_SetInterruptMode
                0x00000000       0x14 .\CortexM0\ARM_GCC_541\Debug\CARD.a(SW1.o)
 .text          0x00000000        0x0 .\CortexM0\ARM_GCC_541\Debug\CARD.a(CyFlash.o)
 .data          0x00000000        0x0 .\CortexM0\ARM_GCC_541\Debug\CARD.a(CyFlash.o)
 .text.CySysFlashSetWaitCycles
                0x00000000       0x34 .\CortexM0\ARM_GCC_541\Debug\CARD.a(CyFlash.o)
 .text          0x00000000        0x0 .\CortexM0\ARM_GCC_541\Debug\CARD.a(CyLFClk.o)
 .text.CySysClkIloEnabled
                0x00000000       0x14 .\CortexM0\ARM_GCC_541\Debug\CARD.a(CyLFClk.o)
 .text.CySysClkIloStart
                0x00000000       0x14 .\CortexM0\ARM_GCC_541\Debug\CARD.a(CyLFClk.o)
 .text.CySysClkIloStartMeasurement
                0x00000000       0x34 .\CortexM0\ARM_GCC_541\Debug\CARD.a(CyLFClk.o)
 .text.CySysClkIloStopMeasurement
                0x00000000       0x14 .\CortexM0\ARM_GCC_541\Debug\CARD.a(CyLFClk.o)
 .text.CySysClkIloCompensate
                0x00000000      0x104 .\CortexM0\ARM_GCC_541\Debug\CARD.a(CyLFClk.o)
 .text.CySysWdtGetEnabledStatus
                0x00000000       0x24 .\CortexM0\ARM_GCC_541\Debug\CARD.a(CyLFClk.o)
 .text.CySysWdtSetMode
                0x00000000       0x38 .\CortexM0\ARM_GCC_541\Debug\CARD.a(CyLFClk.o)
 .text.CySysClkLfclkPosedgeRestore
                0x00000000       0x2c .\CortexM0\ARM_GCC_541\Debug\CARD.a(CyLFClk.o)
 .text.CySysWdtGetMode
                0x00000000       0x14 .\CortexM0\ARM_GCC_541\Debug\CARD.a(CyLFClk.o)
 .text.CySysWdtSetClearOnMatch
                0x00000000       0x34 .\CortexM0\ARM_GCC_541\Debug\CARD.a(CyLFClk.o)
 .text.CySysWdtGetClearOnMatch
                0x00000000       0x24 .\CortexM0\ARM_GCC_541\Debug\CARD.a(CyLFClk.o)
 .text.CySysWdtEnable
                0x00000000       0x40 .\CortexM0\ARM_GCC_541\Debug\CARD.a(CyLFClk.o)
 .text.CySysWdtDisable
                0x00000000       0x44 .\CortexM0\ARM_GCC_541\Debug\CARD.a(CyLFClk.o)
 .text.CySysWdtSetCascade
                0x00000000       0x34 .\CortexM0\ARM_GCC_541\Debug\CARD.a(CyLFClk.o)
 .text.CySysWdtGetCascade
                0x00000000       0x14 .\CortexM0\ARM_GCC_541\Debug\CARD.a(CyLFClk.o)
 .text.CySysWdtSetMatch
                0x00000000       0x38 .\CortexM0\ARM_GCC_541\Debug\CARD.a(CyLFClk.o)
 .text.CySysWdtSetToggleBit
                0x00000000       0x30 .\CortexM0\ARM_GCC_541\Debug\CARD.a(CyLFClk.o)
 .text.CySysWdtGetToggleBit
                0x00000000       0x10 .\CortexM0\ARM_GCC_541\Debug\CARD.a(CyLFClk.o)
 .text.CySysWdtGetMatch
                0x00000000       0x20 .\CortexM0\ARM_GCC_541\Debug\CARD.a(CyLFClk.o)
 .text.CySysWdtGetCount
                0x00000000       0x3c .\CortexM0\ARM_GCC_541\Debug\CARD.a(CyLFClk.o)
 .text.CySysClkLfclkPosedgeCatch
                0x00000000       0x74 .\CortexM0\ARM_GCC_541\Debug\CARD.a(CyLFClk.o)
 .text.CySysClkIloStop
                0x00000000       0x38 .\CortexM0\ARM_GCC_541\Debug\CARD.a(CyLFClk.o)
 .text.CySysWdtGetInterruptSource
                0x00000000       0x14 .\CortexM0\ARM_GCC_541\Debug\CARD.a(CyLFClk.o)
 .text.CySysWdtResetCounters
                0x00000000       0x20 .\CortexM0\ARM_GCC_541\Debug\CARD.a(CyLFClk.o)
 .text.CySysWdtSetInterruptCallback
                0x00000000       0x20 .\CortexM0\ARM_GCC_541\Debug\CARD.a(CyLFClk.o)
 .text.CySysWdtGetInterruptCallback
                0x00000000       0x20 .\CortexM0\ARM_GCC_541\Debug\CARD.a(CyLFClk.o)
 .text.CySysWdtEnableCounterIsr
                0x00000000       0x34 .\CortexM0\ARM_GCC_541\Debug\CARD.a(CyLFClk.o)
 .text.CySysWdtDisableCounterIsr
                0x00000000       0x28 .\CortexM0\ARM_GCC_541\Debug\CARD.a(CyLFClk.o)
 .text.CySysWatchdogFeed
                0x00000000       0x60 .\CortexM0\ARM_GCC_541\Debug\CARD.a(CyLFClk.o)
 .text.CySysTimerDelayUntilMatch
                0x00000000       0x6c .\CortexM0\ARM_GCC_541\Debug\CARD.a(CyLFClk.o)
 .text.CySysTimerDelay
                0x00000000       0x3c .\CortexM0\ARM_GCC_541\Debug\CARD.a(CyLFClk.o)
 .rodata        0x00000000        0xc .\CortexM0\ARM_GCC_541\Debug\CARD.a(CyLFClk.o)
 .data          0x00000000        0x0 .\CortexM0\ARM_GCC_541\Debug\CARD.a(CyBootAsmGnu.o)
 .bss           0x00000000        0x0 .\CortexM0\ARM_GCC_541\Debug\CARD.a(CyBootAsmGnu.o)
 .text          0x00000000        0x0 .\CortexM0\ARM_GCC_541\Debug\CARD.a(USB_UART_SPI_UART_INT.o)
 .data          0x00000000        0x0 .\CortexM0\ARM_GCC_541\Debug\CARD.a(USB_UART_SPI_UART_INT.o)
 .bss           0x00000000        0x0 .\CortexM0\ARM_GCC_541\Debug\CARD.a(USB_UART_SPI_UART_INT.o)
 .text          0x00000000      0x114 c:/program files (x86)/cypress/psoc creator/4.1/psoc creator/import/gnu/arm/5.4.1/bin/../lib/gcc/arm-none-eabi/5.4.1/armv6-m\libgcc.a(_udivsi3.o)
 .data          0x00000000        0x0 c:/program files (x86)/cypress/psoc creator/4.1/psoc creator/import/gnu/arm/5.4.1/bin/../lib/gcc/arm-none-eabi/5.4.1/armv6-m\libgcc.a(_udivsi3.o)
 .bss           0x00000000        0x0 c:/program files (x86)/cypress/psoc creator/4.1/psoc creator/import/gnu/arm/5.4.1/bin/../lib/gcc/arm-none-eabi/5.4.1/armv6-m\libgcc.a(_udivsi3.o)
 .text          0x00000000        0x4 c:/program files (x86)/cypress/psoc creator/4.1/psoc creator/import/gnu/arm/5.4.1/bin/../lib/gcc/arm-none-eabi/5.4.1/armv6-m\libgcc.a(_dvmd_tls.o)
 .data          0x00000000        0x0 c:/program files (x86)/cypress/psoc creator/4.1/psoc creator/import/gnu/arm/5.4.1/bin/../lib/gcc/arm-none-eabi/5.4.1/armv6-m\libgcc.a(_dvmd_tls.o)
 .bss           0x00000000        0x0 c:/program files (x86)/cypress/psoc creator/4.1/psoc creator/import/gnu/arm/5.4.1/bin/../lib/gcc/arm-none-eabi/5.4.1/armv6-m\libgcc.a(_dvmd_tls.o)
 .text          0x00000000        0x0 c:/program files (x86)/cypress/psoc creator/4.1/psoc creator/import/gnu/arm/5.4.1/bin/../lib/gcc/arm-none-eabi/5.4.1/../../../../arm-none-eabi/lib/armv6-m\libg_nano.a(lib_a-errno.o)
 .data          0x00000000        0x0 c:/program files (x86)/cypress/psoc creator/4.1/psoc creator/import/gnu/arm/5.4.1/bin/../lib/gcc/arm-none-eabi/5.4.1/../../../../arm-none-eabi/lib/armv6-m\libg_nano.a(lib_a-errno.o)
 .bss           0x00000000        0x0 c:/program files (x86)/cypress/psoc creator/4.1/psoc creator/import/gnu/arm/5.4.1/bin/../lib/gcc/arm-none-eabi/5.4.1/../../../../arm-none-eabi/lib/armv6-m\libg_nano.a(lib_a-errno.o)
 .text          0x00000000        0x0 c:/program files (x86)/cypress/psoc creator/4.1/psoc creator/import/gnu/arm/5.4.1/bin/../lib/gcc/arm-none-eabi/5.4.1/../../../../arm-none-eabi/lib/armv6-m\libg_nano.a(lib_a-exit.o)
 .data          0x00000000        0x0 c:/program files (x86)/cypress/psoc creator/4.1/psoc creator/import/gnu/arm/5.4.1/bin/../lib/gcc/arm-none-eabi/5.4.1/../../../../arm-none-eabi/lib/armv6-m\libg_nano.a(lib_a-exit.o)
 .bss           0x00000000        0x0 c:/program files (x86)/cypress/psoc creator/4.1/psoc creator/import/gnu/arm/5.4.1/bin/../lib/gcc/arm-none-eabi/5.4.1/../../../../arm-none-eabi/lib/armv6-m\libg_nano.a(lib_a-exit.o)
 .text.exit     0x00000000       0x2c c:/program files (x86)/cypress/psoc creator/4.1/psoc creator/import/gnu/arm/5.4.1/bin/../lib/gcc/arm-none-eabi/5.4.1/../../../../arm-none-eabi/lib/armv6-m\libg_nano.a(lib_a-exit.o)
 .text          0x00000000        0x0 c:/program files (x86)/cypress/psoc creator/4.1/psoc creator/import/gnu/arm/5.4.1/bin/../lib/gcc/arm-none-eabi/5.4.1/../../../../arm-none-eabi/lib/armv6-m\libg_nano.a(lib_a-impure.o)
 .data          0x00000000        0x0 c:/program files (x86)/cypress/psoc creator/4.1/psoc creator/import/gnu/arm/5.4.1/bin/../lib/gcc/arm-none-eabi/5.4.1/../../../../arm-none-eabi/lib/armv6-m\libg_nano.a(lib_a-impure.o)
 .bss           0x00000000        0x0 c:/program files (x86)/cypress/psoc creator/4.1/psoc creator/import/gnu/arm/5.4.1/bin/../lib/gcc/arm-none-eabi/5.4.1/../../../../arm-none-eabi/lib/armv6-m\libg_nano.a(lib_a-impure.o)
 .rodata._global_impure_ptr
                0x00000000        0x4 c:/program files (x86)/cypress/psoc creator/4.1/psoc creator/import/gnu/arm/5.4.1/bin/../lib/gcc/arm-none-eabi/5.4.1/../../../../arm-none-eabi/lib/armv6-m\libg_nano.a(lib_a-impure.o)
 .text          0x00000000        0x0 c:/program files (x86)/cypress/psoc creator/4.1/psoc creator/import/gnu/arm/5.4.1/bin/../lib/gcc/arm-none-eabi/5.4.1/../../../../arm-none-eabi/lib/armv6-m\libg_nano.a(lib_a-init.o)
 .data          0x00000000        0x0 c:/program files (x86)/cypress/psoc creator/4.1/psoc creator/import/gnu/arm/5.4.1/bin/../lib/gcc/arm-none-eabi/5.4.1/../../../../arm-none-eabi/lib/armv6-m\libg_nano.a(lib_a-init.o)
 .bss           0x00000000        0x0 c:/program files (x86)/cypress/psoc creator/4.1/psoc creator/import/gnu/arm/5.4.1/bin/../lib/gcc/arm-none-eabi/5.4.1/../../../../arm-none-eabi/lib/armv6-m\libg_nano.a(lib_a-init.o)
 .text          0x00000000        0x0 c:/program files (x86)/cypress/psoc creator/4.1/psoc creator/import/gnu/arm/5.4.1/bin/../lib/gcc/arm-none-eabi/5.4.1/../../../../arm-none-eabi/lib/armv6-m\libg_nano.a(lib_a-memcpy-stub.o)
 .data          0x00000000        0x0 c:/program files (x86)/cypress/psoc creator/4.1/psoc creator/import/gnu/arm/5.4.1/bin/../lib/gcc/arm-none-eabi/5.4.1/../../../../arm-none-eabi/lib/armv6-m\libg_nano.a(lib_a-memcpy-stub.o)
 .bss           0x00000000        0x0 c:/program files (x86)/cypress/psoc creator/4.1/psoc creator/import/gnu/arm/5.4.1/bin/../lib/gcc/arm-none-eabi/5.4.1/../../../../arm-none-eabi/lib/armv6-m\libg_nano.a(lib_a-memcpy-stub.o)
 .text          0x00000000        0x0 c:/program files (x86)/cypress/psoc creator/4.1/psoc creator/import/gnu/arm/5.4.1/bin/../lib/gcc/arm-none-eabi/5.4.1/../../../../arm-none-eabi/lib/armv6-m\libg_nano.a(lib_a-memset.o)
 .data          0x00000000        0x0 c:/program files (x86)/cypress/psoc creator/4.1/psoc creator/import/gnu/arm/5.4.1/bin/../lib/gcc/arm-none-eabi/5.4.1/../../../../arm-none-eabi/lib/armv6-m\libg_nano.a(lib_a-memset.o)
 .bss           0x00000000        0x0 c:/program files (x86)/cypress/psoc creator/4.1/psoc creator/import/gnu/arm/5.4.1/bin/../lib/gcc/arm-none-eabi/5.4.1/../../../../arm-none-eabi/lib/armv6-m\libg_nano.a(lib_a-memset.o)
 .data          0x00000000        0x0 c:/program files (x86)/cypress/psoc creator/4.1/psoc creator/import/gnu/arm/5.4.1/bin/../lib/gcc/arm-none-eabi/5.4.1/../../../../arm-none-eabi/lib/armv6-m\libg_nano.a(lib_a-strcmp.o)
 .bss           0x00000000        0x0 c:/program files (x86)/cypress/psoc creator/4.1/psoc creator/import/gnu/arm/5.4.1/bin/../lib/gcc/arm-none-eabi/5.4.1/../../../../arm-none-eabi/lib/armv6-m\libg_nano.a(lib_a-strcmp.o)
 .data          0x00000000        0x0 c:/program files (x86)/cypress/psoc creator/4.1/psoc creator/import/gnu/arm/5.4.1/bin/../lib/gcc/arm-none-eabi/5.4.1/../../../../arm-none-eabi/lib/armv6-m\libg_nano.a(lib_a-strlen.o)
 .bss           0x00000000        0x0 c:/program files (x86)/cypress/psoc creator/4.1/psoc creator/import/gnu/arm/5.4.1/bin/../lib/gcc/arm-none-eabi/5.4.1/../../../../arm-none-eabi/lib/armv6-m\libg_nano.a(lib_a-strlen.o)
 .text          0x00000000        0x0 c:/program files (x86)/cypress/psoc creator/4.1/psoc creator/import/gnu/arm/5.4.1/bin/../lib/gcc/arm-none-eabi/5.4.1/armv6-m/crtend.o
 .data          0x00000000        0x0 c:/program files (x86)/cypress/psoc creator/4.1/psoc creator/import/gnu/arm/5.4.1/bin/../lib/gcc/arm-none-eabi/5.4.1/armv6-m/crtend.o
 .bss           0x00000000        0x0 c:/program files (x86)/cypress/psoc creator/4.1/psoc creator/import/gnu/arm/5.4.1/bin/../lib/gcc/arm-none-eabi/5.4.1/armv6-m/crtend.o
 .text          0x00000000        0x0 c:/program files (x86)/cypress/psoc creator/4.1/psoc creator/import/gnu/arm/5.4.1/bin/../lib/gcc/arm-none-eabi/5.4.1/armv6-m/crtn.o
 .data          0x00000000        0x0 c:/program files (x86)/cypress/psoc creator/4.1/psoc creator/import/gnu/arm/5.4.1/bin/../lib/gcc/arm-none-eabi/5.4.1/armv6-m/crtn.o
 .bss           0x00000000        0x0 c:/program files (x86)/cypress/psoc creator/4.1/psoc creator/import/gnu/arm/5.4.1/bin/../lib/gcc/arm-none-eabi/5.4.1/armv6-m/crtn.o

Memory Configuration

Name             Origin             Length             Attributes
rom              0x00000000         0x00008000         xr
ram              0x20000000         0x00001000         xrw
*default*        0x00000000         0xffffffff

Linker script and memory map

LOAD c:/program files (x86)/cypress/psoc creator/4.1/psoc creator/import/gnu/arm/5.4.1/bin/../lib/gcc/arm-none-eabi/5.4.1/armv6-m/crti.o
LOAD c:/program files (x86)/cypress/psoc creator/4.1/psoc creator/import/gnu/arm/5.4.1/bin/../lib/gcc/arm-none-eabi/5.4.1/armv6-m/crtbegin.o
LOAD c:/program files (x86)/cypress/psoc creator/4.1/psoc creator/import/gnu/arm/5.4.1/bin/../lib/gcc/arm-none-eabi/5.4.1/../../../../arm-none-eabi/lib/armv6-m/crt0.o
START GROUP
LOAD .\CortexM0\ARM_GCC_541\Debug\main.o
LOAD .\CortexM0\ARM_GCC_541\Debug\usbserialprotocol.o
LOAD .\CortexM0\ARM_GCC_541\Debug\aes.o
LOAD .\CortexM0\ARM_GCC_541\Debug\cyfitter_cfg.o
LOAD .\CortexM0\ARM_GCC_541\Debug\cymetadata.o
LOAD .\CortexM0\ARM_GCC_541\Debug\Cm0Start.o
LOAD .\CortexM0\ARM_GCC_541\Debug\CARD.a
LOAD C:\Program Files (x86)\Cypress\PSoC Creator\4.1\PSoC Creator\psoc\content\cycomponentlibrary\CyComponentLibrary.cylib\CortexM0\ARM_GCC_541\Debug\CyComponentLibrary.a
END GROUP
START GROUP
LOAD c:/program files (x86)/cypress/psoc creator/4.1/psoc creator/import/gnu/arm/5.4.1/bin/../lib/gcc/arm-none-eabi/5.4.1/armv6-m\libgcc.a
LOAD c:/program files (x86)/cypress/psoc creator/4.1/psoc creator/import/gnu/arm/5.4.1/bin/../lib/gcc/arm-none-eabi/5.4.1/../../../../arm-none-eabi/lib/armv6-m\libg_nano.a
LOAD c:/program files (x86)/cypress/psoc creator/4.1/psoc creator/import/gnu/arm/5.4.1/bin/../lib/gcc/arm-none-eabi/5.4.1/../../../../arm-none-eabi/lib/armv6-m\libc_nano.a
END GROUP
START GROUP
LOAD c:/program files (x86)/cypress/psoc creator/4.1/psoc creator/import/gnu/arm/5.4.1/bin/../lib/gcc/arm-none-eabi/5.4.1/armv6-m\libgcc.a
LOAD c:/program files (x86)/cypress/psoc creator/4.1/psoc creator/import/gnu/arm/5.4.1/bin/../lib/gcc/arm-none-eabi/5.4.1/../../../../arm-none-eabi/lib/armv6-m\libc_nano.a
END GROUP
LOAD c:/program files (x86)/cypress/psoc creator/4.1/psoc creator/import/gnu/arm/5.4.1/bin/../lib/gcc/arm-none-eabi/5.4.1/armv6-m/crtend.o
LOAD c:/program files (x86)/cypress/psoc creator/4.1/psoc creator/import/gnu/arm/5.4.1/bin/../lib/gcc/arm-none-eabi/5.4.1/armv6-m/crtn.o
START GROUP
LOAD c:/program files (x86)/cypress/psoc creator/4.1/psoc creator/import/gnu/arm/5.4.1/bin/../lib/gcc/arm-none-eabi/5.4.1/armv6-m\libgcc.a
LOAD c:/program files (x86)/cypress/psoc creator/4.1/psoc creator/import/gnu/arm/5.4.1/bin/../lib/gcc/arm-none-eabi/5.4.1/../../../../arm-none-eabi/lib/armv6-m\libc.a
LOAD c:/program files (x86)/cypress/psoc creator/4.1/psoc creator/import/gnu/arm/5.4.1/bin/../lib/gcc/arm-none-eabi/5.4.1/../../../../arm-none-eabi/lib/armv6-m\libnosys.a
END GROUP
                0x00000000                CY_APPL_ORIGIN = 0x0
                0x00000080                CY_FLASH_ROW_SIZE = 0x80
                0x00000001                CY_APPL_NUM = 0x1
                0x00000001                CY_APPL_MAX = 0x1
                0x00000040                CY_METADATA_SIZE = 0x40
                0x00000000                CY_APPL_LOADABLE = 0x0
                0x00000000                CY_CHECKSUM_EXCLUDE_SIZE = ALIGN (0x0, CY_FLASH_ROW_SIZE)
                0x00000000                CY_APP_FOR_STACK_AND_COPIER = 0x0
                [!provide]                PROVIDE (__cy_heap_start, _end)
                0x00000001                PROVIDE (__cy_region_num, ((__cy_regions_end - __cy_regions) / 0x10))
                0x20001000                PROVIDE (__cy_stack, (ORIGIN (ram) + LENGTH (ram)))
                [!provide]                PROVIDE (__cy_heap_end, (__cy_stack - 0x400))

.cybootloader   0x00000000        0x0
 *(.cybootloader)
                0x00000000                appl1_start = CY_APPL_ORIGIN?CY_APPL_ORIGIN:ALIGN (CY_FLASH_ROW_SIZE)
                0x00003f80                appl2_start = (appl1_start + ALIGN ((((LENGTH (rom) - appl1_start) - (0x2 * CY_FLASH_ROW_SIZE)) / 0x2), CY_FLASH_ROW_SIZE))
                0x00000000                appl_start = (CY_APPL_NUM == 0x1)?appl1_start:appl2_start
                0x00000001                cy_project_type_bootloader = (appl_start == 0x0)?0x1:0x0
                0x00000000                cy_project_type_app_for_stack_and_copier = (CY_APP_FOR_STACK_AND_COPIER == 0x1)?0x1:0x0

.text           0x00000000     0x1324
 CREATE_OBJECT_SYMBOLS
                0x00000000                PROVIDE (__cy_interrupt_vector, RomVectors)
 *(.romvectors)
 .romvectors    0x00000000       0x10 .\CortexM0\ARM_GCC_541\Debug\Cm0Start.o
                0x00000000                RomVectors
                0x00000001                ASSERT ((. != __cy_interrupt_vector), No interrupt vector)
                0x00000001                ASSERT (CY_APPL_ORIGIN?(SIZEOF (.cybootloader) <= CY_APPL_ORIGIN):0x1, Wrong image location)
                0x00000010                PROVIDE (__cy_reset, Reset)
 *(.text.Reset)
 .text.Reset    0x00000010        0x8 .\CortexM0\ARM_GCC_541\Debug\Cm0Start.o
                0x00000010                Reset
                0x00000001                ASSERT ((. != __cy_reset), No reset code)
 *(.psocinit)
 .psocinit      0x00000018      0x200 .\CortexM0\ARM_GCC_541\Debug\cyfitter_cfg.o
                0x000000a8                cyfitter_cfg
                0x00000218                . = MAX (., 0x100)
 *(.text .text.* .gnu.linkonce.t.*)
 .text          0x00000218       0x60 c:/program files (x86)/cypress/psoc creator/4.1/psoc creator/import/gnu/arm/5.4.1/bin/../lib/gcc/arm-none-eabi/5.4.1/armv6-m/crtbegin.o
 .text.CyIntEnable
                0x00000278       0x14 .\CortexM0\ARM_GCC_541\Debug\main.o
                0x00000278                CyIntEnable
 .text.CyIntDisable
                0x0000028c       0x14 .\CortexM0\ARM_GCC_541\Debug\main.o
                0x0000028c                CyIntDisable
 .text.CyHalt   0x000002a0        0x4 .\CortexM0\ARM_GCC_541\Debug\main.o
                0x000002a0                CyHalt
 .text.CyIntSetVector
                0x000002a4       0x24 .\CortexM0\ARM_GCC_541\Debug\main.o
                0x000002a4                CyIntSetVector
 .text.CyIntSetPriority
                0x000002c8       0x4c .\CortexM0\ARM_GCC_541\Debug\main.o
                0x000002c8                CyIntSetPriority
 .text.CySoftwareReset
                0x00000314       0x18 .\CortexM0\ARM_GCC_541\Debug\main.o
                0x00000314                CySoftwareReset
 .text.Reset_ISR
                0x0000032c       0x18 .\CortexM0\ARM_GCC_541\Debug\main.o
                0x0000032c                Reset_ISR
 .text.CyDelayUs
                0x00000344       0x14 .\CortexM0\ARM_GCC_541\Debug\main.o
                0x00000344                CyDelayUs
 .text.CySysClkWriteImoFreq
                0x00000358      0x164 .\CortexM0\ARM_GCC_541\Debug\main.o
                0x00000358                CySysClkWriteImoFreq
 .text.CyGetUniqueId
                0x000004bc       0x70 .\CortexM0\ARM_GCC_541\Debug\main.o
                0x000004bc                CyGetUniqueId
 .text.provision
                0x0000052c       0x5c .\CortexM0\ARM_GCC_541\Debug\main.o
                0x0000052c                provision
 .text.main     0x00000588       0x9c .\CortexM0\ARM_GCC_541\Debug\main.o
                0x00000588                main
 .text.getValidByte
                0x00000624       0x14 .\CortexM0\ARM_GCC_541\Debug\usbserialprotocol.o
                0x00000624                getValidByte
 .text.pushMessage
                0x00000638       0x20 .\CortexM0\ARM_GCC_541\Debug\usbserialprotocol.o
                0x00000638                pushMessage
 .text.pullMessage
                0x00000658       0x28 .\CortexM0\ARM_GCC_541\Debug\usbserialprotocol.o
                0x00000658                pullMessage
 .text.syncConnection
                0x00000680       0x74 .\CortexM0\ARM_GCC_541\Debug\usbserialprotocol.o
                0x00000680                syncConnection
 .text.KeyExpansion
                0x000006f4       0xd8 .\CortexM0\ARM_GCC_541\Debug\aes.o
 .text.AddRoundKey
                0x000007cc       0x30 .\CortexM0\ARM_GCC_541\Debug\aes.o
 .text.SubBytes
                0x000007fc       0x2c .\CortexM0\ARM_GCC_541\Debug\aes.o
 .text.ShiftRows
                0x00000828       0x34 .\CortexM0\ARM_GCC_541\Debug\aes.o
 .text.xtime    0x0000085c       0x14 .\CortexM0\ARM_GCC_541\Debug\aes.o
 .text.MixColumns
                0x00000870       0x84 .\CortexM0\ARM_GCC_541\Debug\aes.o
 .text.Cipher   0x000008f4       0x50 .\CortexM0\ARM_GCC_541\Debug\aes.o
 .text.XorWithIv
                0x00000944       0x1c .\CortexM0\ARM_GCC_541\Debug\aes.o
 .text.AES_init_ctx
                0x00000960        0x8 .\CortexM0\ARM_GCC_541\Debug\aes.o
                0x00000960                AES_init_ctx
 .text.AES_ctx_set_iv
                0x00000968        0xc .\CortexM0\ARM_GCC_541\Debug\aes.o
                0x00000968                AES_ctx_set_iv
 .text.AES_CBC_encrypt_buffer
                0x00000974       0x40 .\CortexM0\ARM_GCC_541\Debug\aes.o
                0x00000974                AES_CBC_encrypt_buffer
 .text.cfg_write_bytes32
                0x000009b4       0x34 .\CortexM0\ARM_GCC_541\Debug\cyfitter_cfg.o
 .text.CYMEMZERO
                0x000009e8        0xc .\CortexM0\ARM_GCC_541\Debug\cyfitter_cfg.o
 .text.CYCONFIGCPYCODE
                0x000009f4        0x8 .\CortexM0\ARM_GCC_541\Debug\cyfitter_cfg.o
 .text.IntDefaultHandler
                0x000009fc       0x10 .\CortexM0\ARM_GCC_541\Debug\Cm0Start.o
                0x000009fc                IntDefaultHandler
 .text.Start_c  0x00000a0c       0x48 .\CortexM0\ARM_GCC_541\Debug\Cm0Start.o
                0x00000a0c                Start_c
 .text.initialize_psoc
                0x00000a54       0x40 .\CortexM0\ARM_GCC_541\Debug\Cm0Start.o
                0x00000a54                initialize_psoc
 .text.USER_INFO_Start
                0x00000a94        0x4 .\CortexM0\ARM_GCC_541\Debug\CARD.a(USER_INFO.o)
                0x00000a94                USER_INFO_Start
 .text.USER_INFO_Write
                0x00000a98       0x84 .\CortexM0\ARM_GCC_541\Debug\CARD.a(USER_INFO.o)
                0x00000a98                USER_INFO_Write
 .text.USB_UART_ScbEnableIntr
                0x00000b1c        0xc .\CortexM0\ARM_GCC_541\Debug\CARD.a(USB_UART.o)
 .text.USB_UART_ScbModePostEnable
                0x00000b28        0x8 .\CortexM0\ARM_GCC_541\Debug\CARD.a(USB_UART.o)
 .text.USB_UART_Init
                0x00000b30        0x8 .\CortexM0\ARM_GCC_541\Debug\CARD.a(USB_UART.o)
                0x00000b30                USB_UART_Init
 .text.USB_UART_Enable
                0x00000b38       0x1c .\CortexM0\ARM_GCC_541\Debug\CARD.a(USB_UART.o)
                0x00000b38                USB_UART_Enable
 .text.USB_UART_Start
                0x00000b54       0x20 .\CortexM0\ARM_GCC_541\Debug\CARD.a(USB_UART.o)
                0x00000b54                USB_UART_Start
 .text.USB_UART_SpiUartReadRxData
                0x00000b74       0x34 .\CortexM0\ARM_GCC_541\Debug\CARD.a(USB_UART_SPI_UART.o)
                0x00000b74                USB_UART_SpiUartReadRxData
 .text.USB_UART_SpiUartGetRxBufferSize
                0x00000ba8       0x28 .\CortexM0\ARM_GCC_541\Debug\CARD.a(USB_UART_SPI_UART.o)
                0x00000ba8                USB_UART_SpiUartGetRxBufferSize
 .text.USB_UART_SpiUartWriteTxData
                0x00000bd0       0x70 .\CortexM0\ARM_GCC_541\Debug\CARD.a(USB_UART_SPI_UART.o)
                0x00000bd0                USB_UART_SpiUartWriteTxData
 .text.USB_UART_UartInit
                0x00000c40       0xdc .\CortexM0\ARM_GCC_541\Debug\CARD.a(USB_UART_UART.o)
                0x00000c40                USB_UART_UartInit
 .text.USB_UART_UartPostEnable
                0x00000d1c       0x24 .\CortexM0\ARM_GCC_541\Debug\CARD.a(USB_UART_UART.o)
                0x00000d1c                USB_UART_UartPostEnable
 .text.USB_UART_UartGetByte
                0x00000d40       0x4c .\CortexM0\ARM_GCC_541\Debug\CARD.a(USB_UART_UART.o)
                0x00000d40                USB_UART_UartGetByte
 .text.Reset_isr_SetVector
                0x00000d8c        0xc .\CortexM0\ARM_GCC_541\Debug\CARD.a(Reset_isr.o)
                0x00000d8c                Reset_isr_SetVector
 .text.Reset_isr_SetPriority
                0x00000d98       0x20 .\CortexM0\ARM_GCC_541\Debug\CARD.a(Reset_isr.o)
                0x00000d98                Reset_isr_SetPriority
 .text.Reset_isr_Enable
                0x00000db8        0xc .\CortexM0\ARM_GCC_541\Debug\CARD.a(Reset_isr.o)
                0x00000db8                Reset_isr_Enable
 .text.Reset_isr_Disable
                0x00000dc4        0xc .\CortexM0\ARM_GCC_541\Debug\CARD.a(Reset_isr.o)
                0x00000dc4                Reset_isr_Disable
 .text.Reset_isr_StartEx
                0x00000dd0       0x1c .\CortexM0\ARM_GCC_541\Debug\CARD.a(Reset_isr.o)
                0x00000dd0                Reset_isr_StartEx
 .text.SW1_ClearInterrupt
                0x00000dec       0x14 .\CortexM0\ARM_GCC_541\Debug\CARD.a(SW1.o)
                0x00000dec                SW1_ClearInterrupt
 .text.CySysFlashClockBackup
                0x00000e00       0x14 .\CortexM0\ARM_GCC_541\Debug\CARD.a(CyFlash.o)
 .text.CySysFlashClockRestore
                0x00000e14       0x14 .\CortexM0\ARM_GCC_541\Debug\CARD.a(CyFlash.o)
 .text.CySysFlashWriteRow
                0x00000e28      0x208 .\CortexM0\ARM_GCC_541\Debug\CARD.a(CyFlash.o)
                0x00000e28                CySysFlashWriteRow
 .text.CySysWdtLocked
                0x00001030       0x14 .\CortexM0\ARM_GCC_541\Debug\CARD.a(CyLFClk.o)
 .text.CySysWdtLock
                0x00001044       0x1c .\CortexM0\ARM_GCC_541\Debug\CARD.a(CyLFClk.o)
                0x00001044                CySysWdtLock
 .text.CySysWdtUnlock
                0x00001060       0x30 .\CortexM0\ARM_GCC_541\Debug\CARD.a(CyLFClk.o)
                0x00001060                CySysWdtUnlock
 .text.CySysWdtClearInterrupt
                0x00001090       0x4c .\CortexM0\ARM_GCC_541\Debug\CARD.a(CyLFClk.o)
                0x00001090                CySysWdtClearInterrupt
 .text.CySysWdtIsr
                0x000010dc       0xa4 .\CortexM0\ARM_GCC_541\Debug\CARD.a(CyLFClk.o)
                0x000010dc                CySysWdtIsr
 .text          0x00001180       0x24 .\CortexM0\ARM_GCC_541\Debug\CARD.a(CyBootAsmGnu.o)
                0x00001180                CyDelayCycles
                0x00001194                CyEnterCriticalSection
                0x0000119c                CyExitCriticalSection
 .text.USB_UART_SPI_UART_ISR
                0x000011a4       0xe4 .\CortexM0\ARM_GCC_541\Debug\CARD.a(USB_UART_SPI_UART_INT.o)
                0x000011a4                USB_UART_SPI_UART_ISR
 .text.__errno  0x00001288        0xc c:/program files (x86)/cypress/psoc creator/4.1/psoc creator/import/gnu/arm/5.4.1/bin/../lib/gcc/arm-none-eabi/5.4.1/../../../../arm-none-eabi/lib/armv6-m\libg_nano.a(lib_a-errno.o)
                0x00001288                __errno
 .text.__libc_init_array
                0x00001294       0x4c c:/program files (x86)/cypress/psoc creator/4.1/psoc creator/import/gnu/arm/5.4.1/bin/../lib/gcc/arm-none-eabi/5.4.1/../../../../arm-none-eabi/lib/armv6-m\libg_nano.a(lib_a-init.o)
                0x00001294                __libc_init_array
 .text.memcpy   0x000012e0       0x12 c:/program files (x86)/cypress/psoc creator/4.1/psoc creator/import/gnu/arm/5.4.1/bin/../lib/gcc/arm-none-eabi/5.4.1/../../../../arm-none-eabi/lib/armv6-m\libg_nano.a(lib_a-memcpy-stub.o)
                0x000012e0                memcpy
 .text.memset   0x000012f2       0x10 c:/program files (x86)/cypress/psoc creator/4.1/psoc creator/import/gnu/arm/5.4.1/bin/../lib/gcc/arm-none-eabi/5.4.1/../../../../arm-none-eabi/lib/armv6-m\libg_nano.a(lib_a-memset.o)
                0x000012f2                memset
 .text          0x00001302       0x14 c:/program files (x86)/cypress/psoc creator/4.1/psoc creator/import/gnu/arm/5.4.1/bin/../lib/gcc/arm-none-eabi/5.4.1/../../../../arm-none-eabi/lib/armv6-m\libg_nano.a(lib_a-strcmp.o)
                0x00001302                strcmp
 .text          0x00001316        0xe c:/program files (x86)/cypress/psoc creator/4.1/psoc creator/import/gnu/arm/5.4.1/bin/../lib/gcc/arm-none-eabi/5.4.1/../../../../arm-none-eabi/lib/armv6-m\libg_nano.a(lib_a-strlen.o)
                0x00001316                strlen
 *(.plt)
 *(.gnu.warning)
 *(.glue_7t)
 .glue_7t       0x00001324        0x0 linker stubs
 *(.glue_7)
 .glue_7        0x00001324        0x0 linker stubs
 *(.vfp11_veneer)
 .vfp11_veneer  0x00001324        0x0 linker stubs
 *(.bootloader)
 *(.ARM.extab* .gnu.linkonce.armextab.*)
 *(.gcc_except_table)

.v4_bx          0x00001324        0x0
 .v4_bx         0x00001324        0x0 linker stubs

.iplt           0x00001324        0x0
 .iplt          0x00001324        0x0 c:/program files (x86)/cypress/psoc creator/4.1/psoc creator/import/gnu/arm/5.4.1/bin/../lib/gcc/arm-none-eabi/5.4.1/armv6-m/crtbegin.o

.eh_frame_hdr
 *(.eh_frame_hdr)

.eh_frame       0x00001324        0x4
 *(.eh_frame)
 .eh_frame      0x00001324        0x0 c:/program files (x86)/cypress/psoc creator/4.1/psoc creator/import/gnu/arm/5.4.1/bin/../lib/gcc/arm-none-eabi/5.4.1/armv6-m/crtbegin.o
 .eh_frame      0x00001324        0x4 c:/program files (x86)/cypress/psoc creator/4.1/psoc creator/import/gnu/arm/5.4.1/bin/../lib/gcc/arm-none-eabi/5.4.1/armv6-m/crtend.o
                [!provide]                PROVIDE (__exidx_start, .)

.ARM.exidx
 *(.ARM.exidx* .gnu.linkonce.armexidx.*)
                0x00001328                __exidx_end = .

.rodata         0x00001328      0x5c8
 *(.rodata .rodata.* .gnu.linkonce.r.*)
 .rodata        0x00001328       0x55 .\CortexM0\ARM_GCC_541\Debug\main.o
                0x00001328                cyImoFreqMhz2Reg
 *fill*         0x0000137d        0x3 
 .rodata.str1.4
                0x00001380       0x16 .\CortexM0\ARM_GCC_541\Debug\main.o
 *fill*         0x00001396        0x2 
 .rodata.str1.4
                0x00001398       0x1c .\CortexM0\ARM_GCC_541\Debug\usbserialprotocol.o
                                 0x1b (size before relaxing)
 .rodata        0x000013b4      0x20c .\CortexM0\ARM_GCC_541\Debug\aes.o
 .rodata        0x000015c0      0x2f8 .\CortexM0\ARM_GCC_541\Debug\cyfitter_cfg.o
 .rodata.str1.1
                0x000018b8        0x2 c:/program files (x86)/cypress/psoc creator/4.1/psoc creator/import/gnu/arm/5.4.1/bin/../lib/gcc/arm-none-eabi/5.4.1/../../../../arm-none-eabi/lib/armv6-m\libg_nano.a(lib_a-impure.o)
                0x000018bc                . = ALIGN (0x4)
 *fill*         0x000018ba        0x2 
 *(.init)
 .init          0x000018bc        0x4 c:/program files (x86)/cypress/psoc creator/4.1/psoc creator/import/gnu/arm/5.4.1/bin/../lib/gcc/arm-none-eabi/5.4.1/armv6-m/crti.o
                0x000018bc                _init
 .init          0x000018c0        0x8 c:/program files (x86)/cypress/psoc creator/4.1/psoc creator/import/gnu/arm/5.4.1/bin/../lib/gcc/arm-none-eabi/5.4.1/armv6-m/crtn.o
                0x000018c8                . = ALIGN (0x4)
                0x000018c8                __preinit_array_start = .
 *(.preinit_array)
                0x000018c8                __preinit_array_end = .
                0x000018c8                . = ALIGN (0x4)
                0x000018c8                __init_array_start = .
 *(SORT(.init_array.*))
 *(.init_array)
 .init_array    0x000018c8        0x4 c:/program files (x86)/cypress/psoc creator/4.1/psoc creator/import/gnu/arm/5.4.1/bin/../lib/gcc/arm-none-eabi/5.4.1/armv6-m/crtbegin.o
 .init_array    0x000018cc        0x4 .\CortexM0\ARM_GCC_541\Debug\Cm0Start.o
                0x000018d0                __init_array_end = .
                0x000018d0                . = ALIGN (0x4)
 *(.fini)
 .fini          0x000018d0        0x4 c:/program files (x86)/cypress/psoc creator/4.1/psoc creator/import/gnu/arm/5.4.1/bin/../lib/gcc/arm-none-eabi/5.4.1/armv6-m/crti.o
                0x000018d0                _fini
 .fini          0x000018d4        0x8 c:/program files (x86)/cypress/psoc creator/4.1/psoc creator/import/gnu/arm/5.4.1/bin/../lib/gcc/arm-none-eabi/5.4.1/armv6-m/crtn.o
                0x000018dc                . = ALIGN (0x4)
                0x000018dc                __fini_array_start = .
 *(.fini_array)
 .fini_array    0x000018dc        0x4 c:/program files (x86)/cypress/psoc creator/4.1/psoc creator/import/gnu/arm/5.4.1/bin/../lib/gcc/arm-none-eabi/5.4.1/armv6-m/crtbegin.o
 *(SORT(.fini_array.*))
                0x000018e0                __fini_array_end = .
                0x000018e0                . = ALIGN (0x4)
 *crtbegin.o(.ctors)
 *(EXCLUDE_FILE(*crtend.o) .ctors)
 *(SORT(.ctors.*))
 *crtend.o(.ctors)
                0x000018e0                . = ALIGN (0x4)
 *crtbegin.o(.dtors)
 *(EXCLUDE_FILE(*crtend.o) .dtors)
 *(SORT(.dtors.*))
 *crtend.o(.dtors)
                0x000018e0                . = ALIGN (0x4)
                0x000018e0                __cy_regions = .
                0x000018e0        0x4 LONG 0x18f0 __cy_region_init_ram
                0x000018e4        0x4 LONG 0x200000c0 __cy_region_start_data
                0x000018e8        0x4 LONG 0x80 __cy_region_init_size_ram
                0x000018ec        0x4 LONG 0x160 __cy_region_zero_size_ram
                0x000018f0                __cy_regions_end = .
                0x000018f0                . = ALIGN (0x8)
                0x000018f0                _etext = .

.cy_checksum_exclude
                0x000018f0        0x0
 *(.cy_checksum_exclude)

.ramvectors     0x20000000       0xc0
                0x20000000                __cy_region_start_ram = .
 *(.ramvectors)
 .ramvectors    0x20000000       0xc0 .\CortexM0\ARM_GCC_541\Debug\Cm0Start.o
                0x20000000                CyRamVectors

.noinit
 *(.noinit)

.data           0x200000c0       0x80 load address 0x000018f0
                0x200000c0                __cy_region_start_data = .
 *(.jcr)
 .jcr           0x200000c0        0x0 c:/program files (x86)/cypress/psoc creator/4.1/psoc creator/import/gnu/arm/5.4.1/bin/../lib/gcc/arm-none-eabi/5.4.1/armv6-m/crtbegin.o
 .jcr           0x200000c0        0x4 c:/program files (x86)/cypress/psoc creator/4.1/psoc creator/import/gnu/arm/5.4.1/bin/../lib/gcc/arm-none-eabi/5.4.1/armv6-m/crtend.o
 *(.got.plt)
 *(.got)
 *(.shdata)
 *(.data .data.* .gnu.linkonce.d.*)
 .data          0x200000c4       0x14 .\CortexM0\ARM_GCC_541\Debug\main.o
                0x200000c4                CySysClkPumpConfig
                0x200000c8                cydelay32kMs
                0x200000cc                cydelayFreqKhz
                0x200000d0                cydelayFreqMhz
                0x200000d4                cydelayFreqHz
 .data          0x200000d8        0x4 .\CortexM0\ARM_GCC_541\Debug\CARD.a(CyLFClk.o)
 .data.impure_data
                0x200000dc       0x60 c:/program files (x86)/cypress/psoc creator/4.1/psoc creator/import/gnu/arm/5.4.1/bin/../lib/gcc/arm-none-eabi/5.4.1/../../../../arm-none-eabi/lib/armv6-m\libg_nano.a(lib_a-impure.o)
 .data._impure_ptr
                0x2000013c        0x4 c:/program files (x86)/cypress/psoc creator/4.1/psoc creator/import/gnu/arm/5.4.1/bin/../lib/gcc/arm-none-eabi/5.4.1/../../../../arm-none-eabi/lib/armv6-m\libg_nano.a(lib_a-impure.o)
                0x2000013c                _impure_ptr
                0x20000140                . = ALIGN (0x8)
 *(.ram)
                0x20000140                _edata = .

.igot.plt       0x20000140        0x0 load address 0x00001970
 .igot.plt      0x20000140        0x0 c:/program files (x86)/cypress/psoc creator/4.1/psoc creator/import/gnu/arm/5.4.1/bin/../lib/gcc/arm-none-eabi/5.4.1/armv6-m/crtbegin.o

.bss            0x20000140      0x160 load address 0x00001970
                0x20000140                PROVIDE (__bss_start__, .)
 *(.shbss)
 *(.bss .bss.* .gnu.linkonce.b.*)
 .bss           0x20000140       0x1c c:/program files (x86)/cypress/psoc creator/4.1/psoc creator/import/gnu/arm/5.4.1/bin/../lib/gcc/arm-none-eabi/5.4.1/armv6-m/crtbegin.o
 .bss           0x2000015c        0xa .\CortexM0\ARM_GCC_541\Debug\CARD.a(USB_UART.o)
                0x2000015c                USB_UART_initVar
                0x20000160                USB_UART_customIntrHandler
                0x20000164                USB_UART_IntrTxMask
 *fill*         0x20000166        0x2 
 .bss           0x20000168        0x4 .\CortexM0\ARM_GCC_541\Debug\CARD.a(CyFlash.o)
 .bss           0x2000016c       0x20 .\CortexM0\ARM_GCC_541\Debug\CARD.a(CyLFClk.o)
 *(COMMON)
 COMMON         0x2000018c      0x112 .\CortexM0\ARM_GCC_541\Debug\CARD.a(USB_UART_SPI_UART.o)
                0x2000018c                USB_UART_txBufferTail
                0x20000190                USB_UART_rxBufferTail
                0x20000194                USB_UART_txBufferInternal
                0x20000214                USB_UART_rxBufferHead
                0x20000218                USB_UART_txBufferHead
                0x2000021c                USB_UART_rxBufferInternal
                0x2000029d                USB_UART_rxBufferOverflow
                0x200002a0                . = ALIGN (0x8)
 *fill*         0x2000029e        0x2 
 *(.ram.b)
                0x200002a0                _end = .
                0x200002a0                __end = .
                0x200002a0                PROVIDE (end, .)
                0x200002a0                PROVIDE (__bss_end__, .)
                0x000018f0                __cy_region_init_ram = LOADADDR (.data)
                0x00000080                __cy_region_init_size_ram = (_edata - ADDR (.data))
                0x00000160                __cy_region_zero_size_ram = (_end - _edata)

.heap           0x200002a0      0x1f0 load address 0x00001970
                0x200002a0                . = _end
                0x20000490                . = (. + 0x1f0)
 *fill*         0x200002a0      0x1f0 
                0x20000490                __cy_heap_limit = .

.stack          0x20000c00      0x400
                0x20000c00                __cy_stack_limit = .
                0x20001000                . = (. + 0x400)
 *fill*         0x20000c00      0x400 
                0x00000001                ASSERT ((__cy_stack_limit >= __cy_heap_limit), region RAM overflowed with stack)
                0x00000000                cy_checksum_exclude_size = (CY_APPL_LOADABLE == 0x1)?SIZEOF (.cy_checksum_exclude):0x0
                0x00000001                ASSERT ((cy_checksum_exclude_size <= CY_CHECKSUM_EXCLUDE_SIZE), CY_BOOT: Section .cy_checksum_exclude size exceedes specified limit.)
                0x00007fc0                cyloadermeta_start = (cy_project_type_bootloader || cy_project_type_app_for_stack_and_copier)?(LENGTH (rom) - CY_METADATA_SIZE):0xf0000000

.cyloadermeta
 *(.cyloadermeta)
                0x00007fc0                cyloadablemeta_start = cy_project_type_app_for_stack_and_copier?((LENGTH (rom) - CY_FLASH_ROW_SIZE) - CY_METADATA_SIZE):((LENGTH (rom) - (CY_FLASH_ROW_SIZE * (CY_APPL_NUM - 0x1))) - CY_METADATA_SIZE)

.cyloadablemeta
 *(.cyloadablemeta)

.cyflashprotect
                0x90400000       0x20
 *(.cyflashprotect)
 .cyflashprotect
                0x90400000       0x20 .\CortexM0\ARM_GCC_541\Debug\cymetadata.o
                0x90400000                cy_meta_flashprotect

.cymeta         0x90500000        0xc
 *(.cymeta)
 .cymeta        0x90500000        0xc .\CortexM0\ARM_GCC_541\Debug\cymetadata.o
                0x90500000                cy_metadata

.cychipprotect  0x90600000        0x1
 *(.cychipprotect)
 .cychipprotect
                0x90600000        0x1 .\CortexM0\ARM_GCC_541\Debug\cymetadata.o
                0x90600000                cy_meta_chipprotect

.rel.dyn        0x00001970        0x0 load address 0x90600004
 .rel.iplt      0x00001970        0x0 c:/program files (x86)/cypress/psoc creator/4.1/psoc creator/import/gnu/arm/5.4.1/bin/../lib/gcc/arm-none-eabi/5.4.1/armv6-m/crtbegin.o

.stab
 *(.stab)

.stabstr
 *(.stabstr)

.debug
 *(.debug)

.line
 *(.line)

.debug_srcinfo
 *(.debug_srcinfo)

.debug_sfnames
 *(.debug_sfnames)

.debug_aranges  0x00000000      0x6e8
 *(.debug_aranges)
 .debug_aranges
                0x00000000      0x198 .\CortexM0\ARM_GCC_541\Debug\main.o
 .debug_aranges
                0x00000198       0x38 .\CortexM0\ARM_GCC_541\Debug\usbserialprotocol.o
 .debug_aranges
                0x000001d0       0xa0 .\CortexM0\ARM_GCC_541\Debug\aes.o
 .debug_aranges
                0x00000270       0x40 .\CortexM0\ARM_GCC_541\Debug\cyfitter_cfg.o
 .debug_aranges
                0x000002b0       0x18 .\CortexM0\ARM_GCC_541\Debug\cymetadata.o
 .debug_aranges
                0x000002c8       0x48 .\CortexM0\ARM_GCC_541\Debug\Cm0Start.o
 .debug_aranges
                0x00000310       0x30 .\CortexM0\ARM_GCC_541\Debug\CARD.a(USER_INFO.o)
 .debug_aranges
                0x00000340       0x70 .\CortexM0\ARM_GCC_541\Debug\CARD.a(USB_UART.o)
 .debug_aranges
                0x000003b0       0x60 .\CortexM0\ARM_GCC_541\Debug\CARD.a(USB_UART_SPI_UART.o)
 .debug_aranges
                0x00000410       0x60 .\CortexM0\ARM_GCC_541\Debug\CARD.a(USB_UART_UART.o)
 .debug_aranges
                0x00000470       0x80 .\CortexM0\ARM_GCC_541\Debug\CARD.a(Reset_isr.o)
 .debug_aranges
                0x000004f0       0x48 .\CortexM0\ARM_GCC_541\Debug\CARD.a(SW1.o)
 .debug_aranges
                0x00000538       0x38 .\CortexM0\ARM_GCC_541\Debug\CARD.a(CyFlash.o)
 .debug_aranges
                0x00000570      0x138 .\CortexM0\ARM_GCC_541\Debug\CARD.a(CyLFClk.o)
 .debug_aranges
                0x000006a8       0x20 .\CortexM0\ARM_GCC_541\Debug\CARD.a(CyBootAsmGnu.o)
 .debug_aranges
                0x000006c8       0x20 .\CortexM0\ARM_GCC_541\Debug\CARD.a(USB_UART_SPI_UART_INT.o)

.debug_pubnames
 *(.debug_pubnames)

.debug_info     0x00000000     0x495c
 *(.debug_info .gnu.linkonce.wi.*)
 .debug_info    0x00000000      0xf6d .\CortexM0\ARM_GCC_541\Debug\main.o
 .debug_info    0x00000f6d      0x2f9 .\CortexM0\ARM_GCC_541\Debug\usbserialprotocol.o
 .debug_info    0x00001266      0xa64 .\CortexM0\ARM_GCC_541\Debug\aes.o
 .debug_info    0x00001cca      0x51a .\CortexM0\ARM_GCC_541\Debug\cyfitter_cfg.o
 .debug_info    0x000021e4       0xf8 .\CortexM0\ARM_GCC_541\Debug\cymetadata.o
 .debug_info    0x000022dc      0x39c .\CortexM0\ARM_GCC_541\Debug\Cm0Start.o
 .debug_info    0x00002678      0x1e0 .\CortexM0\ARM_GCC_541\Debug\CARD.a(USER_INFO.o)
 .debug_info    0x00002858      0x2fb .\CortexM0\ARM_GCC_541\Debug\CARD.a(USB_UART.o)
 .debug_info    0x00002b53      0x372 .\CortexM0\ARM_GCC_541\Debug\CARD.a(USB_UART_SPI_UART.o)
 .debug_info    0x00002ec5      0x3b1 .\CortexM0\ARM_GCC_541\Debug\CARD.a(USB_UART_UART.o)
 .debug_info    0x00003276      0x305 .\CortexM0\ARM_GCC_541\Debug\CARD.a(Reset_isr.o)
 .debug_info    0x0000357b      0x19d .\CortexM0\ARM_GCC_541\Debug\CARD.a(SW1.o)
 .debug_info    0x00003718      0x33d .\CortexM0\ARM_GCC_541\Debug\CARD.a(CyFlash.o)
 .debug_info    0x00003a55      0xcfe .\CortexM0\ARM_GCC_541\Debug\CARD.a(CyLFClk.o)
 .debug_info    0x00004753       0x83 .\CortexM0\ARM_GCC_541\Debug\CARD.a(CyBootAsmGnu.o)
 .debug_info    0x000047d6      0x186 .\CortexM0\ARM_GCC_541\Debug\CARD.a(USB_UART_SPI_UART_INT.o)

.debug_abbrev   0x00000000     0x1510
 *(.debug_abbrev)
 .debug_abbrev  0x00000000      0x27a .\CortexM0\ARM_GCC_541\Debug\main.o
 .debug_abbrev  0x0000027a      0x127 .\CortexM0\ARM_GCC_541\Debug\usbserialprotocol.o
 .debug_abbrev  0x000003a1      0x1e5 .\CortexM0\ARM_GCC_541\Debug\aes.o
 .debug_abbrev  0x00000586      0x1d4 .\CortexM0\ARM_GCC_541\Debug\cyfitter_cfg.o
 .debug_abbrev  0x0000075a       0x5d .\CortexM0\ARM_GCC_541\Debug\cymetadata.o
 .debug_abbrev  0x000007b7      0x1d7 .\CortexM0\ARM_GCC_541\Debug\Cm0Start.o
 .debug_abbrev  0x0000098e       0xf8 .\CortexM0\ARM_GCC_541\Debug\CARD.a(USER_INFO.o)
 .debug_abbrev  0x00000a86      0x130 .\CortexM0\ARM_GCC_541\Debug\CARD.a(USB_UART.o)
 .debug_abbrev  0x00000bb6      0x168 .\CortexM0\ARM_GCC_541\Debug\CARD.a(USB_UART_SPI_UART.o)
 .debug_abbrev  0x00000d1e      0x136 .\CortexM0\ARM_GCC_541\Debug\CARD.a(USB_UART_UART.o)
 .debug_abbrev  0x00000e54      0x19a .\CortexM0\ARM_GCC_541\Debug\CARD.a(Reset_isr.o)
 .debug_abbrev  0x00000fee       0xc8 .\CortexM0\ARM_GCC_541\Debug\CARD.a(SW1.o)
 .debug_abbrev  0x000010b6      0x19c .\CortexM0\ARM_GCC_541\Debug\CARD.a(CyFlash.o)
 .debug_abbrev  0x00001252      0x210 .\CortexM0\ARM_GCC_541\Debug\CARD.a(CyLFClk.o)
 .debug_abbrev  0x00001462       0x14 .\CortexM0\ARM_GCC_541\Debug\CARD.a(CyBootAsmGnu.o)
 .debug_abbrev  0x00001476       0x9a .\CortexM0\ARM_GCC_541\Debug\CARD.a(USB_UART_SPI_UART_INT.o)

.debug_line     0x00000000     0x1f66
 *(.debug_line)
 .debug_line    0x00000000      0x687 .\CortexM0\ARM_GCC_541\Debug\main.o
 .debug_line    0x00000687      0x15a .\CortexM0\ARM_GCC_541\Debug\usbserialprotocol.o
 .debug_line    0x000007e1      0x444 .\CortexM0\ARM_GCC_541\Debug\aes.o
 .debug_line    0x00000c25      0x19f .\CortexM0\ARM_GCC_541\Debug\cyfitter_cfg.o
 .debug_line    0x00000dc4      0x141 .\CortexM0\ARM_GCC_541\Debug\cymetadata.o
 .debug_line    0x00000f05      0x235 .\CortexM0\ARM_GCC_541\Debug\Cm0Start.o
 .debug_line    0x0000113a       0xcd .\CortexM0\ARM_GCC_541\Debug\CARD.a(USER_INFO.o)
 .debug_line    0x00001207      0x163 .\CortexM0\ARM_GCC_541\Debug\CARD.a(USB_UART.o)
 .debug_line    0x0000136a      0x156 .\CortexM0\ARM_GCC_541\Debug\CARD.a(USB_UART_SPI_UART.o)
 .debug_line    0x000014c0      0x184 .\CortexM0\ARM_GCC_541\Debug\CARD.a(USB_UART_UART.o)
 .debug_line    0x00001644      0x151 .\CortexM0\ARM_GCC_541\Debug\CARD.a(Reset_isr.o)
 .debug_line    0x00001795       0xbb .\CortexM0\ARM_GCC_541\Debug\CARD.a(SW1.o)
 .debug_line    0x00001850      0x18d .\CortexM0\ARM_GCC_541\Debug\CARD.a(CyFlash.o)
 .debug_line    0x000019dd      0x466 .\CortexM0\ARM_GCC_541\Debug\CARD.a(CyLFClk.o)
 .debug_line    0x00001e43       0x69 .\CortexM0\ARM_GCC_541\Debug\CARD.a(CyBootAsmGnu.o)
 .debug_line    0x00001eac       0xba .\CortexM0\ARM_GCC_541\Debug\CARD.a(USB_UART_SPI_UART_INT.o)

.debug_frame    0x00000000     0x1240
 *(.debug_frame)
 .debug_frame   0x00000000      0x438 .\CortexM0\ARM_GCC_541\Debug\main.o
 .debug_frame   0x00000438       0x90 .\CortexM0\ARM_GCC_541\Debug\usbserialprotocol.o
 .debug_frame   0x000004c8      0x230 .\CortexM0\ARM_GCC_541\Debug\aes.o
 .debug_frame   0x000006f8       0xac .\CortexM0\ARM_GCC_541\Debug\cyfitter_cfg.o
 .debug_frame   0x000007a4       0xbc .\CortexM0\ARM_GCC_541\Debug\Cm0Start.o
 .debug_frame   0x00000860       0x60 .\CortexM0\ARM_GCC_541\Debug\CARD.a(USER_INFO.o)
 .debug_frame   0x000008c0      0x114 .\CortexM0\ARM_GCC_541\Debug\CARD.a(USB_UART.o)
 .debug_frame   0x000009d4       0xc8 .\CortexM0\ARM_GCC_541\Debug\CARD.a(USB_UART_SPI_UART.o)
 .debug_frame   0x00000a9c       0xe0 .\CortexM0\ARM_GCC_541\Debug\CARD.a(USB_UART_UART.o)
 .debug_frame   0x00000b7c      0x110 .\CortexM0\ARM_GCC_541\Debug\CARD.a(Reset_isr.o)
 .debug_frame   0x00000c8c       0x70 .\CortexM0\ARM_GCC_541\Debug\CARD.a(SW1.o)
 .debug_frame   0x00000cfc       0x74 .\CortexM0\ARM_GCC_541\Debug\CARD.a(CyFlash.o)
 .debug_frame   0x00000d70      0x3a8 .\CortexM0\ARM_GCC_541\Debug\CARD.a(CyLFClk.o)
 .debug_frame   0x00001118       0x2c .\CortexM0\ARM_GCC_541\Debug\CARD.a(USB_UART_SPI_UART_INT.o)
 .debug_frame   0x00001144       0x20 c:/program files (x86)/cypress/psoc creator/4.1/psoc creator/import/gnu/arm/5.4.1/bin/../lib/gcc/arm-none-eabi/5.4.1/armv6-m\libgcc.a(_udivsi3.o)
 .debug_frame   0x00001164       0x20 c:/program files (x86)/cypress/psoc creator/4.1/psoc creator/import/gnu/arm/5.4.1/bin/../lib/gcc/arm-none-eabi/5.4.1/../../../../arm-none-eabi/lib/armv6-m\libg_nano.a(lib_a-errno.o)
 .debug_frame   0x00001184       0x28 c:/program files (x86)/cypress/psoc creator/4.1/psoc creator/import/gnu/arm/5.4.1/bin/../lib/gcc/arm-none-eabi/5.4.1/../../../../arm-none-eabi/lib/armv6-m\libg_nano.a(lib_a-exit.o)
 .debug_frame   0x000011ac       0x2c c:/program files (x86)/cypress/psoc creator/4.1/psoc creator/import/gnu/arm/5.4.1/bin/../lib/gcc/arm-none-eabi/5.4.1/../../../../arm-none-eabi/lib/armv6-m\libg_nano.a(lib_a-init.o)
 .debug_frame   0x000011d8       0x28 c:/program files (x86)/cypress/psoc creator/4.1/psoc creator/import/gnu/arm/5.4.1/bin/../lib/gcc/arm-none-eabi/5.4.1/../../../../arm-none-eabi/lib/armv6-m\libg_nano.a(lib_a-memcpy-stub.o)
 .debug_frame   0x00001200       0x20 c:/program files (x86)/cypress/psoc creator/4.1/psoc creator/import/gnu/arm/5.4.1/bin/../lib/gcc/arm-none-eabi/5.4.1/../../../../arm-none-eabi/lib/armv6-m\libg_nano.a(lib_a-memset.o)
 .debug_frame   0x00001220       0x20 c:/program files (x86)/cypress/psoc creator/4.1/psoc creator/import/gnu/arm/5.4.1/bin/../lib/gcc/arm-none-eabi/5.4.1/../../../../arm-none-eabi/lib/armv6-m\libg_nano.a(lib_a-strcmp.o)

.debug_str      0x00000000     0x18ac
 *(.debug_str)
 .debug_str     0x00000000      0x75a .\CortexM0\ARM_GCC_541\Debug\main.o
                                0x7b3 (size before relaxing)
 .debug_str     0x0000075a       0x85 .\CortexM0\ARM_GCC_541\Debug\usbserialprotocol.o
                                0x240 (size before relaxing)
 .debug_str     0x000007df       0xdc .\CortexM0\ARM_GCC_541\Debug\aes.o
                                0x2d6 (size before relaxing)
 .debug_str     0x000008bb      0x133 .\CortexM0\ARM_GCC_541\Debug\cyfitter_cfg.o
                                0x327 (size before relaxing)
 .debug_str     0x000009ee       0x59 .\CortexM0\ARM_GCC_541\Debug\cymetadata.o
                                0x1bb (size before relaxing)
 .debug_str     0x00000a47      0x126 .\CortexM0\ARM_GCC_541\Debug\Cm0Start.o
                                0x2f4 (size before relaxing)
 .debug_str     0x00000b6d       0xa9 .\CortexM0\ARM_GCC_541\Debug\CARD.a(USER_INFO.o)
                                0x249 (size before relaxing)
 .debug_str     0x00000c16      0x1a5 .\CortexM0\ARM_GCC_541\Debug\CARD.a(USB_UART.o)
                                0x367 (size before relaxing)
 .debug_str     0x00000dbb      0x1d7 .\CortexM0\ARM_GCC_541\Debug\CARD.a(USB_UART_SPI_UART.o)
                                0x3b8 (size before relaxing)
 .debug_str     0x00000f92       0xe0 .\CortexM0\ARM_GCC_541\Debug\CARD.a(USB_UART_UART.o)
                                0x3de (size before relaxing)
 .debug_str     0x00001072      0x11b .\CortexM0\ARM_GCC_541\Debug\CARD.a(Reset_isr.o)
                                0x315 (size before relaxing)
 .debug_str     0x0000118d       0x8f .\CortexM0\ARM_GCC_541\Debug\CARD.a(SW1.o)
                                0x21b (size before relaxing)
 .debug_str     0x0000121c      0x12e .\CortexM0\ARM_GCC_541\Debug\CARD.a(CyFlash.o)
                                0x321 (size before relaxing)
 .debug_str     0x0000134a      0x51d .\CortexM0\ARM_GCC_541\Debug\CARD.a(CyLFClk.o)
                                0x730 (size before relaxing)
 .debug_str     0x00001867       0x45 .\CortexM0\ARM_GCC_541\Debug\CARD.a(USB_UART_SPI_UART_INT.o)
                                0x2a4 (size before relaxing)

.debug_loc      0x00000000     0x2410
 *(.debug_loc)
 .debug_loc     0x00000000      0x5cb .\CortexM0\ARM_GCC_541\Debug\main.o
 .debug_loc     0x000005cb      0x10d .\CortexM0\ARM_GCC_541\Debug\usbserialprotocol.o
 .debug_loc     0x000006d8      0x782 .\CortexM0\ARM_GCC_541\Debug\aes.o
 .debug_loc     0x00000e5a      0x1fe .\CortexM0\ARM_GCC_541\Debug\cyfitter_cfg.o
 .debug_loc     0x00001058      0x14f .\CortexM0\ARM_GCC_541\Debug\Cm0Start.o
 .debug_loc     0x000011a7      0x1c2 .\CortexM0\ARM_GCC_541\Debug\CARD.a(USER_INFO.o)
 .debug_loc     0x00001369       0x7e .\CortexM0\ARM_GCC_541\Debug\CARD.a(USB_UART.o)
 .debug_loc     0x000013e7      0x170 .\CortexM0\ARM_GCC_541\Debug\CARD.a(USB_UART_SPI_UART.o)
 .debug_loc     0x00001557      0x184 .\CortexM0\ARM_GCC_541\Debug\CARD.a(USB_UART_UART.o)
 .debug_loc     0x000016db       0x82 .\CortexM0\ARM_GCC_541\Debug\CARD.a(Reset_isr.o)
 .debug_loc     0x0000175d       0xa2 .\CortexM0\ARM_GCC_541\Debug\CARD.a(SW1.o)
 .debug_loc     0x000017ff      0x21f .\CortexM0\ARM_GCC_541\Debug\CARD.a(CyFlash.o)
 .debug_loc     0x00001a1e      0x9b5 .\CortexM0\ARM_GCC_541\Debug\CARD.a(CyLFClk.o)
 .debug_loc     0x000023d3       0x3d .\CortexM0\ARM_GCC_541\Debug\CARD.a(USB_UART_SPI_UART_INT.o)

.debug_macinfo
 *(.debug_macinfo)

.debug_ranges   0x00000000      0x5d0
 *(.debug_ranges)
 .debug_ranges  0x00000000      0x188 .\CortexM0\ARM_GCC_541\Debug\main.o
 .debug_ranges  0x00000188       0x28 .\CortexM0\ARM_GCC_541\Debug\usbserialprotocol.o
 .debug_ranges  0x000001b0       0x90 .\CortexM0\ARM_GCC_541\Debug\aes.o
 .debug_ranges  0x00000240       0x30 .\CortexM0\ARM_GCC_541\Debug\cyfitter_cfg.o
 .debug_ranges  0x00000270       0x38 .\CortexM0\ARM_GCC_541\Debug\Cm0Start.o
 .debug_ranges  0x000002a8       0x20 .\CortexM0\ARM_GCC_541\Debug\CARD.a(USER_INFO.o)
 .debug_ranges  0x000002c8       0x60 .\CortexM0\ARM_GCC_541\Debug\CARD.a(USB_UART.o)
 .debug_ranges  0x00000328       0x50 .\CortexM0\ARM_GCC_541\Debug\CARD.a(USB_UART_SPI_UART.o)
 .debug_ranges  0x00000378       0x50 .\CortexM0\ARM_GCC_541\Debug\CARD.a(USB_UART_UART.o)
 .debug_ranges  0x000003c8       0x70 .\CortexM0\ARM_GCC_541\Debug\CARD.a(Reset_isr.o)
 .debug_ranges  0x00000438       0x38 .\CortexM0\ARM_GCC_541\Debug\CARD.a(SW1.o)
 .debug_ranges  0x00000470       0x28 .\CortexM0\ARM_GCC_541\Debug\CARD.a(CyFlash.o)
 .debug_ranges  0x00000498      0x128 .\CortexM0\ARM_GCC_541\Debug\CARD.a(CyLFClk.o)
 .debug_ranges  0x000005c0       0x10 .\CortexM0\ARM_GCC_541\Debug\CARD.a(USB_UART_SPI_UART_INT.o)

.comment        0x00000000       0x6e
 .comment       0x00000000       0x6e .\CortexM0\ARM_GCC_541\Debug\main.o
                                 0x6f (size before relaxing)
 .comment       0x0000006e       0x6f .\CortexM0\ARM_GCC_541\Debug\usbserialprotocol.o
 .comment       0x0000006e       0x6f .\CortexM0\ARM_GCC_541\Debug\aes.o
 .comment       0x0000006e       0x6f .\CortexM0\ARM_GCC_541\Debug\cyfitter_cfg.o
 .comment       0x0000006e       0x6f .\CortexM0\ARM_GCC_541\Debug\cymetadata.o
 .comment       0x0000006e       0x6f .\CortexM0\ARM_GCC_541\Debug\Cm0Start.o
 .comment       0x0000006e       0x6f .\CortexM0\ARM_GCC_541\Debug\CARD.a(USER_INFO.o)
 .comment       0x0000006e       0x6f .\CortexM0\ARM_GCC_541\Debug\CARD.a(USB_UART.o)
 .comment       0x0000006e       0x6f .\CortexM0\ARM_GCC_541\Debug\CARD.a(USB_UART_SPI_UART.o)
 .comment       0x0000006e       0x6f .\CortexM0\ARM_GCC_541\Debug\CARD.a(USB_UART_UART.o)
 .comment       0x0000006e       0x6f .\CortexM0\ARM_GCC_541\Debug\CARD.a(Reset_isr.o)
 .comment       0x0000006e       0x6f .\CortexM0\ARM_GCC_541\Debug\CARD.a(SW1.o)
 .comment       0x0000006e       0x6f .\CortexM0\ARM_GCC_541\Debug\CARD.a(CyFlash.o)
 .comment       0x0000006e       0x6f .\CortexM0\ARM_GCC_541\Debug\CARD.a(CyLFClk.o)
 .comment       0x0000006e       0x6f .\CortexM0\ARM_GCC_541\Debug\CARD.a(USB_UART_SPI_UART_INT.o)

.debug_weaknames
 *(.debug_weaknames)

.debug_funcnames
 *(.debug_funcnames)

.debug_typenames
 *(.debug_typenames)

.debug_varnames
 *(.debug_varnames)

.note.gnu.arm.ident
 *(.note.gnu.arm.ident)

.ARM.attributes
                0x00000000       0x28
 *(.ARM.attributes)
 .ARM.attributes
                0x00000000       0x1e c:/program files (x86)/cypress/psoc creator/4.1/psoc creator/import/gnu/arm/5.4.1/bin/../lib/gcc/arm-none-eabi/5.4.1/armv6-m/crti.o
 .ARM.attributes
                0x0000001e       0x2c c:/program files (x86)/cypress/psoc creator/4.1/psoc creator/import/gnu/arm/5.4.1/bin/../lib/gcc/arm-none-eabi/5.4.1/armv6-m/crtbegin.o
 .ARM.attributes
                0x0000004a       0x1b c:/program files (x86)/cypress/psoc creator/4.1/psoc creator/import/gnu/arm/5.4.1/bin/../lib/gcc/arm-none-eabi/5.4.1/../../../../arm-none-eabi/lib/armv6-m/crt0.o
 .ARM.attributes
                0x00000065       0x31 .\CortexM0\ARM_GCC_541\Debug\main.o
 .ARM.attributes
                0x00000096       0x31 .\CortexM0\ARM_GCC_541\Debug\usbserialprotocol.o
 .ARM.attributes
                0x000000c7       0x31 .\CortexM0\ARM_GCC_541\Debug\aes.o
 .ARM.attributes
                0x000000f8       0x31 .\CortexM0\ARM_GCC_541\Debug\cyfitter_cfg.o
 .ARM.attributes
                0x00000129       0x31 .\CortexM0\ARM_GCC_541\Debug\cymetadata.o
 .ARM.attributes
                0x0000015a       0x31 .\CortexM0\ARM_GCC_541\Debug\Cm0Start.o
 .ARM.attributes
                0x0000018b       0x31 .\CortexM0\ARM_GCC_541\Debug\CARD.a(USER_INFO.o)
 .ARM.attributes
                0x000001bc       0x31 .\CortexM0\ARM_GCC_541\Debug\CARD.a(USB_UART.o)
 .ARM.attributes
                0x000001ed       0x31 .\CortexM0\ARM_GCC_541\Debug\CARD.a(USB_UART_SPI_UART.o)
 .ARM.attributes
                0x0000021e       0x31 .\CortexM0\ARM_GCC_541\Debug\CARD.a(USB_UART_UART.o)
 .ARM.attributes
                0x0000024f       0x31 .\CortexM0\ARM_GCC_541\Debug\CARD.a(Reset_isr.o)
 .ARM.attributes
                0x00000280       0x31 .\CortexM0\ARM_GCC_541\Debug\CARD.a(SW1.o)
 .ARM.attributes
                0x000002b1       0x31 .\CortexM0\ARM_GCC_541\Debug\CARD.a(CyFlash.o)
 .ARM.attributes
                0x000002e2       0x31 .\CortexM0\ARM_GCC_541\Debug\CARD.a(CyLFClk.o)
 .ARM.attributes
                0x00000313       0x21 .\CortexM0\ARM_GCC_541\Debug\CARD.a(CyBootAsmGnu.o)
 .ARM.attributes
                0x00000334       0x31 .\CortexM0\ARM_GCC_541\Debug\CARD.a(USB_UART_SPI_UART_INT.o)
 .ARM.attributes
                0x00000365       0x1e c:/program files (x86)/cypress/psoc creator/4.1/psoc creator/import/gnu/arm/5.4.1/bin/../lib/gcc/arm-none-eabi/5.4.1/armv6-m\libgcc.a(_udivsi3.o)
 .ARM.attributes
                0x00000383       0x1e c:/program files (x86)/cypress/psoc creator/4.1/psoc creator/import/gnu/arm/5.4.1/bin/../lib/gcc/arm-none-eabi/5.4.1/armv6-m\libgcc.a(_dvmd_tls.o)
 .ARM.attributes
                0x000003a1       0x2c c:/program files (x86)/cypress/psoc creator/4.1/psoc creator/import/gnu/arm/5.4.1/bin/../lib/gcc/arm-none-eabi/5.4.1/../../../../arm-none-eabi/lib/armv6-m\libg_nano.a(lib_a-errno.o)
 .ARM.attributes
                0x000003cd       0x2c c:/program files (x86)/cypress/psoc creator/4.1/psoc creator/import/gnu/arm/5.4.1/bin/../lib/gcc/arm-none-eabi/5.4.1/../../../../arm-none-eabi/lib/armv6-m\libg_nano.a(lib_a-exit.o)
 .ARM.attributes
                0x000003f9       0x2c c:/program files (x86)/cypress/psoc creator/4.1/psoc creator/import/gnu/arm/5.4.1/bin/../lib/gcc/arm-none-eabi/5.4.1/../../../../arm-none-eabi/lib/armv6-m\libg_nano.a(lib_a-impure.o)
 .ARM.attributes
                0x00000425       0x2c c:/program files (x86)/cypress/psoc creator/4.1/psoc creator/import/gnu/arm/5.4.1/bin/../lib/gcc/arm-none-eabi/5.4.1/../../../../arm-none-eabi/lib/armv6-m\libg_nano.a(lib_a-init.o)
 .ARM.attributes
                0x00000451       0x2c c:/program files (x86)/cypress/psoc creator/4.1/psoc creator/import/gnu/arm/5.4.1/bin/../lib/gcc/arm-none-eabi/5.4.1/../../../../arm-none-eabi/lib/armv6-m\libg_nano.a(lib_a-memcpy-stub.o)
 .ARM.attributes
                0x0000047d       0x2c c:/program files (x86)/cypress/psoc creator/4.1/psoc creator/import/gnu/arm/5.4.1/bin/../lib/gcc/arm-none-eabi/5.4.1/../../../../arm-none-eabi/lib/armv6-m\libg_nano.a(lib_a-memset.o)
 .ARM.attributes
                0x000004a9       0x1c c:/program files (x86)/cypress/psoc creator/4.1/psoc creator/import/gnu/arm/5.4.1/bin/../lib/gcc/arm-none-eabi/5.4.1/../../../../arm-none-eabi/lib/armv6-m\libg_nano.a(lib_a-strcmp.o)
 .ARM.attributes
                0x000004c5       0x1c c:/program files (x86)/cypress/psoc creator/4.1/psoc creator/import/gnu/arm/5.4.1/bin/../lib/gcc/arm-none-eabi/5.4.1/../../../../arm-none-eabi/lib/armv6-m\libg_nano.a(lib_a-strlen.o)
 .ARM.attributes
                0x000004e1       0x2c c:/program files (x86)/cypress/psoc creator/4.1/psoc creator/import/gnu/arm/5.4.1/bin/../lib/gcc/arm-none-eabi/5.4.1/armv6-m/crtend.o
 .ARM.attributes
                0x0000050d       0x1e c:/program files (x86)/cypress/psoc creator/4.1/psoc creator/import/gnu/arm/5.4.1/bin/../lib/gcc/arm-none-eabi/5.4.1/armv6-m/crtn.o

/DISCARD/
 *(.note.GNU-stack)
OUTPUT(C:\Users\Nighdragon\Documents\GitHub\ectf\CARD.cydsn\CortexM0\ARM_GCC_541\Debug\CARD.elf elf32-littlearm)
